Component: ARM Compiler 5.05 update 1 (build 106) Tool: armlink [4d0efa]

==============================================================================

Section Cross References

    startup_stm32f429_439xx.o(RESET) refers to startup_stm32f429_439xx.o(STACK) for __initial_sp
    startup_stm32f429_439xx.o(RESET) refers to startup_stm32f429_439xx.o(.text) for Reset_Handler
    startup_stm32f429_439xx.o(RESET) refers to stm32f4xx_it.o(i.NMI_Handler) for NMI_Handler
    startup_stm32f429_439xx.o(RESET) refers to stm32f4xx_it.o(i.HardFault_Handler) for HardFault_Handler
    startup_stm32f429_439xx.o(RESET) refers to stm32f4xx_it.o(i.MemManage_Handler) for MemManage_Handler
    startup_stm32f429_439xx.o(RESET) refers to stm32f4xx_it.o(i.BusFault_Handler) for BusFault_Handler
    startup_stm32f429_439xx.o(RESET) refers to stm32f4xx_it.o(i.UsageFault_Handler) for UsageFault_Handler
    startup_stm32f429_439xx.o(RESET) refers to stm32f4xx_it.o(i.SVC_Handler) for SVC_Handler
    startup_stm32f429_439xx.o(RESET) refers to stm32f4xx_it.o(i.DebugMon_Handler) for DebugMon_Handler
    startup_stm32f429_439xx.o(RESET) refers to os_cpu_a.o(CODE) for OS_CPU_PendSVHandler
    startup_stm32f429_439xx.o(RESET) refers to os_cpu_c.o(i.OS_CPU_SysTickHandler) for OS_CPU_SysTickHandler
    startup_stm32f429_439xx.o(RESET) refers to bsp_enc28j60.o(i.EXTI15_10_IRQHandler) for EXTI15_10_IRQHandler
    startup_stm32f429_439xx.o(.text) refers to system_stm32f4xx.o(i.SystemInit) for SystemInit
    startup_stm32f429_439xx.o(.text) refers to entry.o(.ARM.Collect$$$$00000000) for __main
    system_stm32f4xx.o(i.SystemCoreClockUpdate) refers to system_stm32f4xx.o(.data) for SystemCoreClock
    system_stm32f4xx.o(i.SystemInit) refers to system_stm32f4xx.o(i.SetSysClock) for SetSysClock
    stm32f4xx_adc.o(i.ADC_DeInit) refers to stm32f4xx_rcc.o(i.RCC_APB2PeriphResetCmd) for RCC_APB2PeriphResetCmd
    stm32f4xx_can.o(i.CAN_DeInit) refers to stm32f4xx_rcc.o(i.RCC_APB1PeriphResetCmd) for RCC_APB1PeriphResetCmd
    stm32f4xx_can.o(i.CAN_GetITStatus) refers to stm32f4xx_can.o(i.CheckITStatus) for CheckITStatus
    stm32f4xx_cryp.o(i.CRYP_DeInit) refers to stm32f4xx_rcc.o(i.RCC_AHB2PeriphResetCmd) for RCC_AHB2PeriphResetCmd
    stm32f4xx_cryp_aes.o(i.CRYP_AES_CBC) refers to stm32f4xx_cryp.o(i.CRYP_KeyStructInit) for CRYP_KeyStructInit
    stm32f4xx_cryp_aes.o(i.CRYP_AES_CBC) refers to stm32f4xx_cryp.o(i.CRYP_FIFOFlush) for CRYP_FIFOFlush
    stm32f4xx_cryp_aes.o(i.CRYP_AES_CBC) refers to stm32f4xx_cryp.o(i.CRYP_Init) for CRYP_Init
    stm32f4xx_cryp_aes.o(i.CRYP_AES_CBC) refers to stm32f4xx_cryp.o(i.CRYP_KeyInit) for CRYP_KeyInit
    stm32f4xx_cryp_aes.o(i.CRYP_AES_CBC) refers to stm32f4xx_cryp.o(i.CRYP_Cmd) for CRYP_Cmd
    stm32f4xx_cryp_aes.o(i.CRYP_AES_CBC) refers to stm32f4xx_cryp.o(i.CRYP_GetFlagStatus) for CRYP_GetFlagStatus
    stm32f4xx_cryp_aes.o(i.CRYP_AES_CBC) refers to stm32f4xx_cryp.o(i.CRYP_IVInit) for CRYP_IVInit
    stm32f4xx_cryp_aes.o(i.CRYP_AES_CBC) refers to stm32f4xx_cryp.o(i.CRYP_GetCmdStatus) for CRYP_GetCmdStatus
    stm32f4xx_cryp_aes.o(i.CRYP_AES_CBC) refers to stm32f4xx_cryp.o(i.CRYP_DataIn) for CRYP_DataIn
    stm32f4xx_cryp_aes.o(i.CRYP_AES_CBC) refers to stm32f4xx_cryp.o(i.CRYP_DataOut) for CRYP_DataOut
    stm32f4xx_cryp_aes.o(i.CRYP_AES_CCM) refers to stm32f4xx_cryp.o(i.CRYP_KeyStructInit) for CRYP_KeyStructInit
    stm32f4xx_cryp_aes.o(i.CRYP_AES_CCM) refers to stm32f4xx_cryp.o(i.CRYP_FIFOFlush) for CRYP_FIFOFlush
    stm32f4xx_cryp_aes.o(i.CRYP_AES_CCM) refers to stm32f4xx_cryp.o(i.CRYP_KeyInit) for CRYP_KeyInit
    stm32f4xx_cryp_aes.o(i.CRYP_AES_CCM) refers to stm32f4xx_cryp.o(i.CRYP_IVInit) for CRYP_IVInit
    stm32f4xx_cryp_aes.o(i.CRYP_AES_CCM) refers to stm32f4xx_cryp.o(i.CRYP_Init) for CRYP_Init
    stm32f4xx_cryp_aes.o(i.CRYP_AES_CCM) refers to stm32f4xx_cryp.o(i.CRYP_PhaseConfig) for CRYP_PhaseConfig
    stm32f4xx_cryp_aes.o(i.CRYP_AES_CCM) refers to stm32f4xx_cryp.o(i.CRYP_DataIn) for CRYP_DataIn
    stm32f4xx_cryp_aes.o(i.CRYP_AES_CCM) refers to stm32f4xx_cryp.o(i.CRYP_Cmd) for CRYP_Cmd
    stm32f4xx_cryp_aes.o(i.CRYP_AES_CCM) refers to stm32f4xx_cryp.o(i.CRYP_GetCmdStatus) for CRYP_GetCmdStatus
    stm32f4xx_cryp_aes.o(i.CRYP_AES_CCM) refers to stm32f4xx_cryp.o(i.CRYP_GetFlagStatus) for CRYP_GetFlagStatus
    stm32f4xx_cryp_aes.o(i.CRYP_AES_CCM) refers to stm32f4xx_cryp.o(i.CRYP_DataOut) for CRYP_DataOut
    stm32f4xx_cryp_aes.o(i.CRYP_AES_CTR) refers to stm32f4xx_cryp.o(i.CRYP_KeyStructInit) for CRYP_KeyStructInit
    stm32f4xx_cryp_aes.o(i.CRYP_AES_CTR) refers to stm32f4xx_cryp.o(i.CRYP_KeyInit) for CRYP_KeyInit
    stm32f4xx_cryp_aes.o(i.CRYP_AES_CTR) refers to stm32f4xx_cryp.o(i.CRYP_Init) for CRYP_Init
    stm32f4xx_cryp_aes.o(i.CRYP_AES_CTR) refers to stm32f4xx_cryp.o(i.CRYP_IVInit) for CRYP_IVInit
    stm32f4xx_cryp_aes.o(i.CRYP_AES_CTR) refers to stm32f4xx_cryp.o(i.CRYP_FIFOFlush) for CRYP_FIFOFlush
[...]
    i.OS_TickListInsertDly                   0x08003fe4   Section        0  os_tick.o(i.OS_TickListInsertDly)
    i.OS_TickListRemove                      0x080040a0   Section        0  os_tick.o(i.OS_TickListRemove)
    i.OS_TickListResetPeak                   0x080040f8   Section        0  os_tick.o(i.OS_TickListResetPeak)
    i.OS_TickListUpdateDly                   0x080040fc   Section        0  os_tick.o(i.OS_TickListUpdateDly)
    OS_TickListUpdateDly                     0x080040fd   Thumb Code   146  os_tick.o(i.OS_TickListUpdateDly)
    i.OS_TickListUpdateTimeout               0x08004194   Section        0  os_tick.o(i.OS_TickListUpdateTimeout)
    OS_TickListUpdateTimeout                 0x08004195   Thumb Code   272  os_tick.o(i.OS_TickListUpdateTimeout)
    i.OS_TickTask                            0x080042a8   Section        0  os_tick.o(i.OS_TickTask)
    i.OS_TickTaskInit                        0x0800430c   Section        0  os_tick.o(i.OS_TickTaskInit)
    i.OS_TmrDbgListAdd                       0x080043d4   Section        0  os_tmr.o(i.OS_TmrDbgListAdd)
    i.OS_TmrInit                             0x080043fc   Section        0  os_tmr.o(i.OS_TmrInit)
    i.OS_TmrLock                             0x08004530   Section        0  os_tmr.o(i.OS_TmrLock)
    OS_TmrLock                               0x08004531   Thumb Code    20  os_tmr.o(i.OS_TmrLock)
    i.OS_TmrResetPeak                        0x08004548   Section        0  os_tmr.o(i.OS_TmrResetPeak)
    i.OS_TmrTask                             0x0800454c   Section        0  os_tmr.o(i.OS_TmrTask)
    i.OS_TmrUnlink                           0x080045e0   Section        0  os_tmr.o(i.OS_TmrUnlink)
    i.OS_TmrUnlock                           0x08004624   Section        0  os_tmr.o(i.OS_TmrUnlock)
    OS_TmrUnlock                             0x08004625   Thumb Code    14  os_tmr.o(i.OS_TmrUnlock)
    i.RCC_AHB1PeriphClockCmd                 0x08004638   Section        0  stm32f4xx_rcc.o(i.RCC_AHB1PeriphClockCmd)
    i.RCC_AHB3PeriphClockCmd                 0x08004658   Section        0  stm32f4xx_rcc.o(i.RCC_AHB3PeriphClockCmd)
    i.RCC_APB2PeriphClockCmd                 0x08004678   Section        0  stm32f4xx_rcc.o(i.RCC_APB2PeriphClockCmd)
    i.RCC_GetClocksFreq                      0x08004698   Section        0  stm32f4xx_rcc.o(i.RCC_GetClocksFreq)
    i.SDRAM_GPIO_Config                      0x08004780   Section        0  bsp_sdram.o(i.SDRAM_GPIO_Config)
    SDRAM_GPIO_Config                        0x08004781   Thumb Code   908  bsp_sdram.o(i.SDRAM_GPIO_Config)
    i.SDRAM_Init                             0x08004b24   Section        0  bsp_sdram.o(i.SDRAM_Init)
    i.SDRAM_InitSequence                     0x08004b94   Section        0  bsp_sdram.o(i.SDRAM_InitSequence)
    SDRAM_InitSequence                       0x08004b95   Thumb Code   176  bsp_sdram.o(i.SDRAM_InitSequence)
    i.SDRAM_delay                            0x08004c44   Section        0  bsp_sdram.o(i.SDRAM_delay)
    SDRAM_delay                              0x08004c45   Thumb Code    32  bsp_sdram.o(i.SDRAM_delay)
    i.SPI_Cmd                                0x08004c68   Section        0  stm32f4xx_spi.o(i.SPI_Cmd)
    i.SPI_FLASH_Init                         0x08004c80   Section        0  bsp_spi_flash.o(i.SPI_FLASH_Init)
    i.SPI_I2S_GetFlagStatus                  0x08004d5c   Section        0  stm32f4xx_spi.o(i.SPI_I2S_GetFlagStatus)
    i.SPI_I2S_ReceiveData                    0x08004d6e   Section        0  stm32f4xx_spi.o(i.SPI_I2S_ReceiveData)
    i.SPI_I2S_SendData                       0x08004d74   Section        0  stm32f4xx_spi.o(i.SPI_I2S_SendData)
    i.SPI_Init                               0x08004d78   Section        0  stm32f4xx_spi.o(i.SPI_Init)
    i.SPI_NETWORK_Init                       0x08004db4   Section        0  bsp_enc28j60.o(i.SPI_NETWORK_Init)
    i.SPI_NETWORK_SendByte                   0x08004f9c   Section        0  bsp_enc28j60.o(i.SPI_NETWORK_SendByte)
    i.SVC_Handler                            0x08005008   Section        0  stm32f4xx_it.o(i.SVC_Handler)
    i.SYSCFG_EXTILineConfig                  0x0800500c   Section        0  stm32f4xx_syscfg.o(i.SYSCFG_EXTILineConfig)
    i.SetSysClock                            0x0800504c   Section        0  system_stm32f4xx.o(i.SetSysClock)
    SetSysClock                              0x0800504d   Thumb Code   272  system_stm32f4xx.o(i.SetSysClock)
    i.SystemInit                             0x0800516c   Section        0  system_stm32f4xx.o(i.SystemInit)
    i.USART_Cmd                              0x080051d4   Section        0  stm32f4xx_usart.o(i.USART_Cmd)
    i.USART_GetFlagStatus                    0x080051ec   Section        0  stm32f4xx_usart.o(i.USART_GetFlagStatus)
    i.USART_Init                             0x08005208   Section        0  stm32f4xx_usart.o(i.USART_Init)
    i.USART_SendData                         0x080052dc   Section        0  stm32f4xx_usart.o(i.USART_SendData)
    i.USARTx_Config                          0x080052e4   Section        0  bsp_usart.o(i.USARTx_Config)
    i.UsageFault_Handler                     0x0800537c   Section        0  stm32f4xx_it.o(i.UsageFault_Handler)
    i.__0printf$3                            0x08005380   Section        0  printf3.o(i.__0printf$3)
    i.__scatterload_copy                     0x080053a0   Section       14  handlers.o(i.__scatterload_copy)
    i.__scatterload_null                     0x080053ae   Section        2  handlers.o(i.__scatterload_null)
    i.__scatterload_zeroinit                 0x080053b0   Section       14  handlers.o(i.__scatterload_zeroinit)
    i._printf_core                           0x080053c0   Section        0  printf3.o(i._printf_core)
    _printf_core                             0x080053c1   Thumb Code   436  printf3.o(i._printf_core)
    i.fputc                                  0x08005578   Section        0  bsp_usart.o(i.fputc)
    i.main                                   0x0800559c   Section        0  app.o(i.main)
    i.my_callback                            0x080055fc   Section        0  app.o(i.my_callback)
    my_callback                              0x080055fd   Thumb Code    14  app.o(i.my_callback)
    i.my_mem_init                            0x08005610   Section        0  malloc.o(i.my_mem_init)
    i.my_mem_perused                         0x08005654   Section        0  malloc.o(i.my_mem_perused)
    i.mymemset                               0x08005694   Section        0  malloc.o(i.mymemset)
    i.spi1_init                              0x080056a8   Section        0  bsp_enc28j60.o(i.spi1_init)
    .constdata                               0x08005768   Section       27  app.o(.constdata)
    __FUNCTION__                             0x08005768   Data          13  app.o(.constdata)
    __FUNCTION__                             0x08005775   Data          14  app.o(.constdata)
    .constdata                               0x08005784   Section       24  malloc.o(.constdata)
    .constdata                               0x0800579c   Section       21  bsp_enc28j60.o(.constdata)
    __FUNCTION__                             0x0800579c   Data          21  bsp_enc28j60.o(.constdata)
    .constdata                               0x080057b4   Section      148  os_cfg_app.o(.constdata)
    .constdata                               0x08005848   Section      364  os_dbg.o(.constdata)
    .data                                    0x20000000   Section       16  stm32f4xx_rcc.o(.data)
    APBAHBPrescTable                         0x20000000   Data          16  stm32f4xx_rcc.o(.data)
    .data                                    0x20000010   Section        2  app.o(.data)
    .data                                    0x20000014   Section       32  malloc.o(.data)
    .data                                    0x20000034   Section        4  bsp_enc28j60.o(.data)
    SPITimeout                               0x20000034   Data           4  bsp_enc28j60.o(.data)
    .data                                    0x20000038   Section        4  cpu_core.o(.data)
    .data                                    0x2000003c   Section        4  lib_mem.o(.data)
    .data                                    0x20000040   Section        8  os_prio.o(.data)
    .data                                    0x20000048   Section      196  os_var.o(.data)
    .data                                    0x2000010c   Section        4  os_cpu_c.o(.data)
    .data                                    0x20000110   Section        4  stdout.o(.data)
    .bss                                     0x20000114   Section     2208  app.o(.bss)
    AppTaskStartTCB                          0x20000174   Data         192  app.o(.bss)
    AppMutexTestTCB                          0x20000234   Data         192  app.o(.bss)
    AppMutexTestTCB1                         0x200002f4   Data         192  app.o(.bss)
    AppTaskStartStk                          0x200003b4   Data         512  app.o(.bss)
    AppMutexTestStk                          0x200005b4   Data         512  app.o(.bss)
    AppMutexTestStk1                         0x200007b4   Data         512  app.o(.bss)
    .bss                                     0x200009c0   Section     1024  malloc.o(.bss)
    .bss                                     0x20000dc0   Section       16  bsp_enc28j60.o(.bss)
    .bss                                     0x20000dd0   Section       16  cpu_core.o(.bss)
    .bss                                     0x20000de0   Section     3092  lib_mem.o(.bss)
    .bss                                     0x200019f4   Section     3456  os_cfg_app.o(.bss)
    .bss                                     0x20002774   Section     1596  os_var.o(.bss)
    STACK                                    0x20002db0   Section     4096  startup_stm32f429_439xx.o(STACK)
    .ARM.__AT_0xD0000000                     0xd0000000   Section    5898240  malloc.o(.ARM.__AT_0xD0000000)
    .ARM.__AT_0xD05A0000                     0xd05a0000   Section    368640  malloc.o(.ARM.__AT_0xD05A0000)

    Global Symbols

    Symbol Name                              Value     Ov Type        Size  Object(Section)

    BuildAttributes$$THM_ISAv4$E$P$D$K$B$S$7EM$VFPi3$EXTD16$VFPS$VFMA$PE$A:L22UL41UL21$X:L11$S22US41US21$IEEE1$IW$USESV6$~STKCKD$USESV7$~SHL$OSPACE$ROPI$EBA8$MICROLIB$REQ8$PRES8$EABIv2 0x00000000   Number         0  anon$$obj.o ABSOLUTE
    __ARM_use_no_argv                        0x00000000   Number         0  app.o ABSOLUTE
    _printf_a                                0x00000000   Number         0  stubs.o ABSOLUTE
    _printf_c                                0x00000000   Number         0  stubs.o ABSOLUTE
    _printf_charcount                        0x00000000   Number         0  stubs.o ABSOLUTE
    _printf_d                                0x00000000   Number         0  stubs.o ABSOLUTE
    _printf_e                                0x00000000   Number         0  stubs.o ABSOLUTE
    _printf_f                                0x00000000   Number         0  stubs.o ABSOLUTE
    _printf_flags                            0x00000000   Number         0  stubs.o ABSOLUTE
    _printf_fp_dec                           0x00000000   Number         0  stubs.o ABSOLUTE
    _printf_fp_hex                           0x00000000   Number         0  stubs.o ABSOLUTE
    _printf_g                                0x00000000   Number         0  stubs.o ABSOLUTE
    _printf_i                                0x00000000   Number         0  stubs.o ABSOLUTE
    _printf_int_dec                          0x00000000   Number         0  stubs.o ABSOLUTE
    _printf_l                                0x00000000   Number         0  stubs.o ABSOLUTE
    _printf_lc                               0x00000000   Number         0  stubs.o ABSOLUTE
    _printf_ll                               0x00000000   Number         0  stubs.o ABSOLUTE
    _printf_lld                              0x00000000   Number         0  stubs.o ABSOLUTE
    _printf_lli                              0x00000000   Number         0  stubs.o ABSOLUTE
    _printf_llo                              0x00000000   Number         0  stubs.o ABSOLUTE
    _printf_llu                              0x00000000   Number         0  stubs.o ABSOLUTE
    _printf_llx                              0x00000000   Number         0  stubs.o ABSOLUTE
    _printf_longlong_dec                     0x00000000   Number         0  stubs.o ABSOLUTE
    _printf_longlong_hex                     0x00000000   Number         0  stubs.o ABSOLUTE
    _printf_longlong_oct                     0x00000000   Number         0  stubs.o ABSOLUTE
    _printf_ls                               0x00000000   Number         0  stubs.o ABSOLUTE
    _printf_mbtowc                           0x00000000   Number         0  stubs.o ABSOLUTE
    _printf_n                                0x00000000   Number         0  stubs.o ABSOLUTE
    _printf_o                                0x00000000   Number         0  stubs.o ABSOLUTE
    _printf_p                                0x00000000   Number         0  stubs.o ABSOLUTE
    _printf_percent                          0x00000000   Number         0  stubs.o ABSOLUTE
    _printf_pre_padding                      0x00000000   Number         0  stubs.o ABSOLUTE
    _printf_return_value                     0x00000000   Number         0  stubs.o ABSOLUTE
    _printf_s                                0x00000000   Number         0  stubs.o ABSOLUTE
    _printf_sizespec                         0x00000000   Number         0  stubs.o ABSOLUTE
    _printf_str                              0x00000000   Number         0  stubs.o ABSOLUTE
    _printf_truncate_signed                  0x00000000   Number         0  stubs.o ABSOLUTE
    _printf_truncate_unsigned                0x00000000   Number         0  stubs.o ABSOLUTE
    _printf_u                                0x00000000   Number         0  stubs.o ABSOLUTE
    _printf_wc                               0x00000000   Number         0  stubs.o ABSOLUTE
    _printf_wctomb                           0x00000000   Number         0  stubs.o ABSOLUTE
    _printf_widthprec                        0x00000000   Number         0  stubs.o ABSOLUTE
    _printf_x                                0x00000000   Number         0  stubs.o ABSOLUTE
    __cpp_initialize__aeabi_                  - Undefined Weak Reference
    __cxa_finalize                            - Undefined Weak Reference
    __decompress                              - Undefined Weak Reference
    _clock_init                               - Undefined Weak Reference
    _microlib_exit                            - Undefined Weak Reference
    __Vectors_Size                           0x000001ac   Number         0  startup_stm32f429_439xx.o ABSOLUTE
    __Vectors                                0x08000000   Data           4  startup_stm32f429_439xx.o(RESET)
    __Vectors_End                            0x080001ac   Data           0  startup_stm32f429_439xx.o(RESET)
    __main                                   0x080001ad   Thumb Code     0  entry.o(.ARM.Collect$$$$00000000)
    _main_stk                                0x080001ad   Thumb Code     0  entry2.o(.ARM.Collect$$$$00000001)
    _main_scatterload                        0x080001b1   Thumb Code     0  entry5.o(.ARM.Collect$$$$00000004)
    __main_after_scatterload                 0x080001b5   Thumb Code     0  entry5.o(.ARM.Collect$$$$00000004)
    _main_clock                              0x080001b5   Thumb Code     0  entry7b.o(.ARM.Collect$$$$00000008)
    _main_cpp_init                           0x080001b5   Thumb Code     0  entry8b.o(.ARM.Collect$$$$0000000A)
    _main_init                               0x080001b5   Thumb Code     0  entry9a.o(.ARM.Collect$$$$0000000B)
    __rt_final_cpp                           0x080001bd   Thumb Code     0  entry10a.o(.ARM.Collect$$$$0000000D)
    __rt_final_exit                          0x080001bd   Thumb Code     0  entry11a.o(.ARM.Collect$$$$0000000F)
    Reset_Handler                            0x080001c1   Thumb Code    40  startup_stm32f429_439xx.o(.text)
    ADC_IRQHandler                           0x080001fb   Thumb Code     0  startup_stm32f429_439xx.o(.text)
    CAN1_RX0_IRQHandler                      0x080001fb   Thumb Code     0  startup_stm32f429_439xx.o(.text)
    CAN1_RX1_IRQHandler                      0x080001fb   Thumb Code     0  startup_stm32f429_439xx.o(.text)
    CAN1_SCE_IRQHandler                      0x080001fb   Thumb Code     0  startup_stm32f429_439xx.o(.text)
    CAN1_TX_IRQHandler                       0x080001fb   Thumb Code     0  startup_stm32f429_439xx.o(.text)
    CAN2_RX0_IRQHandler                      0x080001fb   Thumb Code     0  startup_stm32f429_439xx.o(.text)
    CAN2_RX1_IRQHandler                      0x080001fb   Thumb Code     0  startup_stm32f429_439xx.o(.text)
    CAN2_SCE_IRQHandler                      0x080001fb   Thumb Code     0  startup_stm32f429_439xx.o(.text)
    CAN2_TX_IRQHandler                       0x080001fb   Thumb Code     0  startup_stm32f429_439xx.o(.text)
    CRYP_IRQHandler                          0x080001fb   Thumb Code     0  startup_stm32f429_439xx.o(.text)
    DCMI_IRQHandler                          0x080001fb   Thumb Code     0  startup_stm32f429_439xx.o(.text)
    DMA1_Stream0_IRQHandler                  0x080001fb   Thumb Code     0  startup_stm32f429_439xx.o(.text)
    DMA1_Stream1_IRQHandler                  0x080001fb   Thumb Code     0  startup_stm32f429_439xx.o(.text)
    DMA1_Stream2_IRQHandler                  0x080001fb   Thumb Code     0  startup_stm32f429_439xx.o(.text)
    DMA1_Stream3_IRQHandler                  0x080001fb   Thumb Code     0  startup_stm32f429_439xx.o(.text)
    DMA1_Stream4_IRQHandler                  0x080001fb   Thumb Code     0  startup_stm32f429_439xx.o(.text)
    DMA1_Stream5_IRQHandler                  0x080001fb   Thumb Code     0  startup_stm32f429_439xx.o(.text)
    DMA1_Stream6_IRQHandler                  0x080001fb   Thumb Code     0  startup_stm32f429_439xx.o(.text)
    DMA1_Stream7_IRQHandler                  0x080001fb   Thumb Code     0  startup_stm32f429_439xx.o(.text)
    DMA2D_IRQHandler                         0x080001fb   Thumb Code     0  startup_stm32f429_439xx.o(.text)
    DMA2_Stream0_IRQHandler                  0x080001fb   Thumb Code     0  startup_stm32f429_439xx.o(.text)
    DMA2_Stream1_IRQHandler                  0x080001fb   Thumb Code     0  startup_stm32f429_439xx.o(.text)
    DMA2_Stream2_IRQHandler                  0x080001fb   Thumb Code     0  startup_stm32f429_439xx.o(.text)
    DMA2_Stream3_IRQHandler                  0x080001fb   Thumb Code     0  startup_stm32f429_439xx.o(.text)
    DMA2_Stream4_IRQHandler                  0x080001fb   Thumb Code     0  startup_stm32f429_439xx.o(.text)
    DMA2_Stream5_IRQHandler                  0x080001fb   Thumb Code     0  startup_stm32f429_439xx.o(.text)
    DMA2_Stream6_IRQHandler                  0x080001fb   Thumb Code     0  startup_stm32f429_439xx.o(.text)
    DMA2_Stream7_IRQHandler                  0x080001fb   Thumb Code     0  startup_stm32f429_439xx.o(.text)
    ETH_IRQHandler                           0x080001fb   Thumb Code     0  startup_stm32f429_439xx.o(.text)
    ETH_WKUP_IRQHandler                      0x080001fb   Thumb Code     0  startup_stm32f429_439xx.o(.text)
    EXTI0_IRQHandler                         0x080001fb   Thumb Code     0  startup_stm32f429_439xx.o(.text)
    EXTI1_IRQHandler                         0x080001fb   Thumb Code     0  startup_stm32f429_439xx.o(.text)
    EXTI2_IRQHandler                         0x080001fb   Thumb Code     0  startup_stm32f429_439xx.o(.text)
    EXTI3_IRQHandler                         0x080001fb   Thumb Code     0  startup_stm32f429_439xx.o(.text)
    EXTI4_IRQHandler                         0x080001fb   Thumb Code     0  startup_stm32f429_439xx.o(.text)
    EXTI9_5_IRQHandler                       0x080001fb   Thumb Code     0  startup_stm32f429_439xx.o(.text)
    FLASH_IRQHandler                         0x080001fb   Thumb Code     0  startup_stm32f429_439xx.o(.text)
    FMC_IRQHandler                           0x080001fb   Thumb Code     0  startup_stm32f429_439xx.o(.text)
    FPU_IRQHandler                           0x080001fb   Thumb Code     0  startup_stm32f429_439xx.o(.text)
    HASH_RNG_IRQHandler                      0x080001fb   Thumb Code     0  startup_stm32f429_439xx.o(.text)
    I2C1_ER_IRQHandler                       0x080001fb   Thumb Code     0  startup_stm32f429_439xx.o(.text)
    I2C1_EV_IRQHandler                       0x080001fb   Thumb Code     0  startup_stm32f429_439xx.o(.text)
    I2C2_ER_IRQHandler                       0x080001fb   Thumb Code     0  startup_stm32f429_439xx.o(.text)
    I2C2_EV_IRQHandler                       0x080001fb   Thumb Code     0  startup_stm32f429_439xx.o(.text)
    I2C3_ER_IRQHandler                       0x080001fb   Thumb Code     0  startup_stm32f429_439xx.o(.text)
    I2C3_EV_IRQHandler                       0x080001fb   Thumb Code     0  startup_stm32f429_439xx.o(.text)
    LTDC_ER_IRQHandler                       0x080001fb   Thumb Code     0  startup_stm32f429_439xx.o(.text)
    LTDC_IRQHandler                          0x080001fb   Thumb Code     0  startup_stm32f429_439xx.o(.text)
    OTG_FS_IRQHandler                        0x080001fb   Thumb Code     0  startup_stm32f429_439xx.o(.text)
    OTG_FS_WKUP_IRQHandler                   0x080001fb   Thumb Code     0  startup_stm32f429_439xx.o(.text)
    OTG_HS_EP1_IN_IRQHandler                 0x080001fb   Thumb Code     0  startup_stm32f429_439xx.o(.text)
    OTG_HS_EP1_OUT_IRQHandler                0x080001fb   Thumb Code     0  startup_stm32f429_439xx.o(.text)
    OTG_HS_IRQHandler                        0x080001fb   Thumb Code     0  startup_stm32f429_439xx.o(.text)
    OTG_HS_WKUP_IRQHandler                   0x080001fb   Thumb Code     0  startup_stm32f429_439xx.o(.text)
    PVD_IRQHandler                           0x080001fb   Thumb Code     0  startup_stm32f429_439xx.o(.text)
    RCC_IRQHandler                           0x080001fb   Thumb Code     0  startup_stm32f429_439xx.o(.text)
    RTC_Alarm_IRQHandler                     0x080001fb   Thumb Code     0  startup_stm32f429_439xx.o(.text)
    RTC_WKUP_IRQHandler                      0x080001fb   Thumb Code     0  startup_stm32f429_439xx.o(.text)
    SAI1_IRQHandler                          0x080001fb   Thumb Code     0  startup_stm32f429_439xx.o(.text)
    SDIO_IRQHandler                          0x080001fb   Thumb Code     0  startup_stm32f429_439xx.o(.text)
    SPI1_IRQHandler                          0x080001fb   Thumb Code     0  startup_stm32f429_439xx.o(.text)
    SPI2_IRQHandler                          0x080001fb   Thumb Code     0  startup_stm32f429_439xx.o(.text)
    SPI3_IRQHandler                          0x080001fb   Thumb Code     0  startup_stm32f429_439xx.o(.text)
    SPI4_IRQHandler                          0x080001fb   Thumb Code     0  startup_stm32f429_439xx.o(.text)
    SPI5_IRQHandler                          0x080001fb   Thumb Code     0  startup_stm32f429_439xx.o(.text)
    SPI6_IRQHandler                          0x080001fb   Thumb Code     0  startup_stm32f429_439xx.o(.text)
    TAMP_STAMP_IRQHandler                    0x080001fb   Thumb Code     0  startup_stm32f429_439xx.o(.text)
    TIM1_BRK_TIM9_IRQHandler                 0x080001fb   Thumb Code     0  startup_stm32f429_439xx.o(.text)
    TIM1_CC_IRQHandler                       0x080001fb   Thumb Code     0  startup_stm32f429_439xx.o(.text)
    TIM1_TRG_COM_TIM11_IRQHandler            0x080001fb   Thumb Code     0  startup_stm32f429_439xx.o(.text)
    TIM1_UP_TIM10_IRQHandler                 0x080001fb   Thumb Code     0  startup_stm32f429_439xx.o(.text)
    TIM2_IRQHandler                          0x080001fb   Thumb Code     0  startup_stm32f429_439xx.o(.text)
    TIM3_IRQHandler                          0x080001fb   Thumb Code     0  startup_stm32f429_439xx.o(.text)
    TIM4_IRQHandler                          0x080001fb   Thumb Code     0  startup_stm32f429_439xx.o(.text)
    TIM5_IRQHandler                          0x080001fb   Thumb Code     0  startup_stm32f429_439xx.o(.text)
    TIM6_DAC_IRQHandler                      0x080001fb   Thumb Code     0  startup_stm32f429_439xx.o(.text)
    TIM7_IRQHandler                          0x080001fb   Thumb Code     0  startup_stm32f429_439xx.o(.text)
    TIM8_BRK_TIM12_IRQHandler                0x080001fb   Thumb Code     0  startup_stm32f429_439xx.o(.text)
    TIM8_CC_IRQHandler                       0x080001fb   Thumb Code     0  startup_stm32f429_439xx.o(.text)
    TIM8_TRG_COM_TIM14_IRQHandler            0x080001fb   Thumb Code     0  startup_stm32f429_439xx.o(.text)
    TIM8_UP_TIM13_IRQHandler                 0x080001fb   Thumb Code     0  startup_stm32f429_439xx.o(.text)
    UART4_IRQHandler                         0x080001fb   Thumb Code     0  startup_stm32f429_439xx.o(.text)
    UART5_IRQHandler                         0x080001fb   Thumb Code     0  startup_stm32f429_439xx.o(.text)
    UART7_IRQHandler                         0x080001fb   Thumb Code     0  startup_stm32f429_439xx.o(.text)
    UART8_IRQHandler                         0x080001fb   Thumb Code     0  startup_stm32f429_439xx.o(.text)
    USART1_IRQHandler                        0x080001fb   Thumb Code     0  startup_stm32f429_439xx.o(.text)
    USART2_IRQHandler                        0x080001fb   Thumb Code     0  startup_stm32f429_439xx.o(.text)
    USART3_IRQHandler                        0x080001fb   Thumb Code     0  startup_stm32f429_439xx.o(.text)
    USART6_IRQHandler                        0x080001fb   Thumb Code     0  startup_stm32f429_439xx.o(.text)
    WWDG_IRQHandler                          0x080001fb   Thumb Code     0  startup_stm32f429_439xx.o(.text)
    CPU_IntDis                               0x0800020d   Thumb Code     0  cpu_a.o(.text)
    CPU_IntEn                                0x08000211   Thumb Code     0  cpu_a.o(.text)
    CPU_SR_Save                              0x08000215   Thumb Code     0  cpu_a.o(.text)
    CPU_SR_Restore                           0x0800021d   Thumb Code     0  cpu_a.o(.text)
    CPU_WaitForInt                           0x08000223   Thumb Code     0  cpu_a.o(.text)
    CPU_WaitForExcept                        0x08000227   Thumb Code     0  cpu_a.o(.text)
    CPU_CntLeadZeros                         0x0800022b   Thumb Code     0  cpu_a.o(.text)
    CPU_CntTrailZeros                        0x08000231   Thumb Code     0  cpu_a.o(.text)
    CPU_RevBits                              0x0800023b   Thumb Code     0  cpu_a.o(.text)
    __aeabi_uidiv                            0x08000241   Thumb Code     0  uidiv.o(.text)
    __aeabi_uidivmod                         0x08000241   Thumb Code    44  uidiv.o(.text)
    __scatterload                            0x0800026d   Thumb Code    28  init.o(.text)
    __scatterload_rt2                        0x0800026d   Thumb Code     0  init.o(.text)
    OS_CPU_FP_Reg_Push                       0x08000291   Thumb Code     0  os_cpu_a.o(CODE)
    OS_CPU_FP_Reg_Pop                        0x080002ab   Thumb Code     0  os_cpu_a.o(CODE)
    OSStartHighRdy                           0x080002bd   Thumb Code     0  os_cpu_a.o(CODE)
    OSCtxSw                                  0x0800032d   Thumb Code     0  os_cpu_a.o(CODE)
    OSIntCtxSw                               0x08000337   Thumb Code     0  os_cpu_a.o(CODE)
    OS_CPU_PendSVHandler                     0x08000341   Thumb Code     0  os_cpu_a.o(CODE)
    BSP_CPU_ClkFreq                          0x080006dd   Thumb Code    14  bsp.o(i.BSP_CPU_ClkFreq)
    BSP_Init                                 0x080006eb   Thumb Code    24  bsp.o(i.BSP_Init)
    BusFault_Handler                         0x08000703   Thumb Code     4  stm32f4xx_it.o(i.BusFault_Handler)
    CPU_Init                                 0x08000707   Thumb Code    12  cpu_core.o(i.CPU_Init)
    CPU_NameClr                              0x08000715   Thumb Code    42  cpu_core.o(i.CPU_NameClr)
    CPU_SW_Exception                         0x0800074d   Thumb Code     4  cpu_core.o(i.CPU_SW_Exception)
    CPU_TS_TmrFreqSet                        0x08000765   Thumb Code     6  cpu_core.o(i.CPU_TS_TmrFreqSet)
    CPU_TS_TmrInit                           0x08000771   Thumb Code    44  bsp.o(i.CPU_TS_TmrInit)
    CPU_TS_TmrRd                             0x080007a5   Thumb Code     6  bsp.o(i.CPU_TS_TmrRd)
    DebugMon_Handler                         0x080007b1   Thumb Code     2  stm32f4xx_it.o(i.DebugMon_Handler)
    ENC28J60_Get_EREVID                      0x080007b3   Thumb Code    14  bsp_enc28j60.o(i.ENC28J60_Get_EREVID)
    ENC28J60_Read                            0x080007c1   Thumb Code    20  bsp_enc28j60.o(i.ENC28J60_Read)
    ENC28J60_Read_Op                         0x080007d5   Thumb Code    64  bsp_enc28j60.o(i.ENC28J60_Read_Op)
    ENC28J60_Set_Bank                        0x08000819   Thumb Code    48  bsp_enc28j60.o(i.ENC28J60_Set_Bank)
    ENC28J60_Write                           0x0800084d   Thumb Code    24  bsp_enc28j60.o(i.ENC28J60_Write)
    ENC28J60_Write_Op                        0x08000865   Thumb Code    52  bsp_enc28j60.o(i.ENC28J60_Write_Op)
    EXTI15_10_IRQHandler                     0x0800089d   Thumb Code    48  bsp_enc28j60.o(i.EXTI15_10_IRQHandler)
    EXTI_ClearITPendingBit                   0x08000925   Thumb Code     6  stm32f4xx_exti.o(i.EXTI_ClearITPendingBit)
    EXTI_GetITStatus                         0x08000931   Thumb Code    20  stm32f4xx_exti.o(i.EXTI_GetITStatus)
    EXTI_Init                                0x08000949   Thumb Code   142  stm32f4xx_exti.o(i.EXTI_Init)
    FMC_GetFlagStatus                        0x080009dd   Thumb Code    68  stm32f4xx_fmc.o(i.FMC_GetFlagStatus)
    FMC_SDRAMCmdConfig                       0x08000a25   Thumb Code    28  stm32f4xx_fmc.o(i.FMC_SDRAMCmdConfig)
    FMC_SDRAMInit                            0x08000a45   Thumb Code   318  stm32f4xx_fmc.o(i.FMC_SDRAMInit)
    FMC_SetRefreshCount                      0x08000b89   Thumb Code    18  stm32f4xx_fmc.o(i.FMC_SetRefreshCount)
    GPIO_Init                                0x08000ba1   Thumb Code   144  stm32f4xx_gpio.o(i.GPIO_Init)
    GPIO_PinAFConfig                         0x08000c31   Thumb Code    70  stm32f4xx_gpio.o(i.GPIO_PinAFConfig)
    GPIO_ResetBits                           0x08000c77   Thumb Code     4  stm32f4xx_gpio.o(i.GPIO_ResetBits)
    GPIO_SetBits                             0x08000c7b   Thumb Code     4  stm32f4xx_gpio.o(i.GPIO_SetBits)
    HardFault_Handler                        0x08000c7f   Thumb Code     4  stm32f4xx_it.o(i.HardFault_Handler)
    LED_GPIO_Config                          0x08000c85   Thumb Code   102  bsp_led.o(i.LED_GPIO_Config)
    MemManage_Handler                        0x08000cf5   Thumb Code     4  stm32f4xx_it.o(i.MemManage_Handler)
    Mem_Clr                                  0x08000cf9   Thumb Code    18  lib_mem.o(i.Mem_Clr)
    Mem_Init                                 0x08000d0d   Thumb Code    54  lib_mem.o(i.Mem_Init)
    Mem_SegCreate                            0x08000d59   Thumb Code    74  lib_mem.o(i.Mem_SegCreate)
    Mem_Set                                  0x08000dc5   Thumb Code    84  lib_mem.o(i.Mem_Set)
    NMI_Handler                              0x08000e19   Thumb Code     2  stm32f4xx_it.o(i.NMI_Handler)
    NVIC_Init                                0x08000e41   Thumb Code   106  misc.o(i.NVIC_Init)
    NVIC_PriorityGroupConfig                 0x08000eb9   Thumb Code    10  misc.o(i.NVIC_PriorityGroupConfig)
    OSCfg_Init                               0x08000ecd   Thumb Code     2  os_cfg_app.o(i.OSCfg_Init)
    OSIdleTaskHook                           0x08000ed1   Thumb Code    16  os_cpu_c.o(i.OSIdleTaskHook)
    OSInit                                   0x08000ee5   Thumb Code   270  os_core.o(i.OSInit)
    OSInitHook                               0x08001049   Thumb Code    28  os_cpu_c.o(i.OSInitHook)
    OSIntEnter                               0x08001071   Thumb Code    34  os_core.o(i.OSIntEnter)
    OSIntExit                                0x0800109d   Thumb Code   188  os_core.o(i.OSIntExit)
    OSMutexCreate                            0x08001179   Thumb Code   102  os_mutex.o(i.OSMutexCreate)
    OSMutexPend                              0x080011e9   Thumb Code   450  os_mutex.o(i.OSMutexPend)
    OSMutexPost                              0x080013b9   Thumb Code   384  os_mutex.o(i.OSMutexPost)
    OSQCreate                                0x08001545   Thumb Code   114  os_q.o(i.OSQCreate)
    OSQPend                                  0x080015c1   Thumb Code   428  os_q.o(i.OSQPend)
    OSQPost                                  0x08001779   Thumb Code   144  os_q.o(i.OSQPost)
    OSSched                                  0x0800180d   Thumb Code   134  os_core.o(i.OSSched)
    OSSchedLock                              0x080018b1   Thumb Code    88  os_core.o(i.OSSchedLock)
    OSSchedUnlock                            0x08001911   Thumb Code   120  os_core.o(i.OSSchedUnlock)
    OSStart                                  0x08001991   Thumb Code    78  os_core.o(i.OSStart)
    OSStatReset                              0x080019f9   Thumb Code   262  os_stat.o(i.OSStatReset)
    OSStatTaskCPUUsageInit                   0x08001b21   Thumb Code   212  os_stat.o(i.OSStatTaskCPUUsageInit)
    OSStatTaskHook                           0x08001c11   Thumb Code    16  os_cpu_c.o(i.OSStatTaskHook)
    OSTaskCreate                             0x08001c25   Thumb Code   382  os_task.o(i.OSTaskCreate)
    OSTaskCreateHook                         0x08001db5   Thumb Code    20  os_cpu_c.o(i.OSTaskCreateHook)
    OSTaskDel                                0x08001dcd   Thumb Code   380  os_task.o(i.OSTaskDel)
    OSTaskDelHook                            0x08001f55   Thumb Code    20  os_cpu_c.o(i.OSTaskDelHook)
    OSTaskResume                             0x08001f6d   Thumb Code    80  os_task.o(i.OSTaskResume)
    OSTaskReturnHook                         0x08001fc1   Thumb Code    20  os_cpu_c.o(i.OSTaskReturnHook)
    OSTaskSemPend                            0x08001fd9   Thumb Code   446  os_task.o(i.OSTaskSemPend)
    OSTaskSemPost                            0x080021a1   Thumb Code    62  os_task.o(i.OSTaskSemPost)
    OSTaskStkChk                             0x080021e1   Thumb Code   188  os_task.o(i.OSTaskStkChk)
    OSTaskStkInit                            0x080022a1   Thumb Code   600  os_cpu_c.o(i.OSTaskStkInit)
    OSTaskSuspend                            0x08002565   Thumb Code    32  os_task.o(i.OSTaskSuspend)
    OSTaskSwHook                             0x08002589   Thumb Code   168  os_cpu_c.o(i.OSTaskSwHook)
    OSTimeDly                                0x08002641   Thumb Code   156  os_time.o(i.OSTimeDly)
    OSTimeTick                               0x080026e5   Thumb Code    50  os_time.o(i.OSTimeTick)
    OSTimeTickHook                           0x08002729   Thumb Code    16  os_cpu_c.o(i.OSTimeTickHook)
    OSTmrCreate                              0x0800273d   Thumb Code   150  os_tmr.o(i.OSTmrCreate)
    OSTmrStart                               0x080027dd   Thumb Code   222  os_tmr.o(i.OSTmrStart)
    OS_CPU_SysTickHandler                    0x080028c9   Thumb Code    52  os_cpu_c.o(i.OS_CPU_SysTickHandler)
    OS_CPU_SysTickInit                       0x08002901   Thumb Code    44  os_cpu_c.o(i.OS_CPU_SysTickInit)
    OS_Dbg_Init                              0x08002931   Thumb Code   146  os_dbg.o(i.OS_Dbg_Init)
    OS_FlagInit                              0x08002ad9   Thumb Code    14  os_flag.o(i.OS_FlagInit)
    OS_IdleTask                              0x08002af1   Thumb Code    58  os_core.o(i.OS_IdleTask)
    OS_IdleTaskInit                          0x08002b35   Thumb Code    66  os_core.o(i.OS_IdleTaskInit)
    OS_MemInit                               0x08002ba5   Thumb Code    14  os_mem.o(i.OS_MemInit)
    OS_MsgPoolInit                           0x08002bbd   Thumb Code   110  os_msg.o(i.OS_MsgPoolInit)
    OS_MsgQFreeAll                           0x08002c39   Thumb Code    62  os_msg.o(i.OS_MsgQFreeAll)
    OS_MsgQGet                               0x08002c7d   Thumb Code    98  os_msg.o(i.OS_MsgQGet)
    OS_MsgQInit                              0x08002ce5   Thumb Code    14  os_msg.o(i.OS_MsgQInit)
    OS_MsgQPut                               0x08002cf5   Thumb Code   254  os_msg.o(i.OS_MsgQPut)
    OS_MutexDbgListAdd                       0x08002df9   Thumb Code    38  os_mutex.o(i.OS_MutexDbgListAdd)
    OS_MutexGrpAdd                           0x08002e29   Thumb Code     8  os_mutex.o(i.OS_MutexGrpAdd)
    OS_MutexGrpPostAll                       0x08002e31   Thumb Code    96  os_mutex.o(i.OS_MutexGrpPostAll)
    OS_MutexGrpPrioFindHighest               0x08002e91   Thumb Code    44  os_mutex.o(i.OS_MutexGrpPrioFindHighest)
    OS_MutexGrpRemove                        0x08002ebd   Thumb Code    28  os_mutex.o(i.OS_MutexGrpRemove)
    OS_MutexInit                             0x08002ed9   Thumb Code    14  os_mutex.o(i.OS_MutexInit)
    OS_Pend                                  0x08002ef1   Thumb Code   100  os_core.o(i.OS_Pend)
    OS_PendDataInit                          0x08002f59   Thumb Code    40  os_core.o(i.OS_PendDataInit)
    OS_PendDbgNameAdd                        0x08002f81   Thumb Code    66  os_core.o(i.OS_PendDbgNameAdd)
    OS_PendDbgNameRemove                     0x08002fdd   Thumb Code    30  os_core.o(i.OS_PendDbgNameRemove)
    OS_PendListChangePrio                    0x08003001   Thumb Code    58  os_core.o(i.OS_PendListChangePrio)
    OS_PendListInit                          0x0800303b   Thumb Code    10  os_core.o(i.OS_PendListInit)
    OS_PendListInsertPrio                    0x08003045   Thumb Code   102  os_core.o(i.OS_PendListInsertPrio)
    OS_PendListRemove                        0x080030ab   Thumb Code    52  os_core.o(i.OS_PendListRemove)
    OS_PendListRemove1                       0x080030df   Thumb Code    66  os_core.o(i.OS_PendListRemove1)
    OS_Post                                  0x08003121   Thumb Code   214  os_core.o(i.OS_Post)
    OS_Post1                                 0x080031f7   Thumb Code    44  os_core.o(i.OS_Post1)
    OS_PrioGetHighest                        0x08003225   Thumb Code    36  os_prio.o(i.OS_PrioGetHighest)
    OS_PrioInit                              0x0800324d   Thumb Code    20  os_prio.o(i.OS_PrioInit)
    OS_PrioInsert                            0x08003265   Thumb Code    32  os_prio.o(i.OS_PrioInsert)
    OS_PrioRemove                            0x08003289   Thumb Code    32  os_prio.o(i.OS_PrioRemove)
    OS_QDbgListAdd                           0x080032ad   Thumb Code    38  os_q.o(i.OS_QDbgListAdd)
    OS_QInit                                 0x080032dd   Thumb Code    14  os_q.o(i.OS_QInit)
    OS_QPost                                 0x080032f5   Thumb Code   190  os_q.o(i.OS_QPost)
    OS_RdyListInit                           0x080033b5   Thumb Code    32  os_core.o(i.OS_RdyListInit)
    OS_RdyListInsert                         0x080033d9   Thumb Code    40  os_core.o(i.OS_RdyListInsert)
    OS_RdyListInsertHead                     0x08003405   Thumb Code    58  os_core.o(i.OS_RdyListInsertHead)
    OS_RdyListInsertTail                     0x08003445   Thumb Code    56  os_core.o(i.OS_RdyListInsertTail)
    OS_RdyListRemove                         0x08003481   Thumb Code    86  os_core.o(i.OS_RdyListRemove)
    OS_SchedLockTimeMeasStart                0x080034dd   Thumb Code    20  os_core.o(i.OS_SchedLockTimeMeasStart)
    OS_SchedLockTimeMeasStop                 0x080034f9   Thumb Code    44  os_core.o(i.OS_SchedLockTimeMeasStop)
    OS_SemInit                               0x08003535   Thumb Code    14  os_sem.o(i.OS_SemInit)
    OS_StatTask                              0x0800354d   Thumb Code   684  os_stat.o(i.OS_StatTask)
    OS_StatTaskInit                          0x08003835   Thumb Code   136  os_stat.o(i.OS_StatTaskInit)
    OS_TaskBlock                             0x08003901   Thumb Code    40  os_core.o(i.OS_TaskBlock)
    OS_TaskChangePrio                        0x0800392d   Thumb Code   232  os_task.o(i.OS_TaskChangePrio)
    OS_TaskDbgListAdd                        0x08003a19   Thumb Code    42  os_task.o(i.OS_TaskDbgListAdd)
    OS_TaskDbgListRemove                     0x08003a49   Thumb Code    64  os_task.o(i.OS_TaskDbgListRemove)
    OS_TaskInit                              0x08003a8d   Thumb Code    18  os_task.o(i.OS_TaskInit)
    OS_TaskInitTCB                           0x08003aad   Thumb Code   176  os_task.o(i.OS_TaskInitTCB)
    OS_TaskResume                            0x08003b69   Thumb Code   256  os_task.o(i.OS_TaskResume)
    OS_TaskReturn                            0x08003c69   Thumb Code    20  os_task.o(i.OS_TaskReturn)
    OS_TaskSemPost                           0x08003c81   Thumb Code   448  os_task.o(i.OS_TaskSemPost)
    OS_TaskSuspend                           0x08003e45   Thumb Code   272  os_task.o(i.OS_TaskSuspend)
    OS_TickListInsert                        0x08003f5d   Thumb Code   134  os_tick.o(i.OS_TickListInsert)
    OS_TickListInsertDly                     0x08003fe5   Thumb Code   180  os_tick.o(i.OS_TickListInsertDly)
    OS_TickListRemove                        0x080040a1   Thumb Code    88  os_tick.o(i.OS_TickListRemove)
    OS_TickListResetPeak                     0x080040f9   Thumb Code     2  os_tick.o(i.OS_TickListResetPeak)
    OS_TickTask                              0x080042a9   Thumb Code    90  os_tick.o(i.OS_TickTask)
    OS_TickTaskInit                          0x0800430d   Thumb Code   140  os_tick.o(i.OS_TickTaskInit)
    OS_TmrDbgListAdd                         0x080043d5   Thumb Code    34  os_tmr.o(i.OS_TmrDbgListAdd)
    OS_TmrInit                               0x080043fd   Thumb Code   200  os_tmr.o(i.OS_TmrInit)
    OS_TmrResetPeak                          0x08004549   Thumb Code     2  os_tmr.o(i.OS_TmrResetPeak)
    OS_TmrTask                               0x0800454d   Thumb Code   134  os_tmr.o(i.OS_TmrTask)
    OS_TmrUnlink                             0x080045e1   Thumb Code    58  os_tmr.o(i.OS_TmrUnlink)
    RCC_AHB1PeriphClockCmd                   0x08004639   Thumb Code    26  stm32f4xx_rcc.o(i.RCC_AHB1PeriphClockCmd)
    RCC_AHB3PeriphClockCmd                   0x08004659   Thumb Code    26  stm32f4xx_rcc.o(i.RCC_AHB3PeriphClockCmd)
    RCC_APB2PeriphClockCmd                   0x08004679   Thumb Code    26  stm32f4xx_rcc.o(i.RCC_APB2PeriphClockCmd)
    RCC_GetClocksFreq                        0x08004699   Thumb Code   214  stm32f4xx_rcc.o(i.RCC_GetClocksFreq)
    SDRAM_Init                               0x08004b25   Thumb Code   112  bsp_sdram.o(i.SDRAM_Init)
    SPI_Cmd                                  0x08004c69   Thumb Code    24  stm32f4xx_spi.o(i.SPI_Cmd)
    SPI_FLASH_Init                           0x08004c81   Thumb Code   210  bsp_spi_flash.o(i.SPI_FLASH_Init)
    SPI_I2S_GetFlagStatus                    0x08004d5d   Thumb Code    18  stm32f4xx_spi.o(i.SPI_I2S_GetFlagStatus)
    SPI_I2S_ReceiveData                      0x08004d6f   Thumb Code     6  stm32f4xx_spi.o(i.SPI_I2S_ReceiveData)
    SPI_I2S_SendData                         0x08004d75   Thumb Code     4  stm32f4xx_spi.o(i.SPI_I2S_SendData)
    SPI_Init                                 0x08004d79   Thumb Code    60  stm32f4xx_spi.o(i.SPI_Init)
    SPI_NETWORK_Init                         0x08004db5   Thumb Code   452  bsp_enc28j60.o(i.SPI_NETWORK_Init)
    SPI_NETWORK_SendByte                     0x08004f9d   Thumb Code    98  bsp_enc28j60.o(i.SPI_NETWORK_SendByte)
    SVC_Handler                              0x08005009   Thumb Code     2  stm32f4xx_it.o(i.SVC_Handler)
    SYSCFG_EXTILineConfig                    0x0800500d   Thumb Code    60  stm32f4xx_syscfg.o(i.SYSCFG_EXTILineConfig)
    SystemInit                               0x0800516d   Thumb Code    88  system_stm32f4xx.o(i.SystemInit)
    USART_Cmd                                0x080051d5   Thumb Code    24  stm32f4xx_usart.o(i.USART_Cmd)
    USART_GetFlagStatus                      0x080051ed   Thumb Code    26  stm32f4xx_usart.o(i.USART_GetFlagStatus)
    USART_Init                               0x08005209   Thumb Code   204  stm32f4xx_usart.o(i.USART_Init)
    USART_SendData                           0x080052dd   Thumb Code     8  stm32f4xx_usart.o(i.USART_SendData)
    USARTx_Config                            0x080052e5   Thumb Code   144  bsp_usart.o(i.USARTx_Config)
    UsageFault_Handler                       0x0800537d   Thumb Code     4  stm32f4xx_it.o(i.UsageFault_Handler)
    __0printf$3                              0x08005381   Thumb Code    22  printf3.o(i.__0printf$3)
    __1printf$3                              0x08005381   Thumb Code     0  printf3.o(i.__0printf$3)
    __2printf                                0x08005381   Thumb Code     0  printf3.o(i.__0printf$3)
    __scatterload_copy                       0x080053a1   Thumb Code    14  handlers.o(i.__scatterload_copy)
    __scatterload_null                       0x080053af   Thumb Code     2  handlers.o(i.__scatterload_null)
    __scatterload_zeroinit                   0x080053b1   Thumb Code    14  handlers.o(i.__scatterload_zeroinit)
    fputc                                    0x08005579   Thumb Code    32  bsp_usart.o(i.fputc)
    main                                     0x0800559d   Thumb Code    68  app.o(i.main)
    my_mem_init                              0x08005611   Thumb Code    54  malloc.o(i.my_mem_init)
    my_mem_perused                           0x08005655   Thumb Code    54  malloc.o(i.my_mem_perused)
    mymemset                                 0x08005695   Thumb Code    20  malloc.o(i.mymemset)
    spi1_init                                0x080056a9   Thumb Code   182  bsp_enc28j60.o(i.spi1_init)
    memtblsize                               0x08005784   Data           8  malloc.o(.constdata)
    memblksize                               0x0800578c   Data           8  malloc.o(.constdata)
    memsize                                  0x08005794   Data           8  malloc.o(.constdata)
    OSCfg_IdleTaskStkBasePtr                 0x080057b4   Data           4  os_cfg_app.o(.constdata)
    OSCfg_IdleTaskStkLimit                   0x080057b8   Data           4  os_cfg_app.o(.constdata)
    OSCfg_IdleTaskStkSize                    0x080057bc   Data           4  os_cfg_app.o(.constdata)
    OSCfg_IdleTaskStkSizeRAM                 0x080057c0   Data           4  os_cfg_app.o(.constdata)
    OSCfg_IntQBasePtr                        0x080057c4   Data           4  os_cfg_app.o(.constdata)
    OSCfg_IntQSize                           0x080057c8   Data           2  os_cfg_app.o(.constdata)
    OSCfg_IntQSizeRAM                        0x080057cc   Data           4  os_cfg_app.o(.constdata)
    OSCfg_IntQTaskStkBasePtr                 0x080057d0   Data           4  os_cfg_app.o(.constdata)
    OSCfg_IntQTaskStkLimit                   0x080057d4   Data           4  os_cfg_app.o(.constdata)
    OSCfg_IntQTaskStkSize                    0x080057d8   Data           4  os_cfg_app.o(.constdata)
    OSCfg_IntQTaskStkSizeRAM                 0x080057dc   Data           4  os_cfg_app.o(.constdata)
    OSCfg_ISRStkBasePtr                      0x080057e0   Data           4  os_cfg_app.o(.constdata)
    OSCfg_ISRStkSize                         0x080057e4   Data           4  os_cfg_app.o(.constdata)
    OSCfg_ISRStkSizeRAM                      0x080057e8   Data           4  os_cfg_app.o(.constdata)
    OSCfg_MsgPoolSize                        0x080057ec   Data           2  os_cfg_app.o(.constdata)
    OSCfg_MsgPoolSizeRAM                     0x080057f0   Data           4  os_cfg_app.o(.constdata)
    OSCfg_MsgPoolBasePtr                     0x080057f4   Data           4  os_cfg_app.o(.constdata)
    OSCfg_StatTaskPrio                       0x080057f8   Data           1  os_cfg_app.o(.constdata)
    OSCfg_StatTaskRate_Hz                    0x080057fc   Data           4  os_cfg_app.o(.constdata)
    OSCfg_StatTaskStkBasePtr                 0x08005800   Data           4  os_cfg_app.o(.constdata)
    OSCfg_StatTaskStkLimit                   0x08005804   Data           4  os_cfg_app.o(.constdata)
    OSCfg_StatTaskStkSize                    0x08005808   Data           4  os_cfg_app.o(.constdata)
    OSCfg_StatTaskStkSizeRAM                 0x0800580c   Data           4  os_cfg_app.o(.constdata)
    OSCfg_StkSizeMin                         0x08005810   Data           4  os_cfg_app.o(.constdata)
    OSCfg_TickRate_Hz                        0x08005814   Data           4  os_cfg_app.o(.constdata)
    OSCfg_TickTaskPrio                       0x08005818   Data           1  os_cfg_app.o(.constdata)
    OSCfg_TickTaskStkBasePtr                 0x0800581c   Data           4  os_cfg_app.o(.constdata)
    OSCfg_TickTaskStkLimit                   0x08005820   Data           4  os_cfg_app.o(.constdata)
    OSCfg_TickTaskStkSize                    0x08005824   Data           4  os_cfg_app.o(.constdata)
    OSCfg_TickTaskStkSizeRAM                 0x08005828   Data           4  os_cfg_app.o(.constdata)
    OSCfg_TmrTaskPrio                        0x0800582c   Data           1  os_cfg_app.o(.constdata)
    OSCfg_TmrTaskRate_Hz                     0x08005830   Data           4  os_cfg_app.o(.constdata)
    OSCfg_TmrTaskStkBasePtr                  0x08005834   Data           4  os_cfg_app.o(.constdata)
    OSCfg_TmrTaskStkLimit                    0x08005838   Data           4  os_cfg_app.o(.constdata)
    OSCfg_TmrTaskStkSize                     0x0800583c   Data           4  os_cfg_app.o(.constdata)
    OSCfg_TmrTaskStkSizeRAM                  0x08005840   Data           4  os_cfg_app.o(.constdata)
    OSCfg_DataSizeRAM                        0x08005844   Data           4  os_cfg_app.o(.constdata)
    OSDbg_DbgEn                              0x08005848   Data           1  os_dbg.o(.constdata)
    OSDbg_ArgChkEn                           0x08005849   Data           1  os_dbg.o(.constdata)
    OSDbg_AppHooksEn                         0x0800584a   Data           1  os_dbg.o(.constdata)
    OSDbg_EndiannessTest                     0x0800584c   Data           4  os_dbg.o(.constdata)
    OSDbg_CalledFromISRChkEn                 0x08005850   Data           1  os_dbg.o(.constdata)
    OSDbg_FlagEn                             0x08005851   Data           1  os_dbg.o(.constdata)
    OSDbg_FlagGrp                            0x08005854   Data          40  os_dbg.o(.constdata)
    OSDbg_FlagDelEn                          0x0800587c   Data           1  os_dbg.o(.constdata)
    OSDbg_FlagModeClrEn                      0x0800587d   Data           1  os_dbg.o(.constdata)
    OSDbg_FlagPendAbortEn                    0x0800587e   Data           1  os_dbg.o(.constdata)
    OSDbg_FlagGrpSize                        0x08005880   Data           2  os_dbg.o(.constdata)
    OSDbg_FlagWidth                          0x08005882   Data           2  os_dbg.o(.constdata)
    OSDbg_IntQ                               0x08005884   Data           2  os_dbg.o(.constdata)
    OSDbg_ISRPostDeferredEn                  0x08005886   Data           1  os_dbg.o(.constdata)
    OSDbg_Mem                                0x08005888   Data          32  os_dbg.o(.constdata)
    OSDbg_MemEn                              0x080058a8   Data           1  os_dbg.o(.constdata)
    OSDbg_MemSize                            0x080058aa   Data           2  os_dbg.o(.constdata)
    OSDbg_MsgEn                              0x080058ac   Data           1  os_dbg.o(.constdata)
    OSDbg_MsgSize                            0x080058ae   Data           2  os_dbg.o(.constdata)
    OSDbg_MsgPoolSize                        0x080058b0   Data           2  os_dbg.o(.constdata)
    OSDbg_MsgQSize                           0x080058b2   Data           2  os_dbg.o(.constdata)
    OSDbg_Mutex                              0x080058b4   Data          48  os_dbg.o(.constdata)
    OSDbg_MutexEn                            0x080058e4   Data           1  os_dbg.o(.constdata)
    OSDbg_MutexDelEn                         0x080058e5   Data           1  os_dbg.o(.constdata)
    OSDbg_MutexPendAbortEn                   0x080058e6   Data           1  os_dbg.o(.constdata)
    OSDbg_MutexSize                          0x080058e8   Data           2  os_dbg.o(.constdata)
    OSDbg_ObjTypeChkEn                       0x080058ea   Data           1  os_dbg.o(.constdata)
    OSDbg_PendMultiEn                        0x080058eb   Data           1  os_dbg.o(.constdata)
    OSDbg_PendDataSize                       0x080058ec   Data           2  os_dbg.o(.constdata)
    OSDbg_PendListSize                       0x080058ee   Data           2  os_dbg.o(.constdata)
    OSDbg_PendObjSize                        0x080058f0   Data           2  os_dbg.o(.constdata)
    OSDbg_PrioMax                            0x080058f2   Data           2  os_dbg.o(.constdata)
    OSDbg_PrioTblSize                        0x080058f4   Data           2  os_dbg.o(.constdata)
    OSDbg_PtrSize                            0x080058f6   Data           2  os_dbg.o(.constdata)
    OSDbg_Q                                  0x080058f8   Data          48  os_dbg.o(.constdata)
    OSDbg_QEn                                0x08005928   Data           1  os_dbg.o(.constdata)
    OSDbg_QDelEn                             0x08005929   Data           1  os_dbg.o(.constdata)
    OSDbg_QFlushEn                           0x0800592a   Data           1  os_dbg.o(.constdata)
    OSDbg_QPendAbortEn                       0x0800592b   Data           1  os_dbg.o(.constdata)
    OSDbg_QSize                              0x0800592c   Data           2  os_dbg.o(.constdata)
    OSDbg_SchedRoundRobinEn                  0x0800592e   Data           1  os_dbg.o(.constdata)
    OSDbg_Sem                                0x08005930   Data          40  os_dbg.o(.constdata)
    OSDbg_SemEn                              0x08005958   Data           1  os_dbg.o(.constdata)
    OSDbg_SemDelEn                           0x08005959   Data           1  os_dbg.o(.constdata)
    OSDbg_SemPendAbortEn                     0x0800595a   Data           1  os_dbg.o(.constdata)
    OSDbg_SemSetEn                           0x0800595b   Data           1  os_dbg.o(.constdata)
    OSDbg_SemSize                            0x0800595c   Data           2  os_dbg.o(.constdata)
    OSDbg_RdyList                            0x0800595e   Data           2  os_dbg.o(.constdata)
    OSDbg_RdyListSize                        0x08005960   Data           4  os_dbg.o(.constdata)
    OSDbg_StkWidth                           0x08005964   Data           1  os_dbg.o(.constdata)
    OSDbg_StatTaskEn                         0x08005965   Data           1  os_dbg.o(.constdata)
    OSDbg_StatTaskStkChkEn                   0x08005966   Data           1  os_dbg.o(.constdata)
    OSDbg_TaskChangePrioEn                   0x08005967   Data           1  os_dbg.o(.constdata)
    OSDbg_TaskDelEn                          0x08005968   Data           1  os_dbg.o(.constdata)
    OSDbg_TaskQEn                            0x08005969   Data           1  os_dbg.o(.constdata)
    OSDbg_TaskQPendAbortEn                   0x0800596a   Data           1  os_dbg.o(.constdata)
    OSDbg_TaskProfileEn                      0x0800596b   Data           1  os_dbg.o(.constdata)
    OSDbg_TaskRegTblSize                     0x0800596c   Data           2  os_dbg.o(.constdata)
    OSDbg_TaskSemPendAbortEn                 0x0800596e   Data           1  os_dbg.o(.constdata)
    OSDbg_TaskSuspendEn                      0x0800596f   Data           1  os_dbg.o(.constdata)
    OSDbg_TCBSize                            0x08005970   Data           2  os_dbg.o(.constdata)
    OSDbg_TickListSize                       0x08005972   Data           2  os_dbg.o(.constdata)
    OSDbg_TimeDlyHMSMEn                      0x08005974   Data           1  os_dbg.o(.constdata)
    OSDbg_TimeDlyResumeEn                    0x08005975   Data           1  os_dbg.o(.constdata)
    OSDbg_TLS_TblSize                        0x08005976   Data           2  os_dbg.o(.constdata)
    OSDbg_Tmr                                0x08005978   Data          48  os_dbg.o(.constdata)
    OSDbg_TmrEn                              0x080059a8   Data           1  os_dbg.o(.constdata)
    OSDbg_TmrDelEn                           0x080059a9   Data           1  os_dbg.o(.constdata)
    OSDbg_TmrSize                            0x080059aa   Data           2  os_dbg.o(.constdata)
    OSDbg_VersionNbr                         0x080059ac   Data           2  os_dbg.o(.constdata)
    OSDbg_DataSize                           0x080059b0   Data           4  os_dbg.o(.constdata)
    Region$$Table$$Base                      0x080059b4   Number         0  anon$$obj.o(Region$$Table)
    Region$$Table$$Limit                     0x080059d4   Number         0  anon$$obj.o(Region$$Table)
    ucValue                                  0x20000010   Data           2  app.o(.data)
    mem1mapbase                              0x20000014   Data           2  malloc.o(.data)
    mallco_dev                               0x20000018   Data          28  malloc.o(.data)
    CPU_TS_TmrFreq_Hz                        0x20000038   Data           4  cpu_core.o(.data)
    Mem_SegHeadPtr                           0x2000003c   Data           4  lib_mem.o(.data)
    OSPrioTbl                                0x20000040   Data           8  os_prio.o(.data)
    OS_AppTaskCreateHookPtr                  0x20000048   Data           4  os_var.o(.data)
    OS_AppTaskDelHookPtr                     0x2000004c   Data           4  os_var.o(.data)
    OS_AppTaskReturnHookPtr                  0x20000050   Data           4  os_var.o(.data)
    OS_AppIdleTaskHookPtr                    0x20000054   Data           4  os_var.o(.data)
    OS_AppStatTaskHookPtr                    0x20000058   Data           4  os_var.o(.data)
    OS_AppTaskSwHookPtr                      0x2000005c   Data           4  os_var.o(.data)
    OS_AppTimeTickHookPtr                    0x20000060   Data           4  os_var.o(.data)
    OSIdleTaskCtr                            0x20000064   Data           4  os_var.o(.data)
    OSIntNestingCtr                          0x20000068   Data           1  os_var.o(.data)
    OSRunning                                0x20000069   Data           1  os_var.o(.data)
    OSFlagDbgListPtr                         0x2000006c   Data           4  os_var.o(.data)
    OSFlagQty                                0x20000070   Data           2  os_var.o(.data)
    OSMemDbgListPtr                          0x20000074   Data           4  os_var.o(.data)
    OSMemQty                                 0x20000078   Data           2  os_var.o(.data)
    OSMutexDbgListPtr                        0x2000007c   Data           4  os_var.o(.data)
    OSMutexQty                               0x20000080   Data           2  os_var.o(.data)
    OSPrioCur                                0x20000082   Data           1  os_var.o(.data)
    OSPrioHighRdy                            0x20000083   Data           1  os_var.o(.data)
    OSPrioSaved                              0x20000084   Data           1  os_var.o(.data)
    OSQDbgListPtr                            0x20000088   Data           4  os_var.o(.data)
    OSQQty                                   0x2000008c   Data           2  os_var.o(.data)
    OSSchedLockTimeBegin                     0x20000090   Data           4  os_var.o(.data)
    OSSchedLockTimeMax                       0x20000094   Data           4  os_var.o(.data)
    OSSchedLockTimeMaxCur                    0x20000098   Data           4  os_var.o(.data)
    OSSchedLockNestingCtr                    0x2000009c   Data           1  os_var.o(.data)
    OSSemDbgListPtr                          0x200000a0   Data           4  os_var.o(.data)
    OSSemQty                                 0x200000a4   Data           2  os_var.o(.data)
    OSStatResetFlag                          0x200000a6   Data           1  os_var.o(.data)
    OSStatTaskCPUUsage                       0x200000a8   Data           2  os_var.o(.data)
    OSStatTaskCPUUsageMax                    0x200000aa   Data           2  os_var.o(.data)
    OSStatTaskCtr                            0x200000ac   Data           4  os_var.o(.data)
    OSStatTaskCtrMax                         0x200000b0   Data           4  os_var.o(.data)
    OSStatTaskCtrRun                         0x200000b4   Data           4  os_var.o(.data)
    OSStatTaskRdy                            0x200000b8   Data           1  os_var.o(.data)
    OSStatTaskTimeMax                        0x200000bc   Data           4  os_var.o(.data)
    OSTaskCtxSwCtr                           0x200000c0   Data           4  os_var.o(.data)
    OSTaskDbgListPtr                         0x200000c4   Data           4  os_var.o(.data)
    OSTaskQty                                0x200000c8   Data           2  os_var.o(.data)
    OSTaskRegNextAvailID                     0x200000ca   Data           1  os_var.o(.data)
    OSTickCtr                                0x200000cc   Data           4  os_var.o(.data)
    OSTickTaskTimeMax                        0x200000d0   Data           4  os_var.o(.data)
    OSTickListDly                            0x200000d4   Data           8  os_var.o(.data)
    OSTickListTimeout                        0x200000dc   Data           8  os_var.o(.data)
    OSTmrDbgListPtr                          0x200000e4   Data           4  os_var.o(.data)
    OSTmrListEntries                         0x200000e8   Data           2  os_var.o(.data)
    OSTmrListPtr                             0x200000ec   Data           4  os_var.o(.data)
    OSTmrQty                                 0x200000f0   Data           2  os_var.o(.data)
    OSTmrTaskTimeMax                         0x200000f4   Data           4  os_var.o(.data)
    OSTmrTickCtr                             0x200000f8   Data           4  os_var.o(.data)
    OSTmrUpdateCnt                           0x200000fc   Data           4  os_var.o(.data)
    OSTmrUpdateCtr                           0x20000100   Data           4  os_var.o(.data)
    OSTCBCurPtr                              0x20000104   Data           4  os_var.o(.data)
    OSTCBHighRdyPtr                          0x20000108   Data           4  os_var.o(.data)
    OS_CPU_ExceptStkBase                     0x2000010c   Data           4  os_cpu_c.o(.data)
    __stdout                                 0x20000110   Data           4  stdout.o(.data)
    p_mutex                                  0x20000114   Data          48  app.o(.bss)
    p_q                                      0x20000144   Data          48  app.o(.bss)
    mem1base                                 0x200009c0   Data        1024  malloc.o(.bss)
    enc28j60_dev                             0x20000dc0   Data          16  bsp_enc28j60.o(.bss)
    CPU_Name                                 0x20000dd0   Data          16  cpu_core.o(.bss)
    Mem_Heap                                 0x20000de0   Data        3072  lib_mem.o(.bss)
    Mem_SegHeap                              0x200019e0   Data          20  lib_mem.o(.bss)
    OSCfg_IdleTaskStk                        0x200019f4   Data         256  os_cfg_app.o(.bss)
    OSCfg_ISRStk                             0x20001af4   Data         400  os_cfg_app.o(.bss)
    OSCfg_MsgPool                            0x20001c84   Data        1600  os_cfg_app.o(.bss)
    OSCfg_StatTaskStk                        0x200022c4   Data         400  os_cfg_app.o(.bss)
    OSCfg_TickTaskStk                        0x20002454   Data         400  os_cfg_app.o(.bss)
    OSCfg_TmrTaskStk                         0x200025e4   Data         400  os_cfg_app.o(.bss)
    OSIdleTaskTCB                            0x20002774   Data         192  os_var.o(.bss)
    OSMsgPool                                0x20002834   Data          12  os_var.o(.bss)
    OSRdyList                                0x20002840   Data         768  os_var.o(.bss)
    OSStatTaskTCB                            0x20002b40   Data         192  os_var.o(.bss)
    OSTickTaskTCB                            0x20002c00   Data         192  os_var.o(.bss)
    OSTmrMutex                               0x20002cc0   Data          48  os_var.o(.bss)
    OSTmrTaskTCB                             0x20002cf0   Data         192  os_var.o(.bss)
    __initial_sp                             0x20003db0   Data           0  startup_stm32f429_439xx.o(STACK)
    mem2base                                 0xd0000000   Data       5898240  malloc.o(.ARM.__AT_0xD0000000)
    mem2mapbase                              0xd05a0000   Data       368640  malloc.o(.ARM.__AT_0xD05A0000)



==============================================================================

Memory Map of the image

  Image Entry point : 0x080001ad

  Load Region LR_IROM1 (Base: 0x08000000, Size: 0x00005ae8, Max: 0x00100000, ABSOLUTE)

    Execution Region ER_IROM1 (Base: 0x08000000, Size: 0x000059d4, Max: 0x00100000, ABSOLUTE)

    Base Addr    Size         Type   Attr      Idx    E Section Name        Object

    0x08000000   0x000001ac   Data   RO            3    RESET               startup_stm32f429_439xx.o
    0x080001ac   0x00000000   Code   RO         7860  * .ARM.Collect$$$$00000000  mc_w.l(entry.o)
    0x080001ac   0x00000004   Code   RO         8126    .ARM.Collect$$$$00000001  mc_w.l(entry2.o)
    0x080001b0   0x00000004   Code   RO         8129    .ARM.Collect$$$$00000004  mc_w.l(entry5.o)
    0x080001b4   0x00000000   Code   RO         8131    .ARM.Collect$$$$00000008  mc_w.l(entry7b.o)
    0x080001b4   0x00000000   Code   RO         8133    .ARM.Collect$$$$0000000A  mc_w.l(entry8b.o)
    0x080001b4   0x00000008   Code   RO         8134    .ARM.Collect$$$$0000000B  mc_w.l(entry9a.o)
    0x080001bc   0x00000000   Code   RO         8136    .ARM.Collect$$$$0000000D  mc_w.l(entry10a.o)
    0x080001bc   0x00000000   Code   RO         8138    .ARM.Collect$$$$0000000F  mc_w.l(entry11a.o)
    0x080001bc   0x00000004   Code   RO         8127    .ARM.Collect$$$$00002712  mc_w.l(entry2.o)
    0x080001c0   0x0000004c   Code   RO            4    .text               startup_stm32f429_439xx.o
    0x0800020c   0x00000034   Code   RO         6148    .text               cpu_a.o
    0x08000240   0x0000002c   Code   RO         8141    .text               mc_w.l(uidiv.o)
    0x0800026c   0x00000024   Code   RO         8158    .text               mc_w.l(init.o)
    0x08000290   0x0000010c   Code   RO         7772    CODE                os_cpu_a.o
    0x0800039c   0x000000c4   Code   RO         5236    i.AppMutexTest      app.o
    0x08000460   0x00000130   Code   RO         5237    i.AppMutexTest1     app.o
    0x08000590   0x0000014c   Code   RO         5238    i.AppTaskStart      app.o
    0x080006dc   0x0000000e   Code   RO         5473    i.BSP_CPU_ClkFreq   bsp.o
    0x080006ea   0x00000018   Code   RO         5474    i.BSP_Init          bsp.o
    0x08000702   0x00000004   Code   RO         5161    i.BusFault_Handler  stm32f4xx_it.o
    0x08000706   0x0000000c   Code   RO         6030    i.CPU_Init          cpu_core.o
    0x08000712   0x00000002   PAD
    0x08000714   0x00000030   Code   RO         6031    i.CPU_NameClr       cpu_core.o
    0x08000744   0x00000008   Code   RO         6033    i.CPU_NameInit      cpu_core.o
    0x0800074c   0x00000004   Code   RO         6035    i.CPU_SW_Exception  cpu_core.o
    0x08000750   0x00000014   Code   RO         6037    i.CPU_TS_Init       cpu_core.o
    0x08000764   0x0000000c   Code   RO         6039    i.CPU_TS_TmrFreqSet  cpu_core.o
    0x08000770   0x00000034   Code   RO         5477    i.CPU_TS_TmrInit    bsp.o
    0x080007a4   0x0000000c   Code   RO         5478    i.CPU_TS_TmrRd      bsp.o
    0x080007b0   0x00000002   Code   RO         5162    i.DebugMon_Handler  stm32f4xx_it.o
    0x080007b2   0x0000000e   Code   RO         5881    i.ENC28J60_Get_EREVID  bsp_enc28j60.o
    0x080007c0   0x00000014   Code   RO         5887    i.ENC28J60_Read     bsp_enc28j60.o
    0x080007d4   0x00000044   Code   RO         5889    i.ENC28J60_Read_Op  bsp_enc28j60.o
    0x08000818   0x00000034   Code   RO         5890    i.ENC28J60_Set_Bank  bsp_enc28j60.o
    0x0800084c   0x00000018   Code   RO         5891    i.ENC28J60_Write    bsp_enc28j60.o
    0x08000864   0x00000038   Code   RO         5893    i.ENC28J60_Write_Op  bsp_enc28j60.o
    0x0800089c   0x00000088   Code   RO         5894    i.EXTI15_10_IRQHandler  bsp_enc28j60.o
    0x08000924   0x0000000c   Code   RO         1485    i.EXTI_ClearITPendingBit  stm32f4xx_exti.o
    0x08000930   0x00000018   Code   RO         1489    i.EXTI_GetITStatus  stm32f4xx_exti.o
    0x08000948   0x00000094   Code   RO         1490    i.EXTI_Init         stm32f4xx_exti.o
    0x080009dc   0x00000048   Code   RO         1844    i.FMC_GetFlagStatus  stm32f4xx_fmc.o
    0x08000a24   0x00000020   Code   RO         1861    i.FMC_SDRAMCmdConfig  stm32f4xx_fmc.o
    0x08000a44   0x00000144   Code   RO         1863    i.FMC_SDRAMInit     stm32f4xx_fmc.o
    0x08000b88   0x00000018   Code   RO         1867    i.FMC_SetRefreshCount  stm32f4xx_fmc.o
    0x08000ba0   0x00000090   Code   RO         2046    i.GPIO_Init         stm32f4xx_gpio.o
    0x08000c30   0x00000046   Code   RO         2047    i.GPIO_PinAFConfig  stm32f4xx_gpio.o
    0x08000c76   0x00000004   Code   RO         2053    i.GPIO_ResetBits    stm32f4xx_gpio.o
    0x08000c7a   0x00000004   Code   RO         2054    i.GPIO_SetBits      stm32f4xx_gpio.o
    0x08000c7e   0x00000004   Code   RO         5163    i.HardFault_Handler  stm32f4xx_it.o
    0x08000c82   0x00000002   PAD
    0x08000c84   0x00000070   Code   RO         5732    i.LED_GPIO_Config   bsp_led.o
    0x08000cf4   0x00000004   Code   RO         5164    i.MemManage_Handler  stm32f4xx_it.o
    0x08000cf8   0x00000012   Code   RO         6350    i.Mem_Clr           lib_mem.o
    0x08000d0a   0x00000002   PAD
    0x08000d0c   0x0000004c   Code   RO         6360    i.Mem_Init          lib_mem.o
    0x08000d58   0x0000004a   Code   RO         6373    i.Mem_SegCreate     lib_mem.o
    0x08000da2   0x00000002   PAD
    0x08000da4   0x00000020   Code   RO         6374    i.Mem_SegCreateCritical  lib_mem.o
    0x08000dc4   0x00000054   Code   RO         6377    i.Mem_Set           lib_mem.o
    0x08000e18   0x00000002   Code   RO         5165    i.NMI_Handler       stm32f4xx_it.o
    0x08000e1a   0x00000026   Code   RO         5895    i.NVIC_Configuration  bsp_enc28j60.o
    0x08000e40   0x00000078   Code   RO          164    i.NVIC_Init         misc.o
    0x08000eb8   0x00000014   Code   RO          165    i.NVIC_PriorityGroupConfig  misc.o
    0x08000ecc   0x00000002   Code   RO         6685    i.OSCfg_Init        os_cfg_app.o
    0x08000ece   0x00000002   PAD
    0x08000ed0   0x00000014   Code   RO         7775    i.OSIdleTaskHook    os_cpu_c.o
    0x08000ee4   0x00000164   Code   RO         6708    i.OSInit            os_core.o
    0x08001048   0x00000028   Code   RO         7776    i.OSInitHook        os_cpu_c.o
    0x08001070   0x0000002c   Code   RO         6709    i.OSIntEnter        os_core.o
    0x0800109c   0x000000dc   Code   RO         6710    i.OSIntExit         os_core.o
    0x08001178   0x00000070   Code   RO         7101    i.OSMutexCreate     os_mutex.o
    0x080011e8   0x000001d0   Code   RO         7103    i.OSMutexPend       os_mutex.o
    0x080013b8   0x0000018c   Code   RO         7105    i.OSMutexPost       os_mutex.o
    0x08001544   0x0000007c   Code   RO         7228    i.OSQCreate         os_q.o
    0x080015c0   0x000001b8   Code   RO         7231    i.OSQPend           os_q.o
    0x08001778   0x00000094   Code   RO         7233    i.OSQPost           os_q.o
    0x0800180c   0x000000a4   Code   RO         6711    i.OSSched           os_core.o
    0x080018b0   0x00000060   Code   RO         6712    i.OSSchedLock       os_core.o
    0x08001910   0x00000080   Code   RO         6713    i.OSSchedUnlock     os_core.o
    0x08001990   0x00000068   Code   RO         6714    i.OSStart           os_core.o
    0x080019f8   0x00000128   Code   RO         7372    i.OSStatReset       os_stat.o
    0x08001b20   0x000000f0   Code   RO         7373    i.OSStatTaskCPUUsageInit  os_stat.o
    0x08001c10   0x00000014   Code   RO         7777    i.OSStatTaskHook    os_cpu_c.o
    0x08001c24   0x00000190   Code   RO         7403    i.OSTaskCreate      os_task.o
    0x08001db4   0x00000018   Code   RO         7778    i.OSTaskCreateHook  os_cpu_c.o
    0x08001dcc   0x00000188   Code   RO         7404    i.OSTaskDel         os_task.o
    0x08001f54   0x00000018   Code   RO         7779    i.OSTaskDelHook     os_cpu_c.o
    0x08001f6c   0x00000054   Code   RO         7412    i.OSTaskResume      os_task.o
    0x08001fc0   0x00000018   Code   RO         7780    i.OSTaskReturnHook  os_cpu_c.o
    0x08001fd8   0x000001c8   Code   RO         7413    i.OSTaskSemPend     os_task.o
    0x080021a0   0x0000003e   Code   RO         7415    i.OSTaskSemPost     os_task.o
    0x080021de   0x00000002   PAD
    0x080021e0   0x000000c0   Code   RO         7417    i.OSTaskStkChk      os_task.o
    0x080022a0   0x000002c4   Code   RO         7781    i.OSTaskStkInit     os_cpu_c.o
    0x08002564   0x00000024   Code   RO         7418    i.OSTaskSuspend     os_task.o
    0x08002588   0x000000b8   Code   RO         7782    i.OSTaskSwHook      os_cpu_c.o
    0x08002640   0x000000a4   Code   RO         7622    i.OSTimeDly         os_time.o
    0x080026e4   0x00000044   Code   RO         7627    i.OSTimeTick        os_time.o
    0x08002728   0x00000014   Code   RO         7783    i.OSTimeTickHook    os_cpu_c.o
    0x0800273c   0x000000a0   Code   RO         7664    i.OSTmrCreate       os_tmr.o
    0x080027dc   0x000000ec   Code   RO         7667    i.OSTmrStart        os_tmr.o
    0x080028c8   0x00000038   Code   RO         7784    i.OS_CPU_SysTickHandler  os_cpu_c.o
    0x08002900   0x00000030   Code   RO         7785    i.OS_CPU_SysTickInit  os_cpu_c.o
    0x08002930   0x000001a8   Code   RO         6924    i.OS_Dbg_Init       os_dbg.o
    0x08002ad8   0x00000018   Code   RO         6949    i.OS_FlagInit       os_flag.o
    0x08002af0   0x00000044   Code   RO         6716    i.OS_IdleTask       os_core.o
    0x08002b34   0x00000070   Code   RO         6717    i.OS_IdleTaskInit   os_core.o
    0x08002ba4   0x00000018   Code   RO         7033    i.OS_MemInit        os_mem.o
    0x08002bbc   0x0000007c   Code   RO         7065    i.OS_MsgPoolInit    os_msg.o
    0x08002c38   0x00000044   Code   RO         7066    i.OS_MsgQFreeAll    os_msg.o
    0x08002c7c   0x00000068   Code   RO         7067    i.OS_MsgQGet        os_msg.o
    0x08002ce4   0x0000000e   Code   RO         7068    i.OS_MsgQInit       os_msg.o
    0x08002cf2   0x00000002   PAD
    0x08002cf4   0x00000104   Code   RO         7069    i.OS_MsgQPut        os_msg.o
    0x08002df8   0x00000030   Code   RO         7107    i.OS_MutexDbgListAdd  os_mutex.o
    0x08002e28   0x00000008   Code   RO         7109    i.OS_MutexGrpAdd    os_mutex.o
    0x08002e30   0x00000060   Code   RO         7110    i.OS_MutexGrpPostAll  os_mutex.o
    0x08002e90   0x0000002c   Code   RO         7111    i.OS_MutexGrpPrioFindHighest  os_mutex.o
    0x08002ebc   0x0000001c   Code   RO         7112    i.OS_MutexGrpRemove  os_mutex.o
    0x08002ed8   0x00000018   Code   RO         7113    i.OS_MutexInit      os_mutex.o
    0x08002ef0   0x00000068   Code   RO         6718    i.OS_Pend           os_core.o
    0x08002f58   0x00000028   Code   RO         6721    i.OS_PendDataInit   os_core.o
    0x08002f80   0x0000005c   Code   RO         6722    i.OS_PendDbgNameAdd  os_core.o
    0x08002fdc   0x00000024   Code   RO         6723    i.OS_PendDbgNameRemove  os_core.o
    0x08003000   0x0000003a   Code   RO         6724    i.OS_PendListChangePrio  os_core.o
    0x0800303a   0x0000000a   Code   RO         6725    i.OS_PendListInit   os_core.o
    0x08003044   0x00000066   Code   RO         6727    i.OS_PendListInsertPrio  os_core.o
    0x080030aa   0x00000034   Code   RO         6728    i.OS_PendListRemove  os_core.o
    0x080030de   0x00000042   Code   RO         6729    i.OS_PendListRemove1  os_core.o
    0x08003120   0x000000d6   Code   RO         6732    i.OS_Post           os_core.o
    0x080031f6   0x0000002c   Code   RO         6733    i.OS_Post1          os_core.o
    0x08003222   0x00000002   PAD
    0x08003224   0x00000028   Code   RO         7191    i.OS_PrioGetHighest  os_prio.o
    0x0800324c   0x00000018   Code   RO         7192    i.OS_PrioInit       os_prio.o
    0x08003264   0x00000024   Code   RO         7193    i.OS_PrioInsert     os_prio.o
    0x08003288   0x00000024   Code   RO         7194    i.OS_PrioRemove     os_prio.o
    0x080032ac   0x00000030   Code   RO         7235    i.OS_QDbgListAdd    os_q.o
    0x080032dc   0x00000018   Code   RO         7237    i.OS_QInit          os_q.o
    0x080032f4   0x000000be   Code   RO         7238    i.OS_QPost          os_q.o
    0x080033b2   0x00000002   PAD
    0x080033b4   0x00000024   Code   RO         6734    i.OS_RdyListInit    os_core.o
    0x080033d8   0x0000002c   Code   RO         6735    i.OS_RdyListInsert  os_core.o
    0x08003404   0x00000040   Code   RO         6736    i.OS_RdyListInsertHead  os_core.o
    0x08003444   0x0000003c   Code   RO         6737    i.OS_RdyListInsertTail  os_core.o
    0x08003480   0x0000005c   Code   RO         6739    i.OS_RdyListRemove  os_core.o
    0x080034dc   0x0000001c   Code   RO         6740    i.OS_SchedLockTimeMeasStart  os_core.o
    0x080034f8   0x0000003c   Code   RO         6741    i.OS_SchedLockTimeMeasStop  os_core.o
    0x08003534   0x00000018   Code   RO         7309    i.OS_SemInit        os_sem.o
    0x0800354c   0x000002e8   Code   RO         7374    i.OS_StatTask       os_stat.o
    0x08003834   0x000000cc   Code   RO         7375    i.OS_StatTaskInit   os_stat.o
    0x08003900   0x0000002c   Code   RO         6742    i.OS_TaskBlock      os_core.o
    0x0800392c   0x000000ec   Code   RO         7419    i.OS_TaskChangePrio  os_task.o
    0x08003a18   0x00000030   Code   RO         7420    i.OS_TaskDbgListAdd  os_task.o
    0x08003a48   0x00000044   Code   RO         7421    i.OS_TaskDbgListRemove  os_task.o
    0x08003a8c   0x00000020   Code   RO         7422    i.OS_TaskInit       os_task.o
    0x08003aac   0x000000bc   Code   RO         7423    i.OS_TaskInitTCB    os_task.o
    0x08003b68   0x00000100   Code   RO         7425    i.OS_TaskResume     os_task.o
    0x08003c68   0x00000018   Code   RO         7426    i.OS_TaskReturn     os_task.o
    0x08003c80   0x000001c4   Code   RO         7427    i.OS_TaskSemPost    os_task.o
    0x08003e44   0x00000118   Code   RO         7428    i.OS_TaskSuspend    os_task.o
    0x08003f5c   0x00000086   Code   RO         7570    i.OS_TickListInsert  os_tick.o
    0x08003fe2   0x00000002   PAD
    0x08003fe4   0x000000bc   Code   RO         7571    i.OS_TickListInsertDly  os_tick.o
    0x080040a0   0x00000058   Code   RO         7572    i.OS_TickListRemove  os_tick.o
    0x080040f8   0x00000002   Code   RO         7573    i.OS_TickListResetPeak  os_tick.o
    0x080040fa   0x00000002   PAD
    0x080040fc   0x00000098   Code   RO         7574    i.OS_TickListUpdateDly  os_tick.o
    0x08004194   0x00000114   Code   RO         7575    i.OS_TickListUpdateTimeout  os_tick.o
    0x080042a8   0x00000064   Code   RO         7576    i.OS_TickTask       os_tick.o
    0x0800430c   0x000000c8   Code   RO         7577    i.OS_TickTaskInit   os_tick.o
    0x080043d4   0x00000028   Code   RO         7671    i.OS_TmrDbgListAdd  os_tmr.o
    0x080043fc   0x00000134   Code   RO         7673    i.OS_TmrInit        os_tmr.o
    0x08004530   0x00000018   Code   RO         7674    i.OS_TmrLock        os_tmr.o
    0x08004548   0x00000002   Code   RO         7675    i.OS_TmrResetPeak   os_tmr.o
    0x0800454a   0x00000002   PAD
    0x0800454c   0x00000094   Code   RO         7676    i.OS_TmrTask        os_tmr.o
    0x080045e0   0x00000044   Code   RO         7677    i.OS_TmrUnlink      os_tmr.o
    0x08004624   0x00000014   Code   RO         7678    i.OS_TmrUnlock      os_tmr.o
    0x08004638   0x00000020   Code   RO         2960    i.RCC_AHB1PeriphClockCmd  stm32f4xx_rcc.o
    0x08004658   0x00000020   Code   RO         2966    i.RCC_AHB3PeriphClockCmd  stm32f4xx_rcc.o
    0x08004678   0x00000020   Code   RO         2972    i.RCC_APB2PeriphClockCmd  stm32f4xx_rcc.o
    0x08004698   0x000000e8   Code   RO         2981    i.RCC_GetClocksFreq  stm32f4xx_rcc.o
    0x08004780   0x000003a4   Code   RO         5589    i.SDRAM_GPIO_Config  bsp_sdram.o
    0x08004b24   0x00000070   Code   RO         5590    i.SDRAM_Init        bsp_sdram.o
    0x08004b94   0x000000b0   Code   RO         5591    i.SDRAM_InitSequence  bsp_sdram.o
    0x08004c44   0x00000024   Code   RO         5595    i.SDRAM_delay       bsp_sdram.o
    0x08004c68   0x00000018   Code   RO         4115    i.SPI_Cmd           stm32f4xx_spi.o
    0x08004c80   0x000000dc   Code   RO         5759    i.SPI_FLASH_Init    bsp_spi_flash.o
    0x08004d5c   0x00000012   Code   RO         4123    i.SPI_I2S_GetFlagStatus  stm32f4xx_spi.o
    0x08004d6e   0x00000006   Code   RO         4126    i.SPI_I2S_ReceiveData  stm32f4xx_spi.o
    0x08004d74   0x00000004   Code   RO         4127    i.SPI_I2S_SendData  stm32f4xx_spi.o
    0x08004d78   0x0000003c   Code   RO         4128    i.SPI_Init          stm32f4xx_spi.o
    0x08004db4   0x000001e8   Code   RO         5896    i.SPI_NETWORK_Init  bsp_enc28j60.o
    0x08004f9c   0x0000006c   Code   RO         5898    i.SPI_NETWORK_SendByte  bsp_enc28j60.o
    0x08005008   0x00000002   Code   RO         5167    i.SVC_Handler       stm32f4xx_it.o
    0x0800500a   0x00000002   PAD
    0x0800500c   0x00000040   Code   RO         4280    i.SYSCFG_EXTILineConfig  stm32f4xx_syscfg.o
    0x0800504c   0x00000120   Code   RO           13    i.SetSysClock       system_stm32f4xx.o
    0x0800516c   0x00000068   Code   RO           15    i.SystemInit        system_stm32f4xx.o
    0x080051d4   0x00000018   Code   RO         4907    i.USART_Cmd         stm32f4xx_usart.o
    0x080051ec   0x0000001a   Code   RO         4910    i.USART_GetFlagStatus  stm32f4xx_usart.o
    0x08005206   0x00000002   PAD
    0x08005208   0x000000d4   Code   RO         4914    i.USART_Init        stm32f4xx_usart.o
    0x080052dc   0x00000008   Code   RO         4924    i.USART_SendData    stm32f4xx_usart.o
    0x080052e4   0x00000098   Code   RO         5549    i.USARTx_Config     bsp_usart.o
    0x0800537c   0x00000004   Code   RO         5169    i.UsageFault_Handler  stm32f4xx_it.o
    0x08005380   0x00000020   Code   RO         7954    i.__0printf$3       mc_w.l(printf3.o)
    0x080053a0   0x0000000e   Code   RO         8166    i.__scatterload_copy  mc_w.l(handlers.o)
    0x080053ae   0x00000002   Code   RO         8167    i.__scatterload_null  mc_w.l(handlers.o)
    0x080053b0   0x0000000e   Code   RO         8168    i.__scatterload_zeroinit  mc_w.l(handlers.o)
    0x080053be   0x00000002   PAD
    0x080053c0   0x000001b8   Code   RO         7961    i._printf_core      mc_w.l(printf3.o)
    0x08005578   0x00000024   Code   RO         5551    i.fputc             bsp_usart.o
    0x0800559c   0x00000060   Code   RO         5239    i.main              app.o
    0x080055fc   0x00000014   Code   RO         5240    i.my_callback       app.o
    0x08005610   0x00000044   Code   RO         5651    i.my_mem_init       malloc.o
    0x08005654   0x00000040   Code   RO         5653    i.my_mem_perused    malloc.o
    0x08005694   0x00000014   Code   RO         5657    i.mymemset          malloc.o
    0x080056a8   0x000000c0   Code   RO         5899    i.spi1_init         bsp_enc28j60.o
    0x08005768   0x0000001b   Data   RO         5242    .constdata          app.o
    0x08005783   0x00000001   PAD
    0x08005784   0x00000018   Data   RO         5662    .constdata          malloc.o
    0x0800579c   0x00000015   Data   RO         5901    .constdata          bsp_enc28j60.o
    0x080057b1   0x00000003   PAD
    0x080057b4   0x00000094   Data   RO         6687    .constdata          os_cfg_app.o
    0x08005848   0x0000016c   Data   RO         6925    .constdata          os_dbg.o
    0x080059b4   0x00000020   Data   RO         8164    Region$$Table       anon$$obj.o


    Execution Region RW_IRAM1 (Base: 0x20000000, Size: 0x00003db0, Max: 0x00030000, ABSOLUTE)

    Base Addr    Size         Type   Attr      Idx    E Section Name        Object

    0x20000000   0x00000010   Data   RW         3013    .data               stm32f4xx_rcc.o
    0x20000010   0x00000002   Data   RW         5243    .data               app.o
    0x20000012   0x00000002   PAD
    0x20000014   0x00000020   Data   RW         5663    .data               malloc.o
    0x20000034   0x00000004   Data   RW         5902    .data               bsp_enc28j60.o
    0x20000038   0x00000004   Data   RW         6043    .data               cpu_core.o
    0x2000003c   0x00000004   Data   RW         6379    .data               lib_mem.o
    0x20000040   0x00000008   Data   RW         7195    .data               os_prio.o
    0x20000048   0x000000c4   Data   RW         7759    .data               os_var.o
    0x2000010c   0x00000004   Data   RW         7786    .data               os_cpu_c.o
    0x20000110   0x00000004   Data   RW         8140    .data               mc_w.l(stdout.o)
    0x20000114   0x000008a0   Zero   RW         5241    .bss                app.o
    0x200009b4   0x0000000c   PAD
    0x200009c0   0x00000400   Zero   RW         5661    .bss                malloc.o
    0x20000dc0   0x00000010   Zero   RW         5900    .bss                bsp_enc28j60.o
    0x20000dd0   0x00000010   Zero   RW         6041    .bss                cpu_core.o
    0x20000de0   0x00000c14   Zero   RW         6378    .bss                lib_mem.o
    0x200019f4   0x00000d80   Zero   RW         6686    .bss                os_cfg_app.o
    0x20002774   0x0000063c   Zero   RW         7758    .bss                os_var.o
    0x20002db0   0x00001000   Zero   RW            1    STACK               startup_stm32f429_439xx.o



  Load Region LR$$.ARM.__AT_0xD0000000 (Base: 0xd0000000, Size: 0x00000000, Max: 0x005a0000, ABSOLUTE)

    Execution Region ER$$.ARM.__AT_0xD0000000 (Base: 0xd0000000, Size: 0x005a0000, Max: 0x005a0000, ABSOLUTE, UNINIT)

    Base Addr    Size         Type   Attr      Idx    E Section Name        Object

    0xd0000000   0x005a0000   Zero   RW         5659    .ARM.__AT_0xD0000000  malloc.o



  Load Region LR$$.ARM.__AT_0xD05A0000 (Base: 0xd05a0000, Size: 0x00000000, Max: 0x0005a000, ABSOLUTE)

    Execution Region ER$$.ARM.__AT_0xD05A0000 (Base: 0xd05a0000, Size: 0x0005a000, Max: 0x0005a000, ABSOLUTE, UNINIT)

    Base Addr    Size         Type   Attr      Idx    E Section Name        Object

    0xd05a0000   0x0005a000   Zero   RW         5660    .ARM.__AT_0xD05A0000  malloc.o


==============================================================================

Image component sizes


      Code (inc. data)   RO Data    RW Data    ZI Data      Debug   Object Name

       948        410         27          2       2208      30992   app.o
       102         14          0          0          0       2077   bsp.o
      1196        156         21          4         16      14326   bsp_enc28j60.o
       112         10          0          0          0        602   bsp_led.o
      1256         28          0          0          0       3277   bsp_sdram.o
       220         10          0          0          0        745   bsp_spi_flash.o
       188         12          0          0          0       2512   bsp_usart.o
        52          0          0          0          0        336   cpu_a.o
         0          0          0          0          0       7780   cpu_c.o
       104         18          0          4         16       4988   cpu_core.o
       284         26          0          4       3092      15161   lib_mem.o
       152         24         24         32    6267904       3531   malloc.o
       140         24          0          0          0       1771   misc.o
         0          0          0          0          0      38259   os_app_hooks.o
         2          0        148          0       3456      19239   os_cfg_app.o
      2538        352          0          0          0      19206   os_core.o
       268         14          0          0          0        424   os_cpu_a.o
      1168        168          0          4          0      26771   os_cpu_c.o
       424        278        364          0          0       4753   os_dbg.o
        24         10          0          0          0        882   os_flag.o
        24         10          0          0          0        889   os_mem.o
       570         32          0          0          0       4190   os_msg.o
      1220         56          0          0          0       7131   os_mutex.o
       136         16          0          8          0       2922   os_prio.o
       974         46          0          0          0       5495   os_q.o
        24         10          0          0          0        881   os_sem.o
      1484        190          0          0          0       3943   os_stat.o
      3206        164          0          0          0      13669   os_task.o
      1140         88          0          0          0       6382   os_tick.o
       232         26          0          0          0       1649   os_time.o
      1006        172          0          0          0       6541   os_tmr.o
         0          0          0        196       1596      17860   os_var.o
        76         16        428          0       4096       1004   startup_stm32f429_439xx.o
       184         16          0          0          0       2380   stm32f4xx_exti.o
       452         20          0          0          0       3843   stm32f4xx_fmc.o
       222          0          0          0          0       3231   stm32f4xx_gpio.o
        22          0          0          0          0       3319   stm32f4xx_it.o
       328         36          0         16          0       5015   stm32f4xx_rcc.o
       112          0          0          0          0       3898   stm32f4xx_spi.o
        64          4          0          0          0        720   stm32f4xx_syscfg.o
       270          8          0          0          0       3600   stm32f4xx_usart.o
       392         32          0          0          0     301197   system_stm32f4xx.o

    ----------------------------------------------------------------------
     21344       2496       1048        272    6282396     597391   Object Totals
         0          0         32          0          0          0   (incl. Generated)
        28          0          4          2         12          0   (incl. Padding)

    ----------------------------------------------------------------------

      Code (inc. data)   RO Data    RW Data    ZI Data      Debug   Library Member Name

         0          0          0          0          0          0   entry.o
         0          0          0          0          0          0   entry10a.o
         0          0          0          0          0          0   entry11a.o
         8          4          0          0          0          0   entry2.o
         4          0          0          0          0          0   entry5.o
         0          0          0          0          0          0   entry7b.o
         0          0          0          0          0          0   entry8b.o
         8          4          0          0          0          0   entry9a.o
        30          0          0          0          0          0   handlers.o
        36          8          0          0          0         68   init.o
       472         14          0          0          0        184   printf3.o
         0          0          0          4          0          0   stdout.o
        44          0          0          0          0         80   uidiv.o

    ----------------------------------------------------------------------
       604         30          0          4          0        332   Library Totals
         2          0          0          0          0          0   (incl. Padding)

    ----------------------------------------------------------------------

      Code (inc. data)   RO Data    RW Data    ZI Data      Debug   Library Name

       602         30          0          4          0        332   mc_w.l

    ----------------------------------------------------------------------
       604         30          0          4          0        332   Library Totals

    ----------------------------------------------------------------------

==============================================================================


      Code (inc. data)   RO Data    RW Data    ZI Data      Debug   

     21948       2526       1048        276    6282396     579875   Grand Totals
     21948       2526       1048        276    6282396     579875   ELF Image Totals
     21948       2526       1048        276          0          0   ROM Totals

==============================================================================

    Total RO  Size (Code + RO Data)                22996 (  22.46kB)
    Total RW  Size (RW Data + ZI Data)           6282672 (6135.42kB)
    Total ROM Size (Code + RO Data + RW Data)      23272 (  22.73kB)

==============================================================================

