Component: ARM Compiler 5.05 update 1 (build 106) Tool: armlink [4d0efa]

==============================================================================

Section Cross References

    startup_stm32f429_439xx.o(RESET) refers to startup_stm32f429_439xx.o(STACK) for __initial_sp
    startup_stm32f429_439xx.o(RESET) refers to startup_stm32f429_439xx.o(.text) for Reset_Handler
    startup_stm32f429_439xx.o(RESET) refers to stm32f4xx_it.o(i.NMI_Handler) for NMI_Handler
    startup_stm32f429_439xx.o(RESET) refers to stm32f4xx_it.o(i.HardFault_Handler) for HardFault_Handler
    startup_stm32f429_439xx.o(RESET) refers to stm32f4xx_it.o(i.MemManage_Handler) for MemManage_Handler
    startup_stm32f429_439xx.o(RESET) refers to stm32f4xx_it.o(i.BusFault_Handler) for BusFault_Handler
    startup_stm32f429_439xx.o(RESET) refers to stm32f4xx_it.o(i.UsageFault_Handler) for UsageFault_Handler
    startup_stm32f429_439xx.o(RESET) refers to stm32f4xx_it.o(i.SVC_Handler) for SVC_Handler
    startup_stm32f429_439xx.o(RESET) refers to stm32f4xx_it.o(i.DebugMon_Handler) for DebugMon_Handler
    startup_stm32f429_439xx.o(RESET) refers to os_cpu_a.o(CODE) for OS_CPU_PendSVHandler
    startup_stm32f429_439xx.o(RESET) refers to os_cpu_c.o(i.OS_CPU_SysTickHandler) for OS_CPU_SysTickHandler
    startup_stm32f429_439xx.o(RESET) refers to bsp_enc28j60.o(i.EXTI15_10_IRQHandler) for EXTI15_10_IRQHandler
    startup_stm32f429_439xx.o(.text) refers to system_stm32f4xx.o(i.SystemInit) for SystemInit
    startup_stm32f429_439xx.o(.text) refers to entry.o(.ARM.Collect$$$$00000000) for __main
    system_stm32f4xx.o(i.SystemCoreClockUpdate) refers to system_stm32f4xx.o(.data) for SystemCoreClock
    system_stm32f4xx.o(i.SystemInit) refers to system_stm32f4xx.o(i.SetSysClock) for SetSysClock
    stm32f4xx_adc.o(i.ADC_DeInit) refers to stm32f4xx_rcc.o(i.RCC_APB2PeriphResetCmd) for RCC_APB2PeriphResetCmd
    stm32f4xx_can.o(i.CAN_DeInit) refers to stm32f4xx_rcc.o(i.RCC_APB1PeriphResetCmd) for RCC_APB1PeriphResetCmd
    stm32f4xx_can.o(i.CAN_GetITStatus) refers to stm32f4xx_can.o(i.CheckITStatus) for CheckITStatus
    stm32f4xx_cryp.o(i.CRYP_DeInit) refers to stm32f4xx_rcc.o(i.RCC_AHB2PeriphResetCmd) for RCC_AHB2PeriphResetCmd
    stm32f4xx_cryp_aes.o(i.CRYP_AES_CBC) refers to stm32f4xx_cryp.o(i.CRYP_KeyStructInit) for CRYP_KeyStructInit
    stm32f4xx_cryp_aes.o(i.CRYP_AES_CBC) refers to stm32f4xx_cryp.o(i.CRYP_FIFOFlush) for CRYP_FIFOFlush
    stm32f4xx_cryp_aes.o(i.CRYP_AES_CBC) refers to stm32f4xx_cryp.o(i.CRYP_Init) for CRYP_Init
    stm32f4xx_cryp_aes.o(i.CRYP_AES_CBC) refers to stm32f4xx_cryp.o(i.CRYP_KeyInit) for CRYP_KeyInit
    stm32f4xx_cryp_aes.o(i.CRYP_AES_CBC) refers to stm32f4xx_cryp.o(i.CRYP_Cmd) for CRYP_Cmd
    stm32f4xx_cryp_aes.o(i.CRYP_AES_CBC) refers to stm32f4xx_cryp.o(i.CRYP_GetFlagStatus) for CRYP_GetFlagStatus
    stm32f4xx_cryp_aes.o(i.CRYP_AES_CBC) refers to stm32f4xx_cryp.o(i.CRYP_IVInit) for CRYP_IVInit
    stm32f4xx_cryp_aes.o(i.CRYP_AES_CBC) refers to stm32f4xx_cryp.o(i.CRYP_GetCmdStatus) for CRYP_GetCmdStatus
    stm32f4xx_cryp_aes.o(i.CRYP_AES_CBC) refers to stm32f4xx_cryp.o(i.CRYP_DataIn) for CRYP_DataIn
    stm32f4xx_cryp_aes.o(i.CRYP_AES_CBC) refers to stm32f4xx_cryp.o(i.CRYP_DataOut) for CRYP_DataOut
    stm32f4xx_cryp_aes.o(i.CRYP_AES_CCM) refers to stm32f4xx_cryp.o(i.CRYP_KeyStructInit) for CRYP_KeyStructInit
    stm32f4xx_cryp_aes.o(i.CRYP_AES_CCM) refers to stm32f4xx_cryp.o(i.CRYP_FIFOFlush) for CRYP_FIFOFlush
    stm32f4xx_cryp_aes.o(i.CRYP_AES_CCM) refers to stm32f4xx_cryp.o(i.CRYP_KeyInit) for CRYP_KeyInit
    stm32f4xx_cryp_aes.o(i.CRYP_AES_CCM) refers to stm32f4xx_cryp.o(i.CRYP_IVInit) for CRYP_IVInit
    stm32f4xx_cryp_aes.o(i.CRYP_AES_CCM) refers to stm32f4xx_cryp.o(i.CRYP_Init) for CRYP_Init
    stm32f4xx_cryp_aes.o(i.CRYP_AES_CCM) refers to stm32f4xx_cryp.o(i.CRYP_PhaseConfig) for CRYP_PhaseConfig
    stm32f4xx_cryp_aes.o(i.CRYP_AES_CCM) refers to stm32f4xx_cryp.o(i.CRYP_DataIn) for CRYP_DataIn
    stm32f4xx_cryp_aes.o(i.CRYP_AES_CCM) refers to stm32f4xx_cryp.o(i.CRYP_Cmd) for CRYP_Cmd
    stm32f4xx_cryp_aes.o(i.CRYP_AES_CCM) refers to stm32f4xx_cryp.o(i.CRYP_GetCmdStatus) for CRYP_GetCmdStatus
    stm32f4xx_cryp_aes.o(i.CRYP_AES_CCM) refers to stm32f4xx_cryp.o(i.CRYP_GetFlagStatus) for CRYP_GetFlagStatus
    stm32f4xx_cryp_aes.o(i.CRYP_AES_CCM) refers to stm32f4xx_cryp.o(i.CRYP_DataOut) for CRYP_DataOut
    stm32f4xx_cryp_aes.o(i.CRYP_AES_CTR) refers to stm32f4xx_cryp.o(i.CRYP_KeyStructInit) for CRYP_KeyStructInit
    stm32f4xx_cryp_aes.o(i.CRYP_AES_CTR) refers to stm32f4xx_cryp.o(i.CRYP_KeyInit) for CRYP_KeyInit
    stm32f4xx_cryp_aes.o(i.CRYP_AES_CTR) refers to stm32f4xx_cryp.o(i.CRYP_Init) for CRYP_Init
    stm32f4xx_cryp_aes.o(i.CRYP_AES_CTR) refers to stm32f4xx_cryp.o(i.CRYP_IVInit) for CRYP_IVInit
    stm32f4xx_cryp_aes.o(i.CRYP_AES_CTR) refers to stm32f4xx_cryp.o(i.CRYP_FIFOFlush) for CRYP_FIFOFlush
[...]
    OS_TmrDbgListAdd                         0x08004b21   Thumb Code    34  os_tmr.o(i.OS_TmrDbgListAdd)
    OS_TmrInit                               0x08004b49   Thumb Code   200  os_tmr.o(i.OS_TmrInit)
    OS_TmrResetPeak                          0x08004c95   Thumb Code     2  os_tmr.o(i.OS_TmrResetPeak)
    OS_TmrTask                               0x08004c99   Thumb Code   134  os_tmr.o(i.OS_TmrTask)
    OS_TmrUnlink                             0x08004d2d   Thumb Code    58  os_tmr.o(i.OS_TmrUnlink)
    RCC_AHB1PeriphClockCmd                   0x08004d85   Thumb Code    26  stm32f4xx_rcc.o(i.RCC_AHB1PeriphClockCmd)
    RCC_AHB3PeriphClockCmd                   0x08004da5   Thumb Code    26  stm32f4xx_rcc.o(i.RCC_AHB3PeriphClockCmd)
    RCC_APB2PeriphClockCmd                   0x08004dc5   Thumb Code    26  stm32f4xx_rcc.o(i.RCC_APB2PeriphClockCmd)
    RCC_GetClocksFreq                        0x08004de5   Thumb Code   214  stm32f4xx_rcc.o(i.RCC_GetClocksFreq)
    SDRAM_Init                               0x08005271   Thumb Code   112  bsp_sdram.o(i.SDRAM_Init)
    SPI_Cmd                                  0x080053b5   Thumb Code    24  stm32f4xx_spi.o(i.SPI_Cmd)
    SPI_FLASH_Init                           0x080053cd   Thumb Code   210  bsp_spi_flash.o(i.SPI_FLASH_Init)
    SPI_I2S_GetFlagStatus                    0x080054a9   Thumb Code    18  stm32f4xx_spi.o(i.SPI_I2S_GetFlagStatus)
    SPI_I2S_ReceiveData                      0x080054bb   Thumb Code     6  stm32f4xx_spi.o(i.SPI_I2S_ReceiveData)
    SPI_I2S_SendData                         0x080054c1   Thumb Code     4  stm32f4xx_spi.o(i.SPI_I2S_SendData)
    SPI_Init                                 0x080054c5   Thumb Code    60  stm32f4xx_spi.o(i.SPI_Init)
    SPI_NETWORK_Init                         0x08005501   Thumb Code   476  bsp_enc28j60.o(i.SPI_NETWORK_Init)
    SPI_NETWORK_SendByte                     0x08005701   Thumb Code    78  bsp_enc28j60.o(i.SPI_NETWORK_SendByte)
    SVC_Handler                              0x08005755   Thumb Code     2  stm32f4xx_it.o(i.SVC_Handler)
    SYSCFG_EXTILineConfig                    0x08005759   Thumb Code    60  stm32f4xx_syscfg.o(i.SYSCFG_EXTILineConfig)
    SystemInit                               0x080058b9   Thumb Code    88  system_stm32f4xx.o(i.SystemInit)
    USART_Cmd                                0x08005921   Thumb Code    24  stm32f4xx_usart.o(i.USART_Cmd)
    USART_GetFlagStatus                      0x08005939   Thumb Code    26  stm32f4xx_usart.o(i.USART_GetFlagStatus)
    USART_Init                               0x08005955   Thumb Code   204  stm32f4xx_usart.o(i.USART_Init)
    USART_SendData                           0x08005a29   Thumb Code     8  stm32f4xx_usart.o(i.USART_SendData)
    USARTx_Config                            0x08005a31   Thumb Code   144  bsp_usart.o(i.USARTx_Config)
    UsageFault_Handler                       0x08005ac9   Thumb Code     4  stm32f4xx_it.o(i.UsageFault_Handler)
    __0printf$3                              0x08005acd   Thumb Code    22  printf3.o(i.__0printf$3)
    __1printf$3                              0x08005acd   Thumb Code     0  printf3.o(i.__0printf$3)
    __2printf                                0x08005acd   Thumb Code     0  printf3.o(i.__0printf$3)
    __scatterload_copy                       0x08005aed   Thumb Code    14  handlers.o(i.__scatterload_copy)
    __scatterload_null                       0x08005afb   Thumb Code     2  handlers.o(i.__scatterload_null)
    __scatterload_zeroinit                   0x08005afd   Thumb Code    14  handlers.o(i.__scatterload_zeroinit)
    dhcp_arp_reply                           0x08005ce5   Thumb Code    76  dhcp.o(i.dhcp_arp_reply)
    dhcp_coarse_tmr                          0x08005f99   Thumb Code    74  dhcp.o(i.dhcp_coarse_tmr)
    dhcp_fine_tmr                            0x0800657d   Thumb Code    68  dhcp.o(i.dhcp_fine_tmr)
    dhcp_release                             0x0800734d   Thumb Code   178  dhcp.o(i.dhcp_release)
    dhcp_renew                               0x08007405   Thumb Code   150  dhcp.o(i.dhcp_renew)
    dhcp_start                               0x080075b1   Thumb Code   300  dhcp.o(i.dhcp_start)
    dhcp_stop                                0x08007779   Thumb Code   106  dhcp.o(i.dhcp_stop)
    etharp_cleanup_netif                     0x08007b91   Thumb Code    52  etharp.o(i.etharp_cleanup_netif)
    etharp_output                            0x08007f39   Thumb Code   378  etharp.o(i.etharp_output)
    etharp_query                             0x08008265   Thumb Code   460  etharp.o(i.etharp_query)
    etharp_request                           0x08008689   Thumb Code    40  etharp.o(i.etharp_request)
    etharp_tmr                               0x08008771   Thumb Code   144  etharp.o(i.etharp_tmr)
    ethernet_input                           0x08008965   Thumb Code   200  etharp.o(i.ethernet_input)
    ethernetif_init                          0x08008ab1   Thumb Code    56  ethernetif.o(i.ethernetif_init)
    ethernetif_input                         0x08008b5d   Thumb Code    48  ethernetif.o(i.ethernetif_input)
    fputc                                    0x08008b8d   Thumb Code    32  bsp_usart.o(i.fputc)
    icmp_dest_unreach                        0x08008bb1   Thumb Code    18  icmp.o(i.icmp_dest_unreach)
    icmp_input                               0x08008bc5   Thumb Code   524  icmp.o(i.icmp_input)
    icmp_time_exceeded                       0x08009049   Thumb Code    18  icmp.o(i.icmp_time_exceeded)
    inet_chksum                              0x0800905b   Thumb Code    20  inet_chksum.o(i.inet_chksum)
    inet_chksum_pbuf                         0x0800906f   Thumb Code    86  inet_chksum.o(i.inet_chksum_pbuf)
    inet_chksum_pseudo                       0x080090c5   Thumb Code   170  inet_chksum.o(i.inet_chksum_pseudo)
    ip4_addr_isbroadcast                     0x0800916f   Thumb Code    78  ip_addr.o(i.ip4_addr_isbroadcast)
    ip_frag                                  0x080091bd   Thumb Code   448  ip_frag.o(i.ip_frag)
    ip_input                                 0x080094a1   Thumb Code   508  ip.o(i.ip_input)
    ip_output                                0x080096b1   Thumb Code    84  ip.o(i.ip_output)
    ip_output_if                             0x0800976d   Thumb Code   318  ip.o(i.ip_output_if)
    ip_reass                                 0x08009949   Thumb Code   410  ip_frag.o(i.ip_reass)
    ip_reass_tmr                             0x0800a18d   Thumb Code    56  ip_frag.o(i.ip_reass_tmr)
    ip_route                                 0x0800a1c9   Thumb Code    80  ip.o(i.ip_route)
    lwip_comm_default_ip_set                 0x0800a425   Thumb Code   102  lwip_comm.o(i.lwip_comm_default_ip_set)
    lwip_comm_dhcp_creat                     0x0800a491   Thumb Code    92  lwip_comm.o(i.lwip_comm_dhcp_creat)
    lwip_comm_dhcp_delete                    0x0800a501   Thumb Code    18  lwip_comm.o(i.lwip_comm_dhcp_delete)
    lwip_comm_init                           0x0800a51d   Thumb Code    96  lwip_comm.o(i.lwip_comm_init)
    lwip_comm_mem_free                       0x0800a58d   Thumb Code    44  lwip_comm.o(i.lwip_comm_mem_free)
    lwip_comm_mem_malloc                     0x0800a5c9   Thumb Code   108  lwip_comm.o(i.lwip_comm_mem_malloc)
    lwip_dhcp_task                           0x0800a6b1   Thumb Code   428  lwip_comm.o(i.lwip_dhcp_task)
    lwip_htonl                               0x0800aa19   Thumb Code    26  def.o(i.lwip_htonl)
    lwip_htons                               0x0800aa33   Thumb Code    12  def.o(i.lwip_htons)
    lwip_init                                0x0800aa3f   Thumb Code    36  init.o(i.lwip_init)
    lwip_ntohl                               0x0800aa63   Thumb Code    12  def.o(i.lwip_ntohl)
    lwip_ntohs                               0x0800aa6f   Thumb Code    12  def.o(i.lwip_ntohs)
    lwip_pkt_handle                          0x0800aa7d   Thumb Code    10  lwip_comm.o(i.lwip_pkt_handle)
    lwip_socket_init                         0x0800aa8d   Thumb Code     2  sockets.o(i.lwip_socket_init)
    main                                     0x0800aaed   Thumb Code    68  app.o(i.main)
    mem_free                                 0x0800ab4d   Thumb Code   184  mem.o(i.mem_free)
    mem_init                                 0x0800acbd   Thumb Code   114  mem.o(i.mem_init)
    mem_malloc                               0x0800adb9   Thumb Code   390  mem.o(i.mem_malloc)
    mem_trim                                 0x0800b049   Thumb Code   338  mem.o(i.mem_trim)
    memp_free                                0x0800b23d   Thumb Code    76  memp.o(i.memp_free)
    memp_get_memorysize                      0x0800b305   Thumb Code     8  memp.o(i.memp_get_memorysize)
    memp_init                                0x0800b30d   Thumb Code    86  memp.o(i.memp_init)
    memp_malloc                              0x0800b375   Thumb Code   104  memp.o(i.memp_malloc)
    my_mem_free                              0x0800b491   Thumb Code    96  malloc.o(i.my_mem_free)
    my_mem_init                              0x0800b4fd   Thumb Code    54  malloc.o(i.my_mem_init)
    my_mem_malloc                            0x0800b541   Thumb Code   172  malloc.o(i.my_mem_malloc)
    my_mem_perused                           0x0800b5f9   Thumb Code    54  malloc.o(i.my_mem_perused)
    myfree                                   0x0800b639   Thumb Code    30  malloc.o(i.myfree)
    mymalloc                                 0x0800b65d   Thumb Code    34  malloc.o(i.mymalloc)
    mymemset                                 0x0800b685   Thumb Code    20  malloc.o(i.mymemset)
    netif_add                                0x0800b699   Thumb Code   150  netif.o(i.netif_add)
    netif_init                               0x0800b7a9   Thumb Code     2  netif.o(i.netif_init)
    netif_set_addr                           0x0800b7ab   Thumb Code    40  netif.o(i.netif_set_addr)
    netif_set_default                        0x0800b7d5   Thumb Code    10  netif.o(i.netif_set_default)
    netif_set_down                           0x0800b7e5   Thumb Code    42  netif.o(i.netif_set_down)
    netif_set_gw                             0x0800b80f   Thumb Code    16  netif.o(i.netif_set_gw)
    netif_set_ipaddr                         0x0800b821   Thumb Code   124  netif.o(i.netif_set_ipaddr)
    netif_set_netmask                        0x0800b8a5   Thumb Code    16  netif.o(i.netif_set_netmask)
    netif_set_up                             0x0800b8b5   Thumb Code    54  netif.o(i.netif_set_up)
    pbuf_alloc                               0x0800b8ed   Thumb Code   660  pbuf.o(i.pbuf_alloc)
    pbuf_alloced_custom                      0x0800bd19   Thumb Code   148  pbuf.o(i.pbuf_alloced_custom)
    pbuf_cat                                 0x0800be29   Thumb Code   126  pbuf.o(i.pbuf_cat)
    pbuf_chain                               0x0800bf79   Thumb Code    26  pbuf.o(i.pbuf_chain)
    pbuf_clen                                0x0800bf93   Thumb Code    18  pbuf.o(i.pbuf_clen)
    pbuf_copy                                0x0800bfa5   Thumb Code   326  pbuf.o(i.pbuf_copy)
    pbuf_copy_partial                        0x0800c1e5   Thumb Code   182  pbuf.o(i.pbuf_copy_partial)
    pbuf_free                                0x0800c339   Thumb Code   276  pbuf.o(i.pbuf_free)
    pbuf_header                              0x0800c551   Thumb Code   200  pbuf.o(i.pbuf_header)
    pbuf_realloc                             0x0800c6f5   Thumb Code   252  pbuf.o(i.pbuf_realloc)
    pbuf_ref                                 0x0800c8c5   Thumb Code    26  pbuf.o(i.pbuf_ref)
    raw_input                                0x0800ca9d   Thumb Code   102  raw.o(i.raw_input)
    spi1_init                                0x0800cb11   Thumb Code   178  bsp_enc28j60.o(i.spi1_init)
    sys_arch_mbox_fetch                      0x0800cbcd   Thumb Code    64  sys_arch.o(i.sys_arch_mbox_fetch)
    sys_arch_protect                         0x0800cc0d   Thumb Code    22  sys_arch.o(i.sys_arch_protect)
    sys_arch_sem_wait                        0x0800cc23   Thumb Code    52  sys_arch.o(i.sys_arch_sem_wait)
    sys_arch_unprotect                       0x0800cc57   Thumb Code    22  sys_arch.o(i.sys_arch_unprotect)
    sys_init                                 0x0800cc6d   Thumb Code     2  sys_arch.o(i.sys_init)
    sys_mbox_new                             0x0800cc71   Thumb Code    60  sys_arch.o(i.sys_mbox_new)
    sys_mbox_post                            0x0800cd11   Thumb Code    86  sys_arch.o(i.sys_mbox_post)
    sys_mbox_trypost                         0x0800cdd1   Thumb Code    44  sys_arch.o(i.sys_mbox_trypost)
    sys_mbox_valid                           0x0800ce01   Thumb Code    30  sys_arch.o(i.sys_mbox_valid)
    sys_sem_new                              0x0800ce25   Thumb Code    60  sys_arch.o(i.sys_sem_new)
    sys_sem_signal                           0x0800cec9   Thumb Code    44  sys_arch.o(i.sys_sem_signal)
    sys_thread_new                           0x0800cf4d   Thumb Code   114  sys_arch.o(i.sys_thread_new)
    sys_timeout                              0x0800cfd9   Thumb Code   174  timers.o(i.sys_timeout)
    sys_timeouts_init                        0x0800d129   Thumb Code    52  timers.o(i.sys_timeouts_init)
    sys_timeouts_mbox_fetch                  0x0800d16d   Thumb Code   132  timers.o(i.sys_timeouts_mbox_fetch)
    sys_untimeout                            0x0800d1f5   Thumb Code    90  timers.o(i.sys_untimeout)
    tcp_abandon                              0x0800d255   Thumb Code   174  tcp.o(i.tcp_abandon)
    tcp_abort                                0x0800d39d   Thumb Code    14  tcp.o(i.tcp_abort)
    tcp_alloc                                0x0800d3ad   Thumb Code   180  tcp.o(i.tcp_alloc)
    tcp_close                                0x0800d471   Thumb Code    28  tcp.o(i.tcp_close)
    tcp_eff_send_mss                         0x0800d799   Thumb Code    46  tcp.o(i.tcp_eff_send_mss)
    tcp_enqueue_flags                        0x0800d7c9   Thumb Code   418  tcp_out.o(i.tcp_enqueue_flags)
    tcp_fasttmr                              0x0800da75   Thumb Code   114  tcp.o(i.tcp_fasttmr)
    tcp_init                                 0x0800daf5   Thumb Code     2  tcp.o(i.tcp_init)
    tcp_input                                0x0800daf9   Thumb Code  1716  tcp_in.o(i.tcp_input)
    tcp_keepalive                            0x0800e1d5   Thumb Code   102  tcp_out.o(i.tcp_keepalive)
    tcp_next_iss                             0x0800e411   Thumb Code    20  tcp.o(i.tcp_next_iss)
    tcp_output                               0x0800e4bd   Thumb Code   492  tcp_out.o(i.tcp_output)
    tcp_pcb_purge                            0x0800ea25   Thumb Code   106  tcp.o(i.tcp_pcb_purge)
    tcp_pcb_remove                           0x0800ea91   Thumb Code   210  tcp.o(i.tcp_pcb_remove)
    tcp_process_refused_data                 0x0800f2a9   Thumb Code   152  tcp.o(i.tcp_process_refused_data)
    tcp_recv_null                            0x0801011d   Thumb Code    46  tcp.o(i.tcp_recv_null)
    tcp_recved                               0x0801014d   Thumb Code   128  tcp.o(i.tcp_recved)
    tcp_rexmit                               0x08010271   Thumb Code    90  tcp_out.o(i.tcp_rexmit)
    tcp_rexmit_fast                          0x080102cb   Thumb Code   120  tcp_out.o(i.tcp_rexmit_fast)
    tcp_rexmit_rto                           0x08010343   Thumb Code    58  tcp_out.o(i.tcp_rexmit_rto)
    tcp_rst                                  0x0801037d   Thumb Code   174  tcp_out.o(i.tcp_rst)
    tcp_seg_copy                             0x080104b9   Thumb Code    38  tcp.o(i.tcp_seg_copy)
    tcp_seg_free                             0x080104df   Thumb Code    26  tcp.o(i.tcp_seg_free)
    tcp_segs_free                            0x080104f9   Thumb Code    24  tcp.o(i.tcp_segs_free)
    tcp_send_empty_ack                       0x08010511   Thumb Code   104  tcp_out.o(i.tcp_send_empty_ack)
    tcp_send_fin                             0x08010579   Thumb Code    74  tcp_out.o(i.tcp_send_fin)
    tcp_slowtmr                              0x080105c5   Thumb Code  1436  tcp.o(i.tcp_slowtmr)
    tcp_timer_needed                         0x08010be9   Thumb Code    38  timers.o(i.tcp_timer_needed)
    tcp_tmr                                  0x08010ccd   Thumb Code    30  tcp.o(i.tcp_tmr)
    tcp_update_rcv_ann_wnd                   0x08010cf1   Thumb Code   102  tcp.o(i.tcp_update_rcv_ann_wnd)
    tcp_zero_window_probe                    0x08010dcd   Thumb Code   198  tcp_out.o(i.tcp_zero_window_probe)
    tcpip_callback_with_block                0x08010e95   Thumb Code    90  tcpip.o(i.tcpip_callback_with_block)
    tcpip_init                               0x08010ef5   Thumb Code    72  tcpip.o(i.tcpip_init)
    udp_bind                                 0x0801117d   Thumb Code   170  udp.o(i.udp_bind)
    udp_connect                              0x08011291   Thumb Code    98  udp.o(i.udp_connect)
    udp_init                                 0x080112f9   Thumb Code     2  udp.o(i.udp_init)
    udp_input                                0x080112fd   Thumb Code   550  udp.o(i.udp_input)
    udp_new                                  0x080115b1   Thumb Code    28  udp.o(i.udp_new)
    udp_recv                                 0x08011625   Thumb Code     6  udp.o(i.udp_recv)
    udp_remove                               0x0801162d   Thumb Code    60  udp.o(i.udp_remove)
    udp_sendto_if                            0x0801166d   Thumb Code   304  udp.o(i.udp_sendto_if)
    memtblsize                               0x08011834   Data           8  malloc.o(.constdata)
    memblksize                               0x0801183c   Data           8  malloc.o(.constdata)
    memsize                                  0x08011844   Data           8  malloc.o(.constdata)
    OSCfg_IdleTaskStkBasePtr                 0x08011884   Data           4  os_cfg_app.o(.constdata)
    OSCfg_IdleTaskStkLimit                   0x08011888   Data           4  os_cfg_app.o(.constdata)
    OSCfg_IdleTaskStkSize                    0x0801188c   Data           4  os_cfg_app.o(.constdata)
    OSCfg_IdleTaskStkSizeRAM                 0x08011890   Data           4  os_cfg_app.o(.constdata)
    OSCfg_IntQBasePtr                        0x08011894   Data           4  os_cfg_app.o(.constdata)
    OSCfg_IntQSize                           0x08011898   Data           2  os_cfg_app.o(.constdata)
    OSCfg_IntQSizeRAM                        0x0801189c   Data           4  os_cfg_app.o(.constdata)
    OSCfg_IntQTaskStkBasePtr                 0x080118a0   Data           4  os_cfg_app.o(.constdata)
    OSCfg_IntQTaskStkLimit                   0x080118a4   Data           4  os_cfg_app.o(.constdata)
    OSCfg_IntQTaskStkSize                    0x080118a8   Data           4  os_cfg_app.o(.constdata)
    OSCfg_IntQTaskStkSizeRAM                 0x080118ac   Data           4  os_cfg_app.o(.constdata)
    OSCfg_ISRStkBasePtr                      0x080118b0   Data           4  os_cfg_app.o(.constdata)
    OSCfg_ISRStkSize                         0x080118b4   Data           4  os_cfg_app.o(.constdata)
    OSCfg_ISRStkSizeRAM                      0x080118b8   Data           4  os_cfg_app.o(.constdata)
    OSCfg_MsgPoolSize                        0x080118bc   Data           2  os_cfg_app.o(.constdata)
    OSCfg_MsgPoolSizeRAM                     0x080118c0   Data           4  os_cfg_app.o(.constdata)
    OSCfg_MsgPoolBasePtr                     0x080118c4   Data           4  os_cfg_app.o(.constdata)
    OSCfg_StatTaskPrio                       0x080118c8   Data           1  os_cfg_app.o(.constdata)
    OSCfg_StatTaskRate_Hz                    0x080118cc   Data           4  os_cfg_app.o(.constdata)
    OSCfg_StatTaskStkBasePtr                 0x080118d0   Data           4  os_cfg_app.o(.constdata)
    OSCfg_StatTaskStkLimit                   0x080118d4   Data           4  os_cfg_app.o(.constdata)
    OSCfg_StatTaskStkSize                    0x080118d8   Data           4  os_cfg_app.o(.constdata)
    OSCfg_StatTaskStkSizeRAM                 0x080118dc   Data           4  os_cfg_app.o(.constdata)
    OSCfg_StkSizeMin                         0x080118e0   Data           4  os_cfg_app.o(.constdata)
    OSCfg_TickRate_Hz                        0x080118e4   Data           4  os_cfg_app.o(.constdata)
    OSCfg_TickTaskPrio                       0x080118e8   Data           1  os_cfg_app.o(.constdata)
    OSCfg_TickTaskStkBasePtr                 0x080118ec   Data           4  os_cfg_app.o(.constdata)
    OSCfg_TickTaskStkLimit                   0x080118f0   Data           4  os_cfg_app.o(.constdata)
    OSCfg_TickTaskStkSize                    0x080118f4   Data           4  os_cfg_app.o(.constdata)
    OSCfg_TickTaskStkSizeRAM                 0x080118f8   Data           4  os_cfg_app.o(.constdata)
    OSCfg_TmrTaskPrio                        0x080118fc   Data           1  os_cfg_app.o(.constdata)
    OSCfg_TmrTaskRate_Hz                     0x08011900   Data           4  os_cfg_app.o(.constdata)
    OSCfg_TmrTaskStkBasePtr                  0x08011904   Data           4  os_cfg_app.o(.constdata)
    OSCfg_TmrTaskStkLimit                    0x08011908   Data           4  os_cfg_app.o(.constdata)
    OSCfg_TmrTaskStkSize                     0x0801190c   Data           4  os_cfg_app.o(.constdata)
    OSCfg_TmrTaskStkSizeRAM                  0x08011910   Data           4  os_cfg_app.o(.constdata)
    OSCfg_DataSizeRAM                        0x08011914   Data           4  os_cfg_app.o(.constdata)
    OSDbg_DbgEn                              0x08011918   Data           1  os_dbg.o(.constdata)
    OSDbg_ArgChkEn                           0x08011919   Data           1  os_dbg.o(.constdata)
    OSDbg_AppHooksEn                         0x0801191a   Data           1  os_dbg.o(.constdata)
    OSDbg_EndiannessTest                     0x0801191c   Data           4  os_dbg.o(.constdata)
    OSDbg_CalledFromISRChkEn                 0x08011920   Data           1  os_dbg.o(.constdata)
    OSDbg_FlagEn                             0x08011921   Data           1  os_dbg.o(.constdata)
    OSDbg_FlagGrp                            0x08011924   Data          40  os_dbg.o(.constdata)
    OSDbg_FlagDelEn                          0x0801194c   Data           1  os_dbg.o(.constdata)
    OSDbg_FlagModeClrEn                      0x0801194d   Data           1  os_dbg.o(.constdata)
    OSDbg_FlagPendAbortEn                    0x0801194e   Data           1  os_dbg.o(.constdata)
    OSDbg_FlagGrpSize                        0x08011950   Data           2  os_dbg.o(.constdata)
    OSDbg_FlagWidth                          0x08011952   Data           2  os_dbg.o(.constdata)
    OSDbg_IntQ                               0x08011954   Data           2  os_dbg.o(.constdata)
    OSDbg_ISRPostDeferredEn                  0x08011956   Data           1  os_dbg.o(.constdata)
    OSDbg_Mem                                0x08011958   Data          32  os_dbg.o(.constdata)
    OSDbg_MemEn                              0x08011978   Data           1  os_dbg.o(.constdata)
    OSDbg_MemSize                            0x0801197a   Data           2  os_dbg.o(.constdata)
    OSDbg_MsgEn                              0x0801197c   Data           1  os_dbg.o(.constdata)
    OSDbg_MsgSize                            0x0801197e   Data           2  os_dbg.o(.constdata)
    OSDbg_MsgPoolSize                        0x08011980   Data           2  os_dbg.o(.constdata)
    OSDbg_MsgQSize                           0x08011982   Data           2  os_dbg.o(.constdata)
    OSDbg_Mutex                              0x08011984   Data          48  os_dbg.o(.constdata)
    OSDbg_MutexEn                            0x080119b4   Data           1  os_dbg.o(.constdata)
    OSDbg_MutexDelEn                         0x080119b5   Data           1  os_dbg.o(.constdata)
    OSDbg_MutexPendAbortEn                   0x080119b6   Data           1  os_dbg.o(.constdata)
    OSDbg_MutexSize                          0x080119b8   Data           2  os_dbg.o(.constdata)
    OSDbg_ObjTypeChkEn                       0x080119ba   Data           1  os_dbg.o(.constdata)
    OSDbg_PendMultiEn                        0x080119bb   Data           1  os_dbg.o(.constdata)
    OSDbg_PendDataSize                       0x080119bc   Data           2  os_dbg.o(.constdata)
    OSDbg_PendListSize                       0x080119be   Data           2  os_dbg.o(.constdata)
    OSDbg_PendObjSize                        0x080119c0   Data           2  os_dbg.o(.constdata)
    OSDbg_PrioMax                            0x080119c2   Data           2  os_dbg.o(.constdata)
    OSDbg_PrioTblSize                        0x080119c4   Data           2  os_dbg.o(.constdata)
    OSDbg_PtrSize                            0x080119c6   Data           2  os_dbg.o(.constdata)
    OSDbg_Q                                  0x080119c8   Data          48  os_dbg.o(.constdata)
    OSDbg_QEn                                0x080119f8   Data           1  os_dbg.o(.constdata)
    OSDbg_QDelEn                             0x080119f9   Data           1  os_dbg.o(.constdata)
    OSDbg_QFlushEn                           0x080119fa   Data           1  os_dbg.o(.constdata)
    OSDbg_QPendAbortEn                       0x080119fb   Data           1  os_dbg.o(.constdata)
    OSDbg_QSize                              0x080119fc   Data           2  os_dbg.o(.constdata)
    OSDbg_SchedRoundRobinEn                  0x080119fe   Data           1  os_dbg.o(.constdata)
    OSDbg_Sem                                0x08011a00   Data          40  os_dbg.o(.constdata)
    OSDbg_SemEn                              0x08011a28   Data           1  os_dbg.o(.constdata)
    OSDbg_SemDelEn                           0x08011a29   Data           1  os_dbg.o(.constdata)
    OSDbg_SemPendAbortEn                     0x08011a2a   Data           1  os_dbg.o(.constdata)
    OSDbg_SemSetEn                           0x08011a2b   Data           1  os_dbg.o(.constdata)
    OSDbg_SemSize                            0x08011a2c   Data           2  os_dbg.o(.constdata)
    OSDbg_RdyList                            0x08011a2e   Data           2  os_dbg.o(.constdata)
    OSDbg_RdyListSize                        0x08011a30   Data           4  os_dbg.o(.constdata)
    OSDbg_StkWidth                           0x08011a34   Data           1  os_dbg.o(.constdata)
    OSDbg_StatTaskEn                         0x08011a35   Data           1  os_dbg.o(.constdata)
    OSDbg_StatTaskStkChkEn                   0x08011a36   Data           1  os_dbg.o(.constdata)
    OSDbg_TaskChangePrioEn                   0x08011a37   Data           1  os_dbg.o(.constdata)
    OSDbg_TaskDelEn                          0x08011a38   Data           1  os_dbg.o(.constdata)
    OSDbg_TaskQEn                            0x08011a39   Data           1  os_dbg.o(.constdata)
    OSDbg_TaskQPendAbortEn                   0x08011a3a   Data           1  os_dbg.o(.constdata)
    OSDbg_TaskProfileEn                      0x08011a3b   Data           1  os_dbg.o(.constdata)
    OSDbg_TaskRegTblSize                     0x08011a3c   Data           2  os_dbg.o(.constdata)
    OSDbg_TaskSemPendAbortEn                 0x08011a3e   Data           1  os_dbg.o(.constdata)
    OSDbg_TaskSuspendEn                      0x08011a3f   Data           1  os_dbg.o(.constdata)
    OSDbg_TCBSize                            0x08011a40   Data           2  os_dbg.o(.constdata)
    OSDbg_TickListSize                       0x08011a42   Data           2  os_dbg.o(.constdata)
    OSDbg_TimeDlyHMSMEn                      0x08011a44   Data           1  os_dbg.o(.constdata)
    OSDbg_TimeDlyResumeEn                    0x08011a45   Data           1  os_dbg.o(.constdata)
    OSDbg_TLS_TblSize                        0x08011a46   Data           2  os_dbg.o(.constdata)
    OSDbg_Tmr                                0x08011a48   Data          48  os_dbg.o(.constdata)
    OSDbg_TmrEn                              0x08011a78   Data           1  os_dbg.o(.constdata)
    OSDbg_TmrDelEn                           0x08011a79   Data           1  os_dbg.o(.constdata)
    OSDbg_TmrSize                            0x08011a7a   Data           2  os_dbg.o(.constdata)
    OSDbg_VersionNbr                         0x08011a7c   Data           2  os_dbg.o(.constdata)
    OSDbg_DataSize                           0x08011a80   Data           4  os_dbg.o(.constdata)
    ethbroadcast                             0x08011a84   Data           6  etharp.o(.constdata)
    ethzero                                  0x08011a8a   Data           6  etharp.o(.constdata)
    ip_addr_any                              0x08011a90   Data           4  ip_addr.o(.constdata)
    ip_addr_broadcast                        0x08011a94   Data           4  ip_addr.o(.constdata)
    tcp_state_str                            0x08011ad0   Data          44  tcp.o(.constdata)
    tcp_backoff                              0x08011afc   Data          13  tcp.o(.constdata)
    tcp_persist_backoff                      0x08011b09   Data           7  tcp.o(.constdata)
    tcp_pcb_lists                            0x08011b10   Data          16  tcp.o(.constdata)
    pvNullPointer                            0x08011b20   Data           4  sys_arch.o(.constdata)
    Region$$Table$$Base                      0x08011d74   Number         0  anon$$obj.o(Region$$Table)
    Region$$Table$$Limit                     0x08011d94   Number         0  anon$$obj.o(Region$$Table)
    ucValue                                  0x20000010   Data           2  app.o(.data)
    mem1mapbase                              0x20000014   Data           2  malloc.o(.data)
    mallco_dev                               0x20000018   Data          28  malloc.o(.data)
    CPU_TS_TmrFreq_Hz                        0x20000034   Data           4  cpu_core.o(.data)
    Mem_SegHeadPtr                           0x20000038   Data           4  lib_mem.o(.data)
    OSPrioTbl                                0x2000003c   Data           8  os_prio.o(.data)
    OS_AppTaskCreateHookPtr                  0x20000044   Data           4  os_var.o(.data)
    OS_AppTaskDelHookPtr                     0x20000048   Data           4  os_var.o(.data)
    OS_AppTaskReturnHookPtr                  0x2000004c   Data           4  os_var.o(.data)
    OS_AppIdleTaskHookPtr                    0x20000050   Data           4  os_var.o(.data)
    OS_AppStatTaskHookPtr                    0x20000054   Data           4  os_var.o(.data)
    OS_AppTaskSwHookPtr                      0x20000058   Data           4  os_var.o(.data)
    OS_AppTimeTickHookPtr                    0x2000005c   Data           4  os_var.o(.data)
    OSIdleTaskCtr                            0x20000060   Data           4  os_var.o(.data)
    OSIntNestingCtr                          0x20000064   Data           1  os_var.o(.data)
    OSRunning                                0x20000065   Data           1  os_var.o(.data)
    OSFlagDbgListPtr                         0x20000068   Data           4  os_var.o(.data)
    OSFlagQty                                0x2000006c   Data           2  os_var.o(.data)
    OSMemDbgListPtr                          0x20000070   Data           4  os_var.o(.data)
    OSMemQty                                 0x20000074   Data           2  os_var.o(.data)
    OSMutexDbgListPtr                        0x20000078   Data           4  os_var.o(.data)
    OSMutexQty                               0x2000007c   Data           2  os_var.o(.data)
    OSPrioCur                                0x2000007e   Data           1  os_var.o(.data)
    OSPrioHighRdy                            0x2000007f   Data           1  os_var.o(.data)
    OSPrioSaved                              0x20000080   Data           1  os_var.o(.data)
    OSQDbgListPtr                            0x20000084   Data           4  os_var.o(.data)
    OSQQty                                   0x20000088   Data           2  os_var.o(.data)
    OSSchedLockTimeBegin                     0x2000008c   Data           4  os_var.o(.data)
    OSSchedLockTimeMax                       0x20000090   Data           4  os_var.o(.data)
    OSSchedLockTimeMaxCur                    0x20000094   Data           4  os_var.o(.data)
    OSSchedLockNestingCtr                    0x20000098   Data           1  os_var.o(.data)
    OSSemDbgListPtr                          0x2000009c   Data           4  os_var.o(.data)
    OSSemQty                                 0x200000a0   Data           2  os_var.o(.data)
    OSStatResetFlag                          0x200000a2   Data           1  os_var.o(.data)
    OSStatTaskCPUUsage                       0x200000a4   Data           2  os_var.o(.data)
    OSStatTaskCPUUsageMax                    0x200000a6   Data           2  os_var.o(.data)
    OSStatTaskCtr                            0x200000a8   Data           4  os_var.o(.data)
    OSStatTaskCtrMax                         0x200000ac   Data           4  os_var.o(.data)
    OSStatTaskCtrRun                         0x200000b0   Data           4  os_var.o(.data)
    OSStatTaskRdy                            0x200000b4   Data           1  os_var.o(.data)
    OSStatTaskTimeMax                        0x200000b8   Data           4  os_var.o(.data)
    OSTaskCtxSwCtr                           0x200000bc   Data           4  os_var.o(.data)
    OSTaskDbgListPtr                         0x200000c0   Data           4  os_var.o(.data)
    OSTaskQty                                0x200000c4   Data           2  os_var.o(.data)
    OSTaskRegNextAvailID                     0x200000c6   Data           1  os_var.o(.data)
    OSTickCtr                                0x200000c8   Data           4  os_var.o(.data)
    OSTickTaskTimeMax                        0x200000cc   Data           4  os_var.o(.data)
    OSTickListDly                            0x200000d0   Data           8  os_var.o(.data)
    OSTickListTimeout                        0x200000d8   Data           8  os_var.o(.data)
    OSTmrDbgListPtr                          0x200000e0   Data           4  os_var.o(.data)
    OSTmrListEntries                         0x200000e4   Data           2  os_var.o(.data)
    OSTmrListPtr                             0x200000e8   Data           4  os_var.o(.data)
    OSTmrQty                                 0x200000ec   Data           2  os_var.o(.data)
    OSTmrTaskTimeMax                         0x200000f0   Data           4  os_var.o(.data)
    OSTmrTickCtr                             0x200000f4   Data           4  os_var.o(.data)
    OSTmrUpdateCnt                           0x200000f8   Data           4  os_var.o(.data)
    OSTmrUpdateCtr                           0x200000fc   Data           4  os_var.o(.data)
    OSTCBCurPtr                              0x20000100   Data           4  os_var.o(.data)
    OSTCBHighRdyPtr                          0x20000104   Data           4  os_var.o(.data)
    OS_CPU_ExceptStkBase                     0x20000108   Data           4  os_cpu_c.o(.data)
    current_netif                            0x20000110   Data           4  ip.o(.data)
    current_header                           0x20000114   Data           4  ip.o(.data)
    current_iphdr_src                        0x20000118   Data           4  ip.o(.data)
    current_iphdr_dest                       0x2000011c   Data           4  ip.o(.data)
    ram_heap                                 0x20000130   Data           4  mem.o(.data)
    memp_memory                              0x20000178   Data           4  memp.o(.data)
    netif_list                               0x2000017c   Data           4  netif.o(.data)
    netif_default                            0x20000180   Data           4  netif.o(.data)
    pbuf_free_ooseq_pending                  0x20000185   Data           1  pbuf.o(.data)
    tcp_ticks                                0x20000190   Data           4  tcp.o(.data)
    tcp_bound_pcbs                           0x20000194   Data           4  tcp.o(.data)
    tcp_listen_pcbs                          0x20000198   Data           4  tcp.o(.data)
    tcp_active_pcbs                          0x2000019c   Data           4  tcp.o(.data)
    tcp_tw_pcbs                              0x200001a0   Data           4  tcp.o(.data)
    tcp_tmp_pcb                              0x200001a4   Data           4  tcp.o(.data)
    tcp_active_pcbs_changed                  0x200001a8   Data           1  tcp.o(.data)
    tcp_input_pcb                            0x200001cc   Data           4  tcp_in.o(.data)
    udp_pcbs                                 0x200001dc   Data           4  udp.o(.data)
    TCPIP_THREAD_TASK_STK                    0x200001e8   Data           4  lwip_comm.o(.data)
    LWIP_DHCP_TASK_STK                       0x200001ec   Data           4  lwip_comm.o(.data)
    TCPTimer                                 0x200001f0   Data           4  lwip_comm.o(.data)
    ARPTimer                                 0x200001f4   Data           4  lwip_comm.o(.data)
    lwip_localtime                           0x200001f8   Data           4  lwip_comm.o(.data)
    DHCPfineTimer                            0x200001fc   Data           4  lwip_comm.o(.data)
    DHCPcoarseTimer                          0x20000200   Data           4  lwip_comm.o(.data)
    __stdout                                 0x20000204   Data           4  stdout.o(.data)
    p_mutex                                  0x20000208   Data          48  app.o(.bss)
    p_q                                      0x20000238   Data          48  app.o(.bss)
    mem1base                                 0x20000ac0   Data        1024  malloc.o(.bss)
    enc28j60_dev                             0x20000ec0   Data          16  bsp_enc28j60.o(.bss)
    CPU_Name                                 0x20000ed0   Data          16  cpu_core.o(.bss)
    Mem_Heap                                 0x20000ee0   Data        3072  lib_mem.o(.bss)
    Mem_SegHeap                              0x20001ae0   Data          20  lib_mem.o(.bss)
    OSCfg_IdleTaskStk                        0x20001af4   Data         256  os_cfg_app.o(.bss)
    OSCfg_ISRStk                             0x20001bf4   Data         400  os_cfg_app.o(.bss)
    OSCfg_MsgPool                            0x20001d84   Data        1600  os_cfg_app.o(.bss)
    OSCfg_StatTaskStk                        0x200023c4   Data         400  os_cfg_app.o(.bss)
    OSCfg_TickTaskStk                        0x20002554   Data         400  os_cfg_app.o(.bss)
    OSCfg_TmrTaskStk                         0x200026e4   Data         400  os_cfg_app.o(.bss)
    OSIdleTaskTCB                            0x20002874   Data         192  os_var.o(.bss)
    OSMsgPool                                0x20002934   Data          12  os_var.o(.bss)
    OSRdyList                                0x20002940   Data         768  os_var.o(.bss)
    OSStatTaskTCB                            0x20002c40   Data         192  os_var.o(.bss)
    OSTickTaskTCB                            0x20002d00   Data         192  os_var.o(.bss)
    OSTmrMutex                               0x20002dc0   Data          48  os_var.o(.bss)
    OSTmrTaskTCB                             0x20002df0   Data         192  os_var.o(.bss)
    dhcp_rx_options_val                      0x20002f78   Data          40  dhcp.o(.bss)
    dhcp_rx_options_given                    0x20002fa0   Data          10  dhcp.o(.bss)
    LwIP_task_TCB                            0x20003050   Data         192  sys_arch.o(.bss)
    lwipdev                                  0x20003110   Data          23  lwip_comm.o(.bss)
    lwip_netif                               0x20003128   Data          52  lwip_comm.o(.bss)
    AppTaskDHCPTCB                           0x2000315c   Data         192  lwip_comm.o(.bss)
    __initial_sp                             0x20004220   Data           0  startup_stm32f429_439xx.o(STACK)
    mem2base                                 0xd0000000   Data       5898240  malloc.o(.ARM.__AT_0xD0000000)
    mem2mapbase                              0xd05a0000   Data       368640  malloc.o(.ARM.__AT_0xD05A0000)



==============================================================================

Memory Map of the image

  Image Entry point : 0x080001ad

  Load Region LR_IROM1 (Base: 0x08000000, Size: 0x00011f9c, Max: 0x00100000, ABSOLUTE, COMPRESSED[0x00011df4])

    Execution Region ER_IROM1 (Base: 0x08000000, Size: 0x00011d94, Max: 0x00100000, ABSOLUTE)

    Base Addr    Size         Type   Attr      Idx    E Section Name        Object

    0x08000000   0x000001ac   Data   RO            3    RESET               startup_stm32f429_439xx.o
    0x080001ac   0x00000000   Code   RO        10986  * .ARM.Collect$$$$00000000  mc_w.l(entry.o)
    0x080001ac   0x00000004   Code   RO        11292    .ARM.Collect$$$$00000001  mc_w.l(entry2.o)
    0x080001b0   0x00000004   Code   RO        11295    .ARM.Collect$$$$00000004  mc_w.l(entry5.o)
    0x080001b4   0x00000000   Code   RO        11297    .ARM.Collect$$$$00000008  mc_w.l(entry7b.o)
    0x080001b4   0x00000000   Code   RO        11299    .ARM.Collect$$$$0000000A  mc_w.l(entry8b.o)
    0x080001b4   0x00000008   Code   RO        11300    .ARM.Collect$$$$0000000B  mc_w.l(entry9a.o)
    0x080001bc   0x00000000   Code   RO        11302    .ARM.Collect$$$$0000000D  mc_w.l(entry10a.o)
    0x080001bc   0x00000000   Code   RO        11304    .ARM.Collect$$$$0000000F  mc_w.l(entry11a.o)
    0x080001bc   0x00000004   Code   RO        11293    .ARM.Collect$$$$00002712  mc_w.l(entry2.o)
    0x080001c0   0x0000004c   Code   RO            4    .text               startup_stm32f429_439xx.o
    0x0800020c   0x00000034   Code   RO         6151    .text               cpu_a.o
    0x08000240   0x00000024   Code   RO        11019    .text               mc_w.l(memcpya.o)
    0x08000264   0x00000024   Code   RO        11021    .text               mc_w.l(memseta.o)
    0x08000288   0x0000001c   Code   RO        11025    .text               mc_w.l(strcmp.o)
    0x080002a4   0x0000001a   Code   RO        11027    .text               mc_w.l(memcmp.o)
    0x080002be   0x0000002c   Code   RO        11307    .text               mc_w.l(uidiv.o)
    0x080002ea   0x00000002   PAD
    0x080002ec   0x00000024   Code   RO        11324    .text               mc_w.l(init.o)
    0x08000310   0x00000056   Code   RO        11338    .text               mc_w.l(__dczerorl2.o)
    0x08000366   0x00000002   PAD
    0x08000368   0x0000010c   Code   RO         7775    CODE                os_cpu_a.o
    0x08000474   0x00000060   Code   RO         5236    i.AppMutexTest      app.o
    0x080004d4   0x000000e0   Code   RO         5237    i.AppMutexTest1     app.o
    0x080005b4   0x0000014c   Code   RO         5238    i.AppTaskStart      app.o
    0x08000700   0x0000000e   Code   RO         5477    i.BSP_CPU_ClkFreq   bsp.o
    0x0800070e   0x00000018   Code   RO         5478    i.BSP_Init          bsp.o
    0x08000726   0x00000004   Code   RO         5161    i.BusFault_Handler  stm32f4xx_it.o
    0x0800072a   0x0000000c   Code   RO         6033    i.CPU_Init          cpu_core.o
    0x08000736   0x00000002   PAD
    0x08000738   0x00000030   Code   RO         6034    i.CPU_NameClr       cpu_core.o
    0x08000768   0x00000008   Code   RO         6036    i.CPU_NameInit      cpu_core.o
    0x08000770   0x00000004   Code   RO         6038    i.CPU_SW_Exception  cpu_core.o
    0x08000774   0x00000014   Code   RO         6040    i.CPU_TS_Init       cpu_core.o
    0x08000788   0x0000000c   Code   RO         6042    i.CPU_TS_TmrFreqSet  cpu_core.o
    0x08000794   0x00000034   Code   RO         5481    i.CPU_TS_TmrInit    bsp.o
    0x080007c8   0x0000000c   Code   RO         5482    i.CPU_TS_TmrRd      bsp.o
    0x080007d4   0x00000002   Code   RO         5162    i.DebugMon_Handler  stm32f4xx_it.o
    0x080007d6   0x0000000e   Code   RO         5885    i.ENC28J60_Get_EREVID  bsp_enc28j60.o
    0x080007e4   0x000000e0   Code   RO         5886    i.ENC28J60_ISRHandler  bsp_enc28j60.o
    0x080008c4   0x000000d0   Code   RO         5889    i.ENC28J60_Packet_Receive  bsp_enc28j60.o
    0x08000994   0x00000092   Code   RO         5890    i.ENC28J60_Packet_Send  bsp_enc28j60.o
    0x08000a26   0x00000014   Code   RO         5891    i.ENC28J60_Read     bsp_enc28j60.o
    0x08000a3a   0x00000002   PAD
    0x08000a3c   0x0000003c   Code   RO         5892    i.ENC28J60_Read_Buf  bsp_enc28j60.o
    0x08000a78   0x00000098   Code   RO         5893    i.ENC28J60_Read_Op  bsp_enc28j60.o
    0x08000b10   0x00000084   Code   RO         5894    i.ENC28J60_Set_Bank  bsp_enc28j60.o
    0x08000b94   0x00000018   Code   RO         5895    i.ENC28J60_Write    bsp_enc28j60.o
    0x08000bac   0x00000038   Code   RO         5896    i.ENC28J60_Write_Buf  bsp_enc28j60.o
    0x08000be4   0x0000003c   Code   RO         5897    i.ENC28J60_Write_Op  bsp_enc28j60.o
    0x08000c20   0x0000008c   Code   RO         5898    i.EXTI15_10_IRQHandler  bsp_enc28j60.o
    0x08000cac   0x0000000c   Code   RO         1485    i.EXTI_ClearITPendingBit  stm32f4xx_exti.o
    0x08000cb8   0x00000018   Code   RO         1489    i.EXTI_GetITStatus  stm32f4xx_exti.o
    0x08000cd0   0x00000094   Code   RO         1490    i.EXTI_Init         stm32f4xx_exti.o
    0x08000d64   0x00000048   Code   RO         1844    i.FMC_GetFlagStatus  stm32f4xx_fmc.o
    0x08000dac   0x00000020   Code   RO         1861    i.FMC_SDRAMCmdConfig  stm32f4xx_fmc.o
    0x08000dcc   0x00000144   Code   RO         1863    i.FMC_SDRAMInit     stm32f4xx_fmc.o
    0x08000f10   0x00000018   Code   RO         1867    i.FMC_SetRefreshCount  stm32f4xx_fmc.o
    0x08000f28   0x00000090   Code   RO         2046    i.GPIO_Init         stm32f4xx_gpio.o
    0x08000fb8   0x00000046   Code   RO         2047    i.GPIO_PinAFConfig  stm32f4xx_gpio.o
    0x08000ffe   0x00000004   Code   RO         2053    i.GPIO_ResetBits    stm32f4xx_gpio.o
    0x08001002   0x00000004   Code   RO         2054    i.GPIO_SetBits      stm32f4xx_gpio.o
    0x08001006   0x00000004   Code   RO         5163    i.HardFault_Handler  stm32f4xx_it.o
    0x0800100a   0x00000002   PAD
    0x0800100c   0x00000070   Code   RO         5736    i.LED_GPIO_Config   bsp_led.o
    0x0800107c   0x00000004   Code   RO         5164    i.MemManage_Handler  stm32f4xx_it.o
    0x08001080   0x00000012   Code   RO         6353    i.Mem_Clr           lib_mem.o
    0x08001092   0x00000002   PAD
    0x08001094   0x0000004c   Code   RO         6363    i.Mem_Init          lib_mem.o
    0x080010e0   0x0000004a   Code   RO         6376    i.Mem_SegCreate     lib_mem.o
    0x0800112a   0x00000002   PAD
    0x0800112c   0x00000020   Code   RO         6377    i.Mem_SegCreateCritical  lib_mem.o
    0x0800114c   0x00000054   Code   RO         6380    i.Mem_Set           lib_mem.o
    0x080011a0   0x00000002   Code   RO         5165    i.NMI_Handler       stm32f4xx_it.o
    0x080011a2   0x00000026   Code   RO         5899    i.NVIC_Configuration  bsp_enc28j60.o
    0x080011c8   0x00000078   Code   RO          164    i.NVIC_Init         misc.o
    0x08001240   0x00000014   Code   RO          165    i.NVIC_PriorityGroupConfig  misc.o
    0x08001254   0x00000002   Code   RO         6688    i.OSCfg_Init        os_cfg_app.o
    0x08001256   0x00000002   PAD
    0x08001258   0x00000014   Code   RO         7778    i.OSIdleTaskHook    os_cpu_c.o
    0x0800126c   0x00000164   Code   RO         6711    i.OSInit            os_core.o
    0x080013d0   0x00000028   Code   RO         7779    i.OSInitHook        os_cpu_c.o
    0x080013f8   0x0000002c   Code   RO         6712    i.OSIntEnter        os_core.o
    0x08001424   0x000000dc   Code   RO         6713    i.OSIntExit         os_core.o
    0x08001500   0x00000070   Code   RO         7104    i.OSMutexCreate     os_mutex.o
    0x08001570   0x000001d0   Code   RO         7106    i.OSMutexPend       os_mutex.o
    0x08001740   0x0000018c   Code   RO         7108    i.OSMutexPost       os_mutex.o
    0x080018cc   0x0000007c   Code   RO         7231    i.OSQCreate         os_q.o
    0x08001948   0x000001b8   Code   RO         7234    i.OSQPend           os_q.o
    0x08001b00   0x00000094   Code   RO         7236    i.OSQPost           os_q.o
    0x08001b94   0x000000a4   Code   RO         6714    i.OSSched           os_core.o
    0x08001c38   0x00000060   Code   RO         6715    i.OSSchedLock       os_core.o
    0x08001c98   0x00000080   Code   RO         6716    i.OSSchedUnlock     os_core.o
    0x08001d18   0x0000006c   Code   RO         7303    i.OSSemCreate       os_sem.o
    0x08001d84   0x00000190   Code   RO         7305    i.OSSemPend         os_sem.o
    0x08001f14   0x00000070   Code   RO         7307    i.OSSemPost         os_sem.o
    0x08001f84   0x00000068   Code   RO         6717    i.OSStart           os_core.o
    0x08001fec   0x00000128   Code   RO         7375    i.OSStatReset       os_stat.o
    0x08002114   0x000000f0   Code   RO         7376    i.OSStatTaskCPUUsageInit  os_stat.o
    0x08002204   0x00000014   Code   RO         7780    i.OSStatTaskHook    os_cpu_c.o
    0x08002218   0x00000190   Code   RO         7406    i.OSTaskCreate      os_task.o
    0x080023a8   0x00000018   Code   RO         7781    i.OSTaskCreateHook  os_cpu_c.o
    0x080023c0   0x00000188   Code   RO         7407    i.OSTaskDel         os_task.o
    0x08002548   0x00000018   Code   RO         7782    i.OSTaskDelHook     os_cpu_c.o
    0x08002560   0x00000054   Code   RO         7415    i.OSTaskResume      os_task.o
    0x080025b4   0x00000018   Code   RO         7783    i.OSTaskReturnHook  os_cpu_c.o
    0x080025cc   0x000001c8   Code   RO         7416    i.OSTaskSemPend     os_task.o
    0x08002794   0x0000003e   Code   RO         7418    i.OSTaskSemPost     os_task.o
    0x080027d2   0x00000002   PAD
    0x080027d4   0x000000c0   Code   RO         7420    i.OSTaskStkChk      os_task.o
    0x08002894   0x000002c4   Code   RO         7784    i.OSTaskStkInit     os_cpu_c.o
    0x08002b58   0x00000024   Code   RO         7421    i.OSTaskSuspend     os_task.o
    0x08002b7c   0x000000b8   Code   RO         7785    i.OSTaskSwHook      os_cpu_c.o
    0x08002c34   0x000000a4   Code   RO         7625    i.OSTimeDly         os_time.o
    0x08002cd8   0x00000044   Code   RO         7630    i.OSTimeTick        os_time.o
    0x08002d1c   0x00000014   Code   RO         7786    i.OSTimeTickHook    os_cpu_c.o
    0x08002d30   0x000000a0   Code   RO         7667    i.OSTmrCreate       os_tmr.o
    0x08002dd0   0x000000ec   Code   RO         7670    i.OSTmrStart        os_tmr.o
    0x08002ebc   0x00000038   Code   RO         7787    i.OS_CPU_SysTickHandler  os_cpu_c.o
    0x08002ef4   0x00000030   Code   RO         7788    i.OS_CPU_SysTickInit  os_cpu_c.o
    0x08002f24   0x000001a8   Code   RO         6927    i.OS_Dbg_Init       os_dbg.o
    0x080030cc   0x00000018   Code   RO         6952    i.OS_FlagInit       os_flag.o
    0x080030e4   0x00000044   Code   RO         6719    i.OS_IdleTask       os_core.o
    0x08003128   0x00000070   Code   RO         6720    i.OS_IdleTaskInit   os_core.o
    0x08003198   0x00000018   Code   RO         7036    i.OS_MemInit        os_mem.o
    0x080031b0   0x0000007c   Code   RO         7068    i.OS_MsgPoolInit    os_msg.o
    0x0800322c   0x00000044   Code   RO         7069    i.OS_MsgQFreeAll    os_msg.o
    0x08003270   0x00000068   Code   RO         7070    i.OS_MsgQGet        os_msg.o
    0x080032d8   0x0000000e   Code   RO         7071    i.OS_MsgQInit       os_msg.o
    0x080032e6   0x00000002   PAD
    0x080032e8   0x00000104   Code   RO         7072    i.OS_MsgQPut        os_msg.o
    0x080033ec   0x00000030   Code   RO         7110    i.OS_MutexDbgListAdd  os_mutex.o
    0x0800341c   0x00000008   Code   RO         7112    i.OS_MutexGrpAdd    os_mutex.o
    0x08003424   0x00000060   Code   RO         7113    i.OS_MutexGrpPostAll  os_mutex.o
    0x08003484   0x0000002c   Code   RO         7114    i.OS_MutexGrpPrioFindHighest  os_mutex.o
    0x080034b0   0x0000001c   Code   RO         7115    i.OS_MutexGrpRemove  os_mutex.o
    0x080034cc   0x00000018   Code   RO         7116    i.OS_MutexInit      os_mutex.o
    0x080034e4   0x00000068   Code   RO         6721    i.OS_Pend           os_core.o
    0x0800354c   0x00000028   Code   RO         6724    i.OS_PendDataInit   os_core.o
    0x08003574   0x0000005c   Code   RO         6725    i.OS_PendDbgNameAdd  os_core.o
    0x080035d0   0x00000024   Code   RO         6726    i.OS_PendDbgNameRemove  os_core.o
    0x080035f4   0x0000003a   Code   RO         6727    i.OS_PendListChangePrio  os_core.o
    0x0800362e   0x0000000a   Code   RO         6728    i.OS_PendListInit   os_core.o
    0x08003638   0x00000066   Code   RO         6730    i.OS_PendListInsertPrio  os_core.o
    0x0800369e   0x00000034   Code   RO         6731    i.OS_PendListRemove  os_core.o
    0x080036d2   0x00000042   Code   RO         6732    i.OS_PendListRemove1  os_core.o
    0x08003714   0x000000d6   Code   RO         6735    i.OS_Post           os_core.o
    0x080037ea   0x0000002c   Code   RO         6736    i.OS_Post1          os_core.o
    0x08003816   0x00000002   PAD
    0x08003818   0x00000028   Code   RO         7194    i.OS_PrioGetHighest  os_prio.o
    0x08003840   0x00000018   Code   RO         7195    i.OS_PrioInit       os_prio.o
    0x08003858   0x00000024   Code   RO         7196    i.OS_PrioInsert     os_prio.o
    0x0800387c   0x00000024   Code   RO         7197    i.OS_PrioRemove     os_prio.o
    0x080038a0   0x00000030   Code   RO         7238    i.OS_QDbgListAdd    os_q.o
    0x080038d0   0x00000018   Code   RO         7240    i.OS_QInit          os_q.o
    0x080038e8   0x000000be   Code   RO         7241    i.OS_QPost          os_q.o
    0x080039a6   0x00000002   PAD
    0x080039a8   0x00000024   Code   RO         6737    i.OS_RdyListInit    os_core.o
    0x080039cc   0x0000002c   Code   RO         6738    i.OS_RdyListInsert  os_core.o
    0x080039f8   0x00000040   Code   RO         6739    i.OS_RdyListInsertHead  os_core.o
    0x08003a38   0x0000003c   Code   RO         6740    i.OS_RdyListInsertTail  os_core.o
    0x08003a74   0x0000005c   Code   RO         6742    i.OS_RdyListRemove  os_core.o
    0x08003ad0   0x0000001c   Code   RO         6743    i.OS_SchedLockTimeMeasStart  os_core.o
    0x08003aec   0x0000003c   Code   RO         6744    i.OS_SchedLockTimeMeasStop  os_core.o
    0x08003b28   0x00000030   Code   RO         7310    i.OS_SemDbgListAdd  os_sem.o
    0x08003b58   0x00000018   Code   RO         7312    i.OS_SemInit        os_sem.o
    0x08003b70   0x00000126   Code   RO         7313    i.OS_SemPost        os_sem.o
    0x08003c96   0x00000002   PAD
    0x08003c98   0x000002e8   Code   RO         7377    i.OS_StatTask       os_stat.o
    0x08003f80   0x000000cc   Code   RO         7378    i.OS_StatTaskInit   os_stat.o
    0x0800404c   0x0000002c   Code   RO         6745    i.OS_TaskBlock      os_core.o
    0x08004078   0x000000ec   Code   RO         7422    i.OS_TaskChangePrio  os_task.o
    0x08004164   0x00000030   Code   RO         7423    i.OS_TaskDbgListAdd  os_task.o
    0x08004194   0x00000044   Code   RO         7424    i.OS_TaskDbgListRemove  os_task.o
    0x080041d8   0x00000020   Code   RO         7425    i.OS_TaskInit       os_task.o
    0x080041f8   0x000000bc   Code   RO         7426    i.OS_TaskInitTCB    os_task.o
    0x080042b4   0x00000100   Code   RO         7428    i.OS_TaskResume     os_task.o
    0x080043b4   0x00000018   Code   RO         7429    i.OS_TaskReturn     os_task.o
    0x080043cc   0x000001c4   Code   RO         7430    i.OS_TaskSemPost    os_task.o
    0x08004590   0x00000118   Code   RO         7431    i.OS_TaskSuspend    os_task.o
    0x080046a8   0x00000086   Code   RO         7573    i.OS_TickListInsert  os_tick.o
    0x0800472e   0x00000002   PAD
    0x08004730   0x000000bc   Code   RO         7574    i.OS_TickListInsertDly  os_tick.o
    0x080047ec   0x00000058   Code   RO         7575    i.OS_TickListRemove  os_tick.o
    0x08004844   0x00000002   Code   RO         7576    i.OS_TickListResetPeak  os_tick.o
    0x08004846   0x00000002   PAD
    0x08004848   0x00000098   Code   RO         7577    i.OS_TickListUpdateDly  os_tick.o
    0x080048e0   0x00000114   Code   RO         7578    i.OS_TickListUpdateTimeout  os_tick.o
    0x080049f4   0x00000064   Code   RO         7579    i.OS_TickTask       os_tick.o
    0x08004a58   0x000000c8   Code   RO         7580    i.OS_TickTaskInit   os_tick.o
    0x08004b20   0x00000028   Code   RO         7674    i.OS_TmrDbgListAdd  os_tmr.o
    0x08004b48   0x00000134   Code   RO         7676    i.OS_TmrInit        os_tmr.o
    0x08004c7c   0x00000018   Code   RO         7677    i.OS_TmrLock        os_tmr.o
    0x08004c94   0x00000002   Code   RO         7678    i.OS_TmrResetPeak   os_tmr.o
    0x08004c96   0x00000002   PAD
    0x08004c98   0x00000094   Code   RO         7679    i.OS_TmrTask        os_tmr.o
    0x08004d2c   0x00000044   Code   RO         7680    i.OS_TmrUnlink      os_tmr.o
    0x08004d70   0x00000014   Code   RO         7681    i.OS_TmrUnlock      os_tmr.o
    0x08004d84   0x00000020   Code   RO         2960    i.RCC_AHB1PeriphClockCmd  stm32f4xx_rcc.o
    0x08004da4   0x00000020   Code   RO         2966    i.RCC_AHB3PeriphClockCmd  stm32f4xx_rcc.o
    0x08004dc4   0x00000020   Code   RO         2972    i.RCC_APB2PeriphClockCmd  stm32f4xx_rcc.o
    0x08004de4   0x000000e8   Code   RO         2981    i.RCC_GetClocksFreq  stm32f4xx_rcc.o
    0x08004ecc   0x000003a4   Code   RO         5593    i.SDRAM_GPIO_Config  bsp_sdram.o
    0x08005270   0x00000070   Code   RO         5594    i.SDRAM_Init        bsp_sdram.o
    0x080052e0   0x000000b0   Code   RO         5595    i.SDRAM_InitSequence  bsp_sdram.o
    0x08005390   0x00000024   Code   RO         5599    i.SDRAM_delay       bsp_sdram.o
    0x080053b4   0x00000018   Code   RO         4115    i.SPI_Cmd           stm32f4xx_spi.o
    0x080053cc   0x000000dc   Code   RO         5763    i.SPI_FLASH_Init    bsp_spi_flash.o
    0x080054a8   0x00000012   Code   RO         4123    i.SPI_I2S_GetFlagStatus  stm32f4xx_spi.o
    0x080054ba   0x00000006   Code   RO         4126    i.SPI_I2S_ReceiveData  stm32f4xx_spi.o
    0x080054c0   0x00000004   Code   RO         4127    i.SPI_I2S_SendData  stm32f4xx_spi.o
    0x080054c4   0x0000003c   Code   RO         4128    i.SPI_Init          stm32f4xx_spi.o
    0x08005500   0x00000200   Code   RO         5900    i.SPI_NETWORK_Init  bsp_enc28j60.o
    0x08005700   0x00000054   Code   RO         5902    i.SPI_NETWORK_SendByte  bsp_enc28j60.o
    0x08005754   0x00000002   Code   RO         5167    i.SVC_Handler       stm32f4xx_it.o
    0x08005756   0x00000002   PAD
    0x08005758   0x00000040   Code   RO         4280    i.SYSCFG_EXTILineConfig  stm32f4xx_syscfg.o
    0x08005798   0x00000120   Code   RO           13    i.SetSysClock       system_stm32f4xx.o
    0x080058b8   0x00000068   Code   RO           15    i.SystemInit        system_stm32f4xx.o
    0x08005920   0x00000018   Code   RO         4907    i.USART_Cmd         stm32f4xx_usart.o
    0x08005938   0x0000001a   Code   RO         4910    i.USART_GetFlagStatus  stm32f4xx_usart.o
    0x08005952   0x00000002   PAD
    0x08005954   0x000000d4   Code   RO         4914    i.USART_Init        stm32f4xx_usart.o
    0x08005a28   0x00000008   Code   RO         4924    i.USART_SendData    stm32f4xx_usart.o
    0x08005a30   0x00000098   Code   RO         5553    i.USARTx_Config     bsp_usart.o
    0x08005ac8   0x00000004   Code   RO         5169    i.UsageFault_Handler  stm32f4xx_it.o
    0x08005acc   0x00000020   Code   RO        11120    i.__0printf$3       mc_w.l(printf3.o)
    0x08005aec   0x0000000e   Code   RO        11332    i.__scatterload_copy  mc_w.l(handlers.o)
    0x08005afa   0x00000002   Code   RO        11333    i.__scatterload_null  mc_w.l(handlers.o)
    0x08005afc   0x0000000e   Code   RO        11334    i.__scatterload_zeroinit  mc_w.l(handlers.o)
    0x08005b0a   0x00000002   PAD
    0x08005b0c   0x000001b8   Code   RO        11127    i._printf_core      mc_w.l(printf3.o)
    0x08005cc4   0x00000020   Code   RO         9722    i.arp_timer         timers.o
    0x08005ce4   0x000000b4   Code   RO         8532    i.dhcp_arp_reply    dhcp.o
    0x08005d98   0x000001b8   Code   RO         8533    i.dhcp_bind         dhcp.o
    0x08005f50   0x00000046   Code   RO         8534    i.dhcp_check        dhcp.o
    0x08005f96   0x00000002   PAD
    0x08005f98   0x00000050   Code   RO         8536    i.dhcp_coarse_tmr   dhcp.o
    0x08005fe8   0x000002e8   Code   RO         8537    i.dhcp_create_msg   dhcp.o
    0x080062d0   0x00000094   Code   RO         8538    i.dhcp_decline      dhcp.o
    0x08006364   0x00000134   Code   RO         8539    i.dhcp_delete_msg   dhcp.o
    0x08006498   0x000000e4   Code   RO         8540    i.dhcp_discover     dhcp.o
    0x0800657c   0x00000048   Code   RO         8541    i.dhcp_fine_tmr     dhcp.o
    0x080065c4   0x00000078   Code   RO         8542    i.dhcp_handle_ack   dhcp.o
    0x0800663c   0x0000003c   Code   RO         8543    i.dhcp_handle_nak   dhcp.o
    0x08006678   0x00000040   Code   RO         8544    i.dhcp_handle_offer  dhcp.o
    0x080066b8   0x000000a0   Code   RO         8547    i.dhcp_option       dhcp.o
    0x08006758   0x000000c4   Code   RO         8548    i.dhcp_option_byte  dhcp.o
    0x0800681c   0x000000f8   Code   RO         8549    i.dhcp_option_long  dhcp.o
    0x08006914   0x0000009c   Code   RO         8550    i.dhcp_option_short  dhcp.o
    0x080069b0   0x00000178   Code   RO         8551    i.dhcp_option_trailer  dhcp.o
    0x08006b28   0x0000051e   Code   RO         8552    i.dhcp_parse_reply  dhcp.o
    0x08007046   0x00000002   PAD
    0x08007048   0x00000098   Code   RO         8553    i.dhcp_rebind       dhcp.o
    0x080070e0   0x000000b8   Code   RO         8554    i.dhcp_reboot       dhcp.o
    0x08007198   0x000001b4   Code   RO         8555    i.dhcp_recv         dhcp.o
    0x0800734c   0x000000b8   Code   RO         8556    i.dhcp_release      dhcp.o
    0x08007404   0x00000096   Code   RO         8557    i.dhcp_renew        dhcp.o
    0x0800749a   0x00000002   PAD
    0x0800749c   0x00000104   Code   RO         8558    i.dhcp_select       dhcp.o
    0x080075a0   0x00000010   Code   RO         8559    i.dhcp_set_state    dhcp.o
    0x080075b0   0x000001c8   Code   RO         8561    i.dhcp_start        dhcp.o
    0x08007778   0x000000f4   Code   RO         8562    i.dhcp_stop         dhcp.o
    0x0800786c   0x00000028   Code   RO         8563    i.dhcp_t1_timeout   dhcp.o
    0x08007894   0x00000028   Code   RO         8564    i.dhcp_t2_timeout   dhcp.o
    0x080078bc   0x000000c4   Code   RO         8565    i.dhcp_timeout      dhcp.o
    0x08007980   0x00000020   Code   RO         9723    i.dhcp_timer_coarse  timers.o
    0x080079a0   0x00000020   Code   RO         9724    i.dhcp_timer_fine   timers.o
    0x080079c0   0x000001d0   Code   RO         7866    i.etharp_arp_input  etharp.o
    0x08007b90   0x00000038   Code   RO         7867    i.etharp_cleanup_netif  etharp.o
    0x08007bc8   0x000002f8   Code   RO         7869    i.etharp_find_entry  etharp.o
    0x08007ec0   0x00000078   Code   RO         7870    i.etharp_free_entry  etharp.o
    0x08007f38   0x00000210   Code   RO         7871    i.etharp_output     etharp.o
    0x08008148   0x0000011c   Code   RO         7872    i.etharp_output_to_arp_index  etharp.o
    0x08008264   0x00000280   Code   RO         7873    i.etharp_query      etharp.o
    0x080084e4   0x000001a4   Code   RO         7874    i.etharp_raw        etharp.o
    0x08008688   0x00000030   Code   RO         7875    i.etharp_request    etharp.o
    0x080086b8   0x000000b8   Code   RO         7876    i.etharp_send_ip    etharp.o
    0x08008770   0x00000094   Code   RO         7877    i.etharp_tmr        etharp.o
    0x08008804   0x00000160   Code   RO         7878    i.etharp_update_arp_entry  etharp.o
    0x08008964   0x0000014c   Code   RO         7879    i.ethernet_input    etharp.o
    0x08008ab0   0x000000ac   Code   RO         8039    i.ethernetif_init   ethernetif.o
    0x08008b5c   0x00000030   Code   RO         8040    i.ethernetif_input  ethernetif.o
    0x08008b8c   0x00000024   Code   RO         5555    i.fputc             bsp_usart.o
    0x08008bb0   0x00000012   Code   RO         8120    i.icmp_dest_unreach  icmp.o
    0x08008bc2   0x00000002   PAD
    0x08008bc4   0x0000035c   Code   RO         8121    i.icmp_input        icmp.o
    0x08008f20   0x00000128   Code   RO         8122    i.icmp_send_response  icmp.o
    0x08009048   0x00000012   Code   RO         8123    i.icmp_time_exceeded  icmp.o
    0x0800905a   0x00000014   Code   RO         8221    i.inet_chksum       inet_chksum.o
    0x0800906e   0x00000056   Code   RO         8222    i.inet_chksum_pbuf  inet_chksum.o
    0x080090c4   0x000000aa   Code   RO         8223    i.inet_chksum_pseudo  inet_chksum.o
    0x0800916e   0x0000004e   Code   RO         8338    i.ip4_addr_isbroadcast  ip_addr.o
    0x080091bc   0x00000244   Code   RO         8409    i.ip_frag           ip_frag.o
    0x08009400   0x0000000a   Code   RO         8410    i.ip_frag_alloc_pbuf_custom_ref  ip_frag.o
    0x0800940a   0x00000002   PAD
    0x0800940c   0x00000094   Code   RO         8411    i.ip_frag_free_pbuf_custom_ref  ip_frag.o
    0x080094a0   0x00000210   Code   RO         8271    i.ip_input          ip.o
    0x080096b0   0x000000bc   Code   RO         8272    i.ip_output         ip.o
    0x0800976c   0x000001dc   Code   RO         8273    i.ip_output_if      ip.o
    0x08009948   0x000001a4   Code   RO         8412    i.ip_reass          ip_frag.o
    0x08009aec   0x00000318   Code   RO         8413    i.ip_reass_chain_frag_into_datagram_and_validate  ip_frag.o
    0x08009e04   0x000000c0   Code   RO         8414    i.ip_reass_dequeue_datagram  ip_frag.o
    0x08009ec4   0x00000058   Code   RO         8415    i.ip_reass_enqueue_new_datagram  ip_frag.o
    0x08009f1c   0x000001d4   Code   RO         8416    i.ip_reass_free_complete_datagram  ip_frag.o
    0x0800a0f0   0x0000007c   Code   RO         8417    i.ip_reass_remove_oldest_datagram  ip_frag.o
    0x0800a16c   0x00000020   Code   RO         9725    i.ip_reass_timer    timers.o
    0x0800a18c   0x0000003c   Code   RO         8418    i.ip_reass_tmr      ip_frag.o
    0x0800a1c8   0x00000058   Code   RO         8274    i.ip_route          ip.o
    0x0800a220   0x000000c4   Code   RO         8419    i.ipfrag_free_pbuf_custom  ip_frag.o
    0x0800a2e4   0x0000004c   Code   RO         8041    i.low_level_init    ethernetif.o
    0x0800a330   0x00000088   Code   RO         8042    i.low_level_input   ethernetif.o
    0x0800a3b8   0x0000006c   Code   RO         8043    i.low_level_output  ethernetif.o
    0x0800a424   0x0000006c   Code   RO        10820    i.lwip_comm_default_ip_set  lwip_comm.o
    0x0800a490   0x00000070   Code   RO        10821    i.lwip_comm_dhcp_creat  lwip_comm.o
    0x0800a500   0x0000001c   Code   RO        10822    i.lwip_comm_dhcp_delete  lwip_comm.o
    0x0800a51c   0x00000070   Code   RO        10823    i.lwip_comm_init    lwip_comm.o
    0x0800a58c   0x0000003c   Code   RO        10824    i.lwip_comm_mem_free  lwip_comm.o
    0x0800a5c8   0x000000e8   Code   RO        10825    i.lwip_comm_mem_malloc  lwip_comm.o
    0x0800a6b0   0x00000368   Code   RO        10826    i.lwip_dhcp_task    lwip_comm.o
    0x0800aa18   0x0000001a   Code   RO         8490    i.lwip_htonl        def.o
    0x0800aa32   0x0000000c   Code   RO         8491    i.lwip_htons        def.o
    0x0800aa3e   0x00000024   Code   RO         8757    i.lwip_init         init.o
    0x0800aa62   0x0000000c   Code   RO         8492    i.lwip_ntohl        def.o
    0x0800aa6e   0x0000000c   Code   RO         8493    i.lwip_ntohs        def.o
    0x0800aa7a   0x00000002   PAD
    0x0800aa7c   0x00000010   Code   RO        10827    i.lwip_pkt_handle   lwip_comm.o
    0x0800aa8c   0x00000002   Code   RO        10402    i.lwip_socket_init  sockets.o
    0x0800aa8e   0x0000005e   Code   RO         8225    i.lwip_standard_chksum  inet_chksum.o
    0x0800aaec   0x00000060   Code   RO         5239    i.main              app.o
    0x0800ab4c   0x00000170   Code   RO         8809    i.mem_free          mem.o
    0x0800acbc   0x000000fc   Code   RO         8810    i.mem_init          mem.o
    0x0800adb8   0x00000290   Code   RO         8811    i.mem_malloc        mem.o
    0x0800b048   0x000001f4   Code   RO         8812    i.mem_trim          mem.o
    0x0800b23c   0x000000c8   Code   RO         8865    i.memp_free         memp.o
    0x0800b304   0x00000008   Code   RO         8866    i.memp_get_memorysize  memp.o
    0x0800b30c   0x00000068   Code   RO         8867    i.memp_init         memp.o
    0x0800b374   0x00000108   Code   RO         8868    i.memp_malloc       memp.o
    0x0800b47c   0x00000014   Code   RO         5240    i.my_callback       app.o
    0x0800b490   0x0000006c   Code   RO         5654    i.my_mem_free       malloc.o
    0x0800b4fc   0x00000044   Code   RO         5655    i.my_mem_init       malloc.o
    0x0800b540   0x000000b8   Code   RO         5656    i.my_mem_malloc     malloc.o
    0x0800b5f8   0x00000040   Code   RO         5657    i.my_mem_perused    malloc.o
    0x0800b638   0x00000024   Code   RO         5658    i.myfree            malloc.o
    0x0800b65c   0x00000028   Code   RO         5659    i.mymalloc          malloc.o
    0x0800b684   0x00000014   Code   RO         5661    i.mymemset          malloc.o
    0x0800b698   0x00000110   Code   RO         8931    i.netif_add         netif.o
    0x0800b7a8   0x00000002   Code   RO         8933    i.netif_init        netif.o
    0x0800b7aa   0x00000028   Code   RO         8935    i.netif_set_addr    netif.o
    0x0800b7d2   0x00000002   PAD
    0x0800b7d4   0x00000010   Code   RO         8936    i.netif_set_default  netif.o
    0x0800b7e4   0x0000002a   Code   RO         8937    i.netif_set_down    netif.o
    0x0800b80e   0x00000010   Code   RO         8938    i.netif_set_gw      netif.o
    0x0800b81e   0x00000002   PAD
    0x0800b820   0x00000084   Code   RO         8939    i.netif_set_ipaddr  netif.o
    0x0800b8a4   0x00000010   Code   RO         8942    i.netif_set_netmask  netif.o
    0x0800b8b4   0x00000036   Code   RO         8943    i.netif_set_up      netif.o
    0x0800b8ea   0x00000002   PAD
    0x0800b8ec   0x0000042c   Code   RO         9037    i.pbuf_alloc        pbuf.o
    0x0800bd18   0x00000110   Code   RO         9038    i.pbuf_alloced_custom  pbuf.o
    0x0800be28   0x00000150   Code   RO         9039    i.pbuf_cat          pbuf.o
    0x0800bf78   0x0000001a   Code   RO         9040    i.pbuf_chain        pbuf.o
    0x0800bf92   0x00000012   Code   RO         9041    i.pbuf_clen         pbuf.o
    0x0800bfa4   0x00000240   Code   RO         9043    i.pbuf_copy         pbuf.o
    0x0800c1e4   0x00000154   Code   RO         9044    i.pbuf_copy_partial  pbuf.o
    0x0800c338   0x000001cc   Code   RO         9046    i.pbuf_free         pbuf.o
    0x0800c504   0x00000040   Code   RO         9047    i.pbuf_free_ooseq   pbuf.o
    0x0800c544   0x0000000a   Code   RO         9048    i.pbuf_free_ooseq_callback  pbuf.o
    0x0800c54e   0x00000002   PAD
    0x0800c550   0x0000015c   Code   RO         9050    i.pbuf_header       pbuf.o
    0x0800c6ac   0x00000048   Code   RO         9053    i.pbuf_pool_is_empty  pbuf.o
    0x0800c6f4   0x000001d0   Code   RO         9054    i.pbuf_realloc      pbuf.o
    0x0800c8c4   0x0000001a   Code   RO         9055    i.pbuf_ref          pbuf.o
    0x0800c8de   0x00000002   PAD
    0x0800c8e0   0x000001bc   Code   RO         8813    i.plug_holes        mem.o
    0x0800ca9c   0x00000074   Code   RO         9192    i.raw_input         raw.o
    0x0800cb10   0x000000bc   Code   RO         5903    i.spi1_init         bsp_enc28j60.o
    0x0800cbcc   0x00000040   Code   RO        10674    i.sys_arch_mbox_fetch  sys_arch.o
    0x0800cc0c   0x00000016   Code   RO        10676    i.sys_arch_protect  sys_arch.o
    0x0800cc22   0x00000034   Code   RO        10677    i.sys_arch_sem_wait  sys_arch.o
    0x0800cc56   0x00000016   Code   RO        10678    i.sys_arch_unprotect  sys_arch.o
    0x0800cc6c   0x00000002   Code   RO        10679    i.sys_init          sys_arch.o
    0x0800cc6e   0x00000002   PAD
    0x0800cc70   0x000000a0   Code   RO        10681    i.sys_mbox_new      sys_arch.o
    0x0800cd10   0x000000c0   Code   RO        10682    i.sys_mbox_post     sys_arch.o
    0x0800cdd0   0x00000030   Code   RO        10684    i.sys_mbox_trypost  sys_arch.o
    0x0800ce00   0x00000024   Code   RO        10685    i.sys_mbox_valid    sys_arch.o
    0x0800ce24   0x000000a4   Code   RO        10688    i.sys_sem_new       sys_arch.o
    0x0800cec8   0x00000084   Code   RO        10690    i.sys_sem_signal    sys_arch.o
    0x0800cf4c   0x0000008c   Code   RO        10692    i.sys_thread_new    sys_arch.o
    0x0800cfd8   0x00000150   Code   RO         9726    i.sys_timeout       timers.o
    0x0800d128   0x00000044   Code   RO         9727    i.sys_timeouts_init  timers.o
    0x0800d16c   0x00000088   Code   RO         9728    i.sys_timeouts_mbox_fetch  timers.o
    0x0800d1f4   0x00000060   Code   RO         9729    i.sys_untimeout     timers.o
    0x0800d254   0x00000148   Code   RO         9300    i.tcp_abandon       tcp.o
    0x0800d39c   0x0000000e   Code   RO         9301    i.tcp_abort         tcp.o
    0x0800d3aa   0x00000002   PAD
    0x0800d3ac   0x000000c4   Code   RO         9304    i.tcp_alloc         tcp.o
    0x0800d470   0x0000001c   Code   RO         9307    i.tcp_close         tcp.o
    0x0800d48c   0x00000254   Code   RO         9308    i.tcp_close_shutdown  tcp.o
    0x0800d6e0   0x000000b8   Code   RO         9612    i.tcp_create_segment  tcp_out.o
    0x0800d798   0x0000002e   Code   RO         9311    i.tcp_eff_send_mss  tcp.o
    0x0800d7c6   0x00000002   PAD
    0x0800d7c8   0x000002ac   Code   RO         9613    i.tcp_enqueue_flags  tcp_out.o
    0x0800da74   0x00000080   Code   RO         9313    i.tcp_fasttmr       tcp.o
    0x0800daf4   0x00000002   Code   RO         9314    i.tcp_init          tcp.o
    0x0800daf6   0x00000002   PAD
    0x0800daf8   0x000006dc   Code   RO         9547    i.tcp_input         tcp_in.o
    0x0800e1d4   0x00000066   Code   RO         9614    i.tcp_keepalive     tcp_out.o
    0x0800e23a   0x00000002   PAD
    0x0800e23c   0x00000058   Code   RO         9315    i.tcp_kill_prio     tcp.o
    0x0800e294   0x00000040   Code   RO         9316    i.tcp_kill_timewait  tcp.o
    0x0800e2d4   0x0000013c   Code   RO         9548    i.tcp_listen_input  tcp_in.o
    0x0800e410   0x0000001c   Code   RO         9320    i.tcp_next_iss      tcp.o
    0x0800e42c   0x00000090   Code   RO         9549    i.tcp_oos_insert_segment  tcp_in.o
    0x0800e4bc   0x0000028c   Code   RO         9615    i.tcp_output        tcp_out.o
    0x0800e748   0x00000120   Code   RO         9616    i.tcp_output_alloc_header  tcp_out.o
    0x0800e868   0x000000ec   Code   RO         9617    i.tcp_output_segment  tcp_out.o
    0x0800e954   0x000000d0   Code   RO         9550    i.tcp_parseopt      tcp_in.o
    0x0800ea24   0x0000006a   Code   RO         9321    i.tcp_pcb_purge     tcp.o
    0x0800ea8e   0x00000002   PAD
    0x0800ea90   0x0000017c   Code   RO         9322    i.tcp_pcb_remove    tcp.o
    0x0800ec0c   0x0000069c   Code   RO         9551    i.tcp_process       tcp_in.o
    0x0800f2a8   0x00000098   Code   RO         9324    i.tcp_process_refused_data  tcp.o
    0x0800f340   0x00000ddc   Code   RO         9552    i.tcp_receive       tcp_in.o
    0x0801011c   0x0000002e   Code   RO         9326    i.tcp_recv_null     tcp.o
    0x0801014a   0x00000002   PAD
    0x0801014c   0x00000124   Code   RO         9327    i.tcp_recved        tcp.o
    0x08010270   0x0000005a   Code   RO         9619    i.tcp_rexmit        tcp_out.o
    0x080102ca   0x00000078   Code   RO         9620    i.tcp_rexmit_fast   tcp_out.o
    0x08010342   0x0000003a   Code   RO         9621    i.tcp_rexmit_rto    tcp_out.o
    0x0801037c   0x0000013c   Code   RO         9622    i.tcp_rst           tcp_out.o
    0x080104b8   0x00000026   Code   RO         9328    i.tcp_seg_copy      tcp.o
    0x080104de   0x0000001a   Code   RO         9329    i.tcp_seg_free      tcp.o
    0x080104f8   0x00000018   Code   RO         9330    i.tcp_segs_free     tcp.o
    0x08010510   0x00000068   Code   RO         9623    i.tcp_send_empty_ack  tcp_out.o
    0x08010578   0x0000004a   Code   RO         9624    i.tcp_send_fin      tcp_out.o
    0x080105c2   0x00000002   PAD
    0x080105c4   0x00000624   Code   RO         9334    i.tcp_slowtmr       tcp.o
    0x08010be8   0x00000038   Code   RO         9730    i.tcp_timer_needed  timers.o
    0x08010c20   0x000000ac   Code   RO         9553    i.tcp_timewait_input  tcp_in.o
    0x08010ccc   0x00000024   Code   RO         9335    i.tcp_tmr           tcp.o
    0x08010cf0   0x000000dc   Code   RO         9336    i.tcp_update_rcv_ann_wnd  tcp.o
    0x08010dcc   0x000000c6   Code   RO         9627    i.tcp_zero_window_probe  tcp_out.o
    0x08010e92   0x00000002   PAD
    0x08010e94   0x00000060   Code   RO        10572    i.tcpip_callback_with_block  tcpip.o
    0x08010ef4   0x000000e4   Code   RO        10575    i.tcpip_init        tcpip.o
    0x08010fd8   0x00000038   Code   RO         9731    i.tcpip_tcp_timer   timers.o
    0x08011010   0x0000016c   Code   RO        10577    i.tcpip_thread      tcpip.o
    0x0801117c   0x00000114   Code   RO         9824    i.udp_bind          udp.o
    0x08011290   0x00000068   Code   RO         9825    i.udp_connect       udp.o
    0x080112f8   0x00000002   Code   RO         9827    i.udp_init          udp.o
    0x080112fa   0x00000002   PAD
    0x080112fc   0x000002b4   Code   RO         9828    i.udp_input         udp.o
    0x080115b0   0x0000001c   Code   RO         9829    i.udp_new           udp.o
    0x080115cc   0x00000058   Code   RO         9830    i.udp_new_port      udp.o
    0x08011624   0x00000006   Code   RO         9831    i.udp_recv          udp.o
    0x0801162a   0x00000002   PAD
    0x0801162c   0x00000040   Code   RO         9832    i.udp_remove        udp.o
    0x0801166c   0x000001b8   Code   RO         9835    i.udp_sendto_if     udp.o
    0x08011824   0x0000000e   Data   RO         5242    .constdata          app.o
    0x08011832   0x00000002   PAD
    0x08011834   0x00000018   Data   RO         5666    .constdata          malloc.o
    0x0801184c   0x00000038   Data   RO         5905    .constdata          bsp_enc28j60.o
    0x08011884   0x00000094   Data   RO         6690    .constdata          os_cfg_app.o
    0x08011918   0x0000016c   Data   RO         6928    .constdata          os_dbg.o
    0x08011a84   0x0000000c   Data   RO         7881    .constdata          etharp.o
    0x08011a90   0x00000008   Data   RO         8345    .constdata          ip_addr.o
    0x08011a98   0x00000038   Data   RO         8870    .constdata          memp.o
    0x08011ad0   0x00000050   Data   RO         9337    .constdata          tcp.o
    0x08011b20   0x00000004   Data   RO        10694    .constdata          sys_arch.o
    0x08011b24   0x00000015   Data   RO        10829    .constdata          lwip_comm.o
    0x08011b39   0x00000003   PAD
    0x08011b3c   0x00000044   Data   RO         7882    .conststring        etharp.o
    0x08011b80   0x0000008c   Data   RO         8567    .conststring        dhcp.o
    0x08011c0c   0x000000a0   Data   RO         8871    .conststring        memp.o
    0x08011cac   0x0000006d   Data   RO         9338    .conststring        tcp.o
    0x08011d19   0x00000003   PAD
    0x08011d1c   0x00000055   Data   RO         9628    .conststring        tcp_out.o
    0x08011d71   0x00000003   PAD
    0x08011d74   0x00000020   Data   RO        11330    Region$$Table       anon$$obj.o


    Execution Region RW_IRAM1 (Base: 0x20000000, Size: 0x00004220, Max: 0x00030000, ABSOLUTE, COMPRESSED[0x00000060])

    Base Addr    Size         Type   Attr      Idx    E Section Name        Object

    0x20000000   0x00000010   Data   RW         3013    .data               stm32f4xx_rcc.o
    0x20000010   0x00000002   Data   RW         5243    .data               app.o
    0x20000012   0x00000002   PAD
    0x20000014   0x00000020   Data   RW         5667    .data               malloc.o
    0x20000034   0x00000004   Data   RW         6046    .data               cpu_core.o
    0x20000038   0x00000004   Data   RW         6382    .data               lib_mem.o
    0x2000003c   0x00000008   Data   RW         7198    .data               os_prio.o
    0x20000044   0x000000c4   Data   RW         7762    .data               os_var.o
    0x20000108   0x00000004   Data   RW         7789    .data               os_cpu_c.o
    0x2000010c   0x00000001   Data   RW         7883    .data               etharp.o
    0x2000010d   0x00000003   PAD
    0x20000110   0x00000012   Data   RW         8275    .data               ip.o
    0x20000122   0x00000002   PAD
    0x20000124   0x00000006   Data   RW         8420    .data               ip_frag.o
    0x2000012a   0x00000002   PAD
    0x2000012c   0x00000004   Data   RW         8568    .data               dhcp.o
    0x20000130   0x00000010   Data   RW         8815    .data               mem.o
    0x20000140   0x0000003c   Data   RW         8872    .data               memp.o
    0x2000017c   0x00000009   Data   RW         8944    .data               netif.o
    0x20000185   0x00000001   Data   RW         9058    .data               pbuf.o
    0x20000186   0x00000002   PAD
    0x20000188   0x00000004   Data   RW         9198    .data               raw.o
    0x2000018c   0x00000024   Data   RW         9339    .data               tcp.o
    0x200001b0   0x00000020   Data   RW         9555    .data               tcp_in.o
    0x200001d0   0x00000008   Data   RW         9732    .data               timers.o
    0x200001d8   0x00000008   Data   RW         9836    .data               udp.o
    0x200001e0   0x00000008   Data   RW        10582    .data               tcpip.o
    0x200001e8   0x0000001c   Data   RW        10830    .data               lwip_comm.o
    0x20000204   0x00000004   Data   RW        11306    .data               mc_w.l(stdout.o)
    0x20000208   0x000008a0   Zero   RW         5241    .bss                app.o
    0x20000aa8   0x00000018   PAD
    0x20000ac0   0x00000400   Zero   RW         5665    .bss                malloc.o
    0x20000ec0   0x00000010   Zero   RW         5904    .bss                bsp_enc28j60.o
    0x20000ed0   0x00000010   Zero   RW         6044    .bss                cpu_core.o
    0x20000ee0   0x00000c14   Zero   RW         6381    .bss                lib_mem.o
    0x20001af4   0x00000d80   Zero   RW         6689    .bss                os_cfg_app.o
    0x20002874   0x0000063c   Zero   RW         7761    .bss                os_var.o
    0x20002eb0   0x000000c8   Zero   RW         7880    .bss                etharp.o
    0x20002f78   0x00000032   Zero   RW         8566    .bss                dhcp.o
    0x20002faa   0x00000002   PAD
    0x20002fac   0x00000028   Zero   RW         8814    .bss                mem.o
    0x20002fd4   0x00000038   Zero   RW         8869    .bss                memp.o
    0x2000300c   0x00000014   Zero   RW         9554    .bss                tcp_in.o
    0x20003020   0x00000030   Zero   RW        10581    .bss                tcpip.o
    0x20003050   0x000000c0   Zero   RW        10693    .bss                sys_arch.o
    0x20003110   0x0000010c   Zero   RW        10828    .bss                lwip_comm.o
    0x2000321c   0x00000004   PAD
    0x20003220   0x00001000   Zero   RW            1    STACK               startup_stm32f429_439xx.o



  Load Region LR$$.ARM.__AT_0xD0000000 (Base: 0xd0000000, Size: 0x00000000, Max: 0x005a0000, ABSOLUTE)

    Execution Region ER$$.ARM.__AT_0xD0000000 (Base: 0xd0000000, Size: 0x005a0000, Max: 0x005a0000, ABSOLUTE, UNINIT)

    Base Addr    Size         Type   Attr      Idx    E Section Name        Object

    0xd0000000   0x005a0000   Zero   RW         5663    .ARM.__AT_0xD0000000  malloc.o



  Load Region LR$$.ARM.__AT_0xD05A0000 (Base: 0xd05a0000, Size: 0x00000000, Max: 0x0005a000, ABSOLUTE)

    Execution Region ER$$.ARM.__AT_0xD05A0000 (Base: 0xd05a0000, Size: 0x0005a000, Max: 0x0005a000, ABSOLUTE, UNINIT)

    Base Addr    Size         Type   Attr      Idx    E Section Name        Object

    0xd05a0000   0x0005a000   Zero   RW         5664    .ARM.__AT_0xD05A0000  malloc.o


==============================================================================

Image component sizes


      Code (inc. data)   RO Data    RW Data    ZI Data      Debug   Object Name

       768        286         14          2       2208      32708   app.o
       102         14          0          0          0       2077   bsp.o
      2058        342         56          0         16      17958   bsp_enc28j60.o
       112         10          0          0          0        602   bsp_led.o
      1256         28          0          0          0       3277   bsp_sdram.o
       220         10          0          0          0        745   bsp_spi_flash.o
       188         12          0          0          0       2512   bsp_usart.o
        52          0          0          0          0        336   cpu_a.o
         0          0          0          0          0       7780   cpu_c.o
       104         18          0          4         16       4988   cpu_core.o
        62          0          0          0          0       2276   def.o
      7318       2176        140          4         50      23636   dhcp.o
      4336       1394         80          1        200      28250   etharp.o
       540        186          0          0          0       6476   ethernetif.o
      1192        472          0          0          0       9185   icmp.o
         0          0          0          0          0       3856   inet.o
       370          0          0          0          0       3730   inet_chksum.o
        36          0          0          0          0       4540   init.o
      1280        290          0         18          0      17474   ip.o
        78          0          8          0          0       7010   ip_addr.o
      3078       1000          0          6          0      11552   ip_frag.o
       284         26          0          4       3092      15161   lib_mem.o
      1540        642         21         28        268      20071   lwip_comm.o
       520         60         24         32    6267904       6589   malloc.o
      2220        974          0         16         40       5577   mem.o
       576        302        216         60         56       4238   memp.o
       140         24          0          0          0       1771   misc.o
       590        136          0          9          0       8431   netif.o
         0          0          0          0          0      38259   os_app_hooks.o
         2          0        148          0       3456      19239   os_cfg_app.o
      2538        352          0          0          0      19206   os_core.o
       268         14          0          0          0        424   os_cpu_a.o
      1168        168          0          4          0      26771   os_cpu_c.o
       424        278        364          0          0       4753   os_dbg.o
        24         10          0          0          0        882   os_flag.o
        24         10          0          0          0        889   os_mem.o
       570         32          0          0          0       4190   os_msg.o
      1220         56          0          0          0       7131   os_mutex.o
       136         16          0          8          0       2922   os_prio.o
       974         46          0          0          0       5495   os_q.o
       986         44          0          0          0       5499   os_sem.o
      1484        190          0          0          0       3943   os_stat.o
      3206        164          0          0          0      13669   os_task.o
      1140         88          0          0          0       6382   os_tick.o
       232         26          0          0          0       1649   os_time.o
      1006        172          0          0          0       6541   os_tmr.o
         0          0          0        196       1596      17860   os_var.o
      4080       1712          0          1          0      12589   pbuf.o
       116         14          0          4          0       1600   raw.o
         2          0          0          0          0        515   sockets.o
        76         16        428          0       4096       1004   startup_stm32f429_439xx.o
       184         16          0          0          0       2380   stm32f4xx_exti.o
       452         20          0          0          0       3843   stm32f4xx_fmc.o
       222          0          0          0          0       3231   stm32f4xx_gpio.o
        22          0          0          0          0       3319   stm32f4xx_it.o
       328         36          0         16          0       5015   stm32f4xx_rcc.o
       112          0          0          0          0       3898   stm32f4xx_spi.o
        64          4          0          0          0        720   stm32f4xx_syscfg.o
       270          8          0          0          0       3600   stm32f4xx_usart.o
      1034        434          4          0        192       9386   sys_arch.o
       392         32          0          0          0     301197   system_stm32f4xx.o
      4410       1298        189         36          0      26260   tcp.o
      7836       1316          0         32         20      18535   tcp_in.o
      3106        712         85          0          0      11691   tcp_out.o
       688        302          0          8         48       8337   tcpip.o
       876        246          0          8          0       7323   timers.o
      1700        402          0          8          0      16796   udp.o

    ----------------------------------------------------------------------
     70468      16636       1820        516    6283288     879749   Object Totals
         0          0         32          0          0          0   (incl. Generated)
        76          0         11         11         30          0   (incl. Padding)

    ----------------------------------------------------------------------

      Code (inc. data)   RO Data    RW Data    ZI Data      Debug   Library Member Name

        86          0          0          0          0          0   __dczerorl2.o
         0          0          0          0          0          0   entry.o
         0          0          0          0          0          0   entry10a.o
         0          0          0          0          0          0   entry11a.o
         8          4          0          0          0          0   entry2.o
         4          0          0          0          0          0   entry5.o
         0          0          0          0          0          0   entry7b.o
         0          0          0          0          0          0   entry8b.o
         8          4          0          0          0          0   entry9a.o
        30          0          0          0          0          0   handlers.o
        36          8          0          0          0         68   init.o
        26          0          0          0          0         80   memcmp.o
        36          0          0          0          0         68   memcpya.o
        36          0          0          0          0        108   memseta.o
       472         14          0          0          0        184   printf3.o
         0          0          0          4          0          0   stdout.o
        28          0          0          0          0         76   strcmp.o
        44          0          0          0          0         80   uidiv.o

    ----------------------------------------------------------------------
       820         30          0          4          0        664   Library Totals
         6          0          0          0          0          0   (incl. Padding)

    ----------------------------------------------------------------------

      Code (inc. data)   RO Data    RW Data    ZI Data      Debug   Library Name

       814         30          0          4          0        664   mc_w.l

    ----------------------------------------------------------------------
       820         30          0          4          0        664   Library Totals

    ----------------------------------------------------------------------

==============================================================================


      Code (inc. data)   RO Data    RW Data    ZI Data      Debug   

     71288      16666       1820        520    6283288     841537   Grand Totals
     71288      16666       1820         96    6283288     841537   ELF Image Totals (compressed)
     71288      16666       1820         96          0          0   ROM Totals

==============================================================================

    Total RO  Size (Code + RO Data)                73108 (  71.39kB)
    Total RW  Size (RW Data + ZI Data)           6283808 (6136.53kB)
    Total ROM Size (Code + RO Data + RW Data)      73204 (  71.49kB)

==============================================================================

